--------- beginning of main
09-21 15:19:59.466  4959  4959 I blocktower.game: Late-enabling -Xcheck:jni
09-21 15:19:59.481  4959  4959 I blocktower.game: Using generational CollectorTypeCC GC.
09-21 15:19:59.487  4959  4959 D nativeloader: Load libframework-connectivity-tiramisu-jni.so using APEX ns com_android_tethering for caller /apex/com.android.tethering/javalib/framework-connectivity-t.jar: ok
09-21 15:19:59.489  4959  4959 D ActivityThread: setConscryptValidator
09-21 15:19:59.489  4959  4959 D ActivityThread: setConscryptValidator - put
09-21 15:19:59.502  4959  4959 D CompatibilityChangeReporter: Compat change id reported: 171979766; UID 10374; state: ENABLED
09-21 15:19:59.558  4959  4959 D nativeloader: Configuring clns-4 for other apk /data/app/~~3645bVePEGnBmE8KzXXfLw==/com.blocktower.game-XHMoKKzVAj-jbuO53E0uGQ==/base.apk. target_sdk_version=36, uses_libraries=, library_path=/data/app/~~3645bVePEGnBmE8KzXXfLw==/com.blocktower.game-XHMoKKzVAj-jbuO53E0uGQ==/lib/arm64:/data/app/~~3645bVePEGnBmE8KzXXfLw==/com.blocktower.game-XHMoKKzVAj-jbuO53E0uGQ==/base.apk!/lib/arm64-v8a, permitted_path=/data:/mnt/expand:/data/user/0/com.blocktower.game
09-21 15:19:59.573  4959  4959 D nativeloader: Load libframework-connectivity-jni.so using APEX ns com_android_tethering for caller /apex/com.android.tethering/javalib/framework-connectivity.jar: ok
09-21 15:19:59.577  4959  4959 V GraphicsEnvironment: ANGLE Developer option for 'com.blocktower.game' set to: 'default'
09-21 15:19:59.577  4959  4959 V GraphicsEnvironment: ANGLE GameManagerService for com.blocktower.game: false
09-21 15:19:59.577  4959  4959 V GraphicsEnvironment: App is not on the allowlist for updatable production driver.
09-21 15:19:59.580  4959  4959 D NetworkSecurityConfig: No Network Security Config specified, using platform default
09-21 15:19:59.612  4959  4959 D NetworkSecurityConfig: No Network Security Config specified, using platform default
09-21 15:19:59.624  4959  5033 D OpenGLRenderer: RenderThread::requireGlContext()
09-21 15:19:59.625  4959  5033 I AdrenoGLES-0: QUALCOMM build                   : db7e7066a2, I1fad33e957
09-21 15:19:59.625  4959  5033 I AdrenoGLES-0: Build Date                       : 05/11/25
09-21 15:19:59.625  4959  5033 I AdrenoGLES-0: OpenGL ES Shader Compiler Version: EV031.32.02.10
09-21 15:19:59.625  4959  5033 I AdrenoGLES-0: Local Branch                     : 
09-21 15:19:59.625  4959  5033 I AdrenoGLES-0: Remote Branch                    : refs/tags/AU_LINUX_ANDROID_LA.UM.9.12.11.00.00.582.697
09-21 15:19:59.625  4959  5033 I AdrenoGLES-0: Remote Branch                    : NONE
09-21 15:19:59.625  4959  5033 I AdrenoGLES-0: Reconstruct Branch               : NOTHING
09-21 15:19:59.625  4959  5033 I AdrenoGLES-0: Build Config                     : S P 10.0.7 AArch64
09-21 15:19:59.625  4959  5033 I AdrenoGLES-0: Driver Path                      : /vendor/lib64/egl/libGLESv2_adreno.so
09-21 15:19:59.634  4959  5033 I AdrenoGLES-0: PFP: 0x016dd093, ME: 0x00000000
09-21 15:19:59.641  4959  5033 D OpenGLRenderer: RenderThread::setGrContext()
09-21 15:19:59.664  4959  4959 I DecorView: [INFO] isPopOver=false config=true
09-21 15:19:59.664  4959  4959 I DecorView: updateCaptionType: isFloating=false isApplication=true hasWindowDecorCaption=false this=DecorView@eb40102[]
09-21 15:19:59.664  4959  4959 D DecorView: setCaptionType = 0, this = DecorView@eb40102[]
09-21 15:19:59.666  4959  4959 I DecorView: getCurrentDensityDpi: from real metrics. densityDpi=450 msg=resources_loaded
09-21 15:19:59.667  4959  4959 I DecorView: setWindowBackground: isPopOver=false color=ff171717 d=android.graphics.drawable.GradientDrawable@b8fb450
09-21 15:19:59.670  4959  4959 D PhoneWindow: forceLight changed to false [] from com.android.internal.policy.PhoneWindow.updateForceLightNavigationBar:4314 com.android.internal.policy.PhoneWindow.setNavigationBarColor:4033 androidx.activity.EdgeToEdgeApi29.setUp:290 androidx.activity.EdgeToEdge.enable:89 androidx.activity.EdgeToEdge.enable$default:71 
09-21 15:19:59.672  4959  4959 D GodotActivity: Project command line parameters: [--xr_mode_regular, --xr-mode, off, --fullscreen, --background_color, #000000]
09-21 15:19:59.672  4959  4959 D GodotActivity: Launch intent Intent { act=android.intent.action.MAIN cat=[android.intent.category.LAUNCHER] flg=0x10000000 pkg=com.blocktower.game cmp=com.blocktower.game/com.godot.game.GodotAppLauncher } with parameters []
09-21 15:19:59.682  4959  4959 V GodotActivity: Creating new Godot fragment instance.
09-21 15:19:59.707  4959  4959 V Godot   : Initializing Godot plugin registry
09-21 15:19:59.714  4959  4959 I GodotPluginRegistry: Registering runtime plugin AndroidRuntime
09-21 15:19:59.714  4959  4959 V Godot   : InitEngine with params: [--xr_mode_regular, --xr-mode, off, --fullscreen, --background_color, #000000]
09-21 15:19:59.717  4959  4959 I DecorView: setWindowBackground: isPopOver=false color=ff000000 d=android.graphics.drawable.ColorDrawable@c0e63b9
09-21 15:19:59.723  4959  4959 D nativeloader: Load /data/app/~~3645bVePEGnBmE8KzXXfLw==/com.blocktower.game-XHMoKKzVAj-jbuO53E0uGQ==/lib/arm64/libgodot_android.so using class loader ns clns-4 (caller=/data/app/~~3645bVePEGnBmE8KzXXfLw==/com.blocktower.game-XHMoKKzVAj-jbuO53E0uGQ==/base.apk!classes7.dex): ok
09-21 15:19:59.724  4959  4959 V Godot   : Godot native layer initialization completed: true
09-21 15:19:59.724  4959  4959 V Godot   : Setting up native layer with params: [--xr-mode, off, --fullscreen]
09-21 15:19:59.750  4959  4959 V Godot   : Godot native layer setup completed
09-21 15:19:59.751  4959  4959 V Godot   : OnInitRenderView: GodotFragment{e9903fe} (9d553613-8c08-4c6e-bfb3-e12bd400336c id=0x7f07002c)
09-21 15:19:59.756  4959  4959 D CompatibilityChangeReporter: Compat change id reported: 210923482; UID 10374; state: ENABLED
09-21 15:19:59.764  4959  4959 D Godot   : Render view should be transparent: false
09-21 15:19:59.764  4959  4959 D Godot   : renderingDevice: opengl3 (ProjectSettings)
09-21 15:19:59.764  4959  4959 D Godot   : 			renderer: gl_compatibility (ProjectSettings)
09-21 15:19:59.772  4959  4959 W OnBackInvokedCallback: OnBackInvokedCallback is not enabled for the application.
09-21 15:19:59.772  4959  4959 W OnBackInvokedCallback: Set 'android:enableOnBackInvokedCallback="true"' in the application manifest.
09-21 15:19:59.777  4959  4959 V Godot   : OnStart: GodotFragment{e9903fe} (9d553613-8c08-4c6e-bfb3-e12bd400336c id=0x7f07002c)
09-21 15:19:59.779  4959  4959 V Godot   : OnResume: GodotFragment{e9903fe} (9d553613-8c08-4c6e-bfb3-e12bd400336c id=0x7f07002c)
09-21 15:19:59.779  4959  4959 I MSHandlerLifeCycle: check: return. pkg=com.blocktower.game parent=null callers=com.android.internal.policy.DecorView.setVisibility:4412 android.app.ActivityThread.handleResumeActivity:5476 android.app.servertransaction.ResumeActivityItem.execute:54 android.app.servertransaction.ActivityTransactionItem.execute:45 android.app.servertransaction.TransactionExecutor.executeLifecycleState:176 
09-21 15:19:59.780  4959  4959 I MSHandlerLifeCycle: removeMultiSplitHandler: no exist. decor=DecorView@eb40102[]
09-21 15:19:59.784  4959  5033 D NativeCustomFrequencyManager: [NativeCFMS] BpCustomFrequencyManager::BpCustomFrequencyManager()
09-21 15:19:59.787  4959  4959 D InsetsSourceConsumer: setRequestedVisible: visible=false, type=23, host=com.blocktower.game/com.godot.game.GodotAppLauncher, from=android.view.InsetsSourceConsumer.hide:257 android.view.InsetsController.collectSourceControls:1310 android.view.InsetsController.controlAnimationUnchecked:1164 android.view.InsetsController.applyAnimation:1576 android.view.InsetsController.applyAnimation:1557 android.view.InsetsController.hide:1093 android.view.InsetsController.hide:1068 android.view.PendingInsetsController$HideRequest.replay:241 android.view.PendingInsetsController.replayAndAttach:172 android.view.ViewRootImpl.setView:1689 
09-21 15:19:59.787  4959  4959 D InsetsSourceConsumer: setRequestedVisible: visible=false, type=22, host=com.blocktower.game/com.godot.game.GodotAppLauncher, from=android.view.InsetsSourceConsumer.hide:257 android.view.InsetsController.collectSourceControls:1310 android.view.InsetsController.controlAnimationUnchecked:1164 android.view.InsetsController.applyAnimation:1576 android.view.InsetsController.applyAnimation:1557 android.view.InsetsController.hide:1093 android.view.InsetsController.hide:1068 android.view.PendingInsetsController$HideRequest.replay:241 android.view.PendingInsetsController.replayAndAttach:172 android.view.ViewRootImpl.setView:1689 
09-21 15:19:59.787  4959  4959 D InsetsSourceConsumer: setRequestedVisible: visible=false, type=21, host=com.blocktower.game/com.godot.game.GodotAppLauncher, from=android.view.InsetsSourceConsumer.hide:257 android.view.InsetsController.collectSourceControls:1310 android.view.InsetsController.controlAnimationUnchecked:1164 android.view.InsetsController.applyAnimation:1576 android.view.InsetsController.applyAnimation:1557 android.view.InsetsController.hide:1093 android.view.InsetsController.hide:1068 android.view.PendingInsetsController$HideRequest.replay:241 android.view.PendingInsetsController.replayAndAttach:172 android.view.ViewRootImpl.setView:1689 
09-21 15:19:59.787  4959  4959 D InsetsSourceConsumer: setRequestedVisible: visible=false, type=20, host=com.blocktower.game/com.godot.game.GodotAppLauncher, from=android.view.InsetsSourceConsumer.hide:257 android.view.InsetsController.collectSourceControls:1310 android.view.InsetsController.controlAnimationUnchecked:1164 android.view.InsetsController.applyAnimation:1576 android.view.InsetsController.applyAnimation:1557 android.view.InsetsController.hide:1093 android.view.InsetsController.hide:1068 android.view.PendingInsetsController$HideRequest.replay:241 android.view.PendingInsetsController.replayAndAttach:172 android.view.ViewRootImpl.setView:1689 
09-21 15:19:59.788  4959  4959 D InsetsSourceConsumer: setRequestedVisible: visible=false, type=2, host=com.blocktower.game/com.godot.game.GodotAppLauncher, from=android.view.InsetsSourceConsumer.hide:257 android.view.InsetsController.collectSourceControls:1310 android.view.InsetsController.controlAnimationUnchecked:1164 android.view.InsetsController.applyAnimation:1576 android.view.InsetsController.applyAnimation:1557 android.view.InsetsController.hide:1093 android.view.InsetsController.hide:1068 android.view.PendingInsetsController$HideRequest.replay:241 android.view.PendingInsetsController.replayAndAttach:172 android.view.ViewRootImpl.setView:1689 
09-21 15:19:59.788  4959  4959 D InsetsSourceConsumer: setRequestedVisible: visible=false, type=1, host=com.blocktower.game/com.godot.game.GodotAppLauncher, from=android.view.InsetsSourceConsumer.hide:257 android.view.InsetsController.collectSourceControls:1310 android.view.InsetsController.controlAnimationUnchecked:1164 android.view.InsetsController.applyAnimation:1576 android.view.InsetsController.applyAnimation:1557 android.view.InsetsController.hide:1093 android.view.InsetsController.hide:1068 android.view.PendingInsetsController$HideRequest.replay:241 android.view.PendingInsetsController.replayAndAttach:172 android.view.ViewRootImpl.setView:1689 
09-21 15:19:59.788  4959  4959 D InsetsSourceConsumer: setRequestedVisible: visible=false, type=0, host=com.blocktower.game/com.godot.game.GodotAppLauncher, from=android.view.InsetsSourceConsumer.hide:257 android.view.InsetsController.collectSourceControls:1310 android.view.InsetsController.controlAnimationUnchecked:1164 android.view.InsetsController.applyAnimation:1576 android.view.InsetsController.applyAnimation:1557 android.view.InsetsController.hide:1093 android.view.InsetsController.hide:1068 android.view.PendingInsetsController$HideRequest.replay:241 android.view.PendingInsetsController.replayAndAttach:172 android.view.ViewRootImpl.setView:1689 
09-21 15:19:59.791  4959  4959 D InsetsController: onStateChanged: InsetsState: {mDisplayFrame=Rect(0, 0 - 1080, 2400), mDisplayCutout=DisplayCutout{insets=Rect(0, 92 - 0, 0) waterfall=Insets{left=0, top=0, right=0, bottom=0} boundingRect={Bounds=[Rect(0, 0 - 0, 0), Rect(503, 0 - 577, 92), Rect(0, 0 - 0, 0), Rect(0, 0 - 0, 0)]} cutoutPathParserInfo={CutoutPathParserInfo{displayWidth=1080 displayHeight=2400 physicalDisplayWidth=1080 physicalDisplayHeight=2400 density={2.8125} cutoutSpec={M 0,0 H -13.15555555555556 V 32.71111111111111 H 13.15555555555556 V 0 H 0 Z @dp} rotation={0} scale={1.0} physicalPixelDisplaySizeRatio={1.0}}}}, mRoundedCorners=RoundedCorners{[RoundedCorner{position=TopLeft, radius=25, center=Point(25, 25)}, RoundedCorner{position=TopRight, radius=25, center=Point(1055, 25)}, RoundedCorner{position=BottomRight, radius=25, center=Point(1055, 2375)}, RoundedCorner{position=BottomLeft, radius=25, center=Point(25, 2375)}]}  mRoundedCornerFrame=Rect(0, 0 - 1080, 2400), mPrivacyIndicatorBounds=PrivacyIndicatorBounds {static bounds=Rect(956, 0 - 1080, 92) rotation=0}, mSources= { InsetsSource: {mType=ITYPE_STATUS_BAR, mFrame=[0,0][1080,92], mVisible=true, mInsetsRoundedCornerFrame=false}, InsetsSource: {mType=ITYPE_NAVIGATION_BAR, mFrame=[0,2265][1080,2400], mVisible=true, mInsetsRoundedCornerFrame=false}, InsetsSource: {mType=ITYPE_LEFT_GESTURES, mFrame=[0,0][0,2400], mVisible=true, mInsetsRoundedCornerFrame=false}, InsetsSource: {mType=ITYPE_RIGHT_GESTURES, mFrame=[1080,0][1080,2400], mVisible=true, mInsetsRoundedCornerFrame=false}, InsetsSource: {mType=ITYPE_TOP_MANDATORY_GESTURES, mFrame=[0,0][1080,126], mVisible=true, mInsetsRoundedCornerFrame=false}, InsetsSource: {mType=ITYPE_BOTTOM_MANDATORY_GESTURES, mFrame=[0,2265][1080,2400], mVisible=true, mInsetsRoundedCornerFrame=false}, InsetsSource: {mType=ITYPE_LEFT_DISPLAY_CUTOUT, mFrame=[0,0][-100000,2400], mVisible=true, mInsetsRoundedCornerFrame=false}, InsetsSource: {mType=ITYPE_TOP_DISPLAY_CUTOUT, mFrame=[0,0][1080,92], mVisible=true, mInsetsRoundedCornerFrame=false}, InsetsSource: {mType=ITYPE_RIGHT_DISPLAY_CUTOUT, mFrame=[100000,0][1080,2400], mVisible=true, mInsetsRoundedCornerFrame=false}, InsetsSource: {mType=ITYPE_BOTTOM_DISPLAY_CUTOUT, mFrame=[0,100000][1080,2400], mVisible=true, mInsetsRoundedCornerFrame=false}, InsetsSource: {mType=ITYPE_TOP_TAPPABLE_ELEMENT, mFrame=[0,0][1080,92], mVisible=true, mInsetsRoundedCornerFrame=false}, InsetsSource: {mType=ITYPE_BOTTOM_TAPPABLE_ELEMENT, mFrame=[0,2265][1080,2400], mVisible=true, mInsetsRoundedCornerFrame=false}, InsetsSource: {mType=ITYPE_IME, mFrame=[0,0][0,0], mVisibleFrame=[0,1249][1080,2400], mVisible=false, mInsetsRoundedCornerFrame=false} } host=com.blocktower.game/com.godot.game.GodotAppLauncher from=android.view.ViewRootImpl.setView:1732
09-21 15:19:59.793  4959  4959 I ViewRootImpl@6d90796[GodotAppLauncher]: setView = com.android.internal.policy.DecorView@eb40102 TM=true
09-21 15:19:59.794  4959  4959 I MSHandlerLifeCycle: removeMultiSplitHandler: no exist. decor=DecorView@eb40102[GodotAppLauncher]
09-21 15:19:59.795  4959  4959 I DecorView: notifyKeepScreenOnChanged: keepScreenOn=true
09-21 15:19:59.799  4959  4959 I SurfaceView@1f66074: onWindowVisibilityChanged(0) true org.godotengine.godot.GodotGLRenderView{1f66074 VFE...... .F....I. 0,0-0,0} of ViewRootImpl@6d90796[GodotAppLauncher]
09-21 15:19:59.799  4959  4959 D SurfaceView@1f66074: updateSurface: has no frame
09-21 15:19:59.804  4959  4959 I ViewRootImpl@6d90796[GodotAppLauncher]: performTraversals params={(0,0)(fillxfill) sim={adjust=resize forwardNavigation} layoutInDisplayCutoutMode=shortEdges ty=BASE_APPLICATION wanim=0x10302f4
09-21 15:19:59.804  4959  4959 I ViewRootImpl@6d90796[GodotAppLauncher]:   fl=81a10180
09-21 15:19:59.804  4959  4959 I ViewRootImpl@6d90796[GodotAppLauncher]:   pfl=1e020040
09-21 15:19:59.804  4959  4959 I ViewRootImpl@6d90796[GodotAppLauncher]:   bhv=SHOW_TRANSIENT_BARS_BY_SWIPE
09-21 15:19:59.804  4959  4959 I ViewRootImpl@6d90796[GodotAppLauncher]:   fitSides= naviIconColor=0}
09-21 15:19:59.805  4959  4959 I ViewRootImpl@6d90796[GodotAppLauncher]: performTraversals mFirst=true windowShouldResize=true viewVisibilityChanged=false mForceNextWindowRelayout=false params={(0,0)(fillxfill) sim={adjust=resize forwardNavigation} layoutInDisplayCutoutMode=shortEdges ty=BASE_APPLICATION fmt=TRANSLUCENT wanim=0x10302f4
09-21 15:19:59.805  4959  4959 I ViewRootImpl@6d90796[GodotAppLauncher]:   fl=81a10180
09-21 15:19:59.805  4959  4959 I ViewRootImpl@6d90796[GodotAppLauncher]:   pfl=1e020040
09-21 15:19:59.805  4959  4959 I ViewRootImpl@6d90796[GodotAppLauncher]:   bhv=SHOW_TRANSIENT_BARS_BY_SWIPE
09-21 15:19:59.805  4959  4959 I ViewRootImpl@6d90796[GodotAppLauncher]:   fitSides= naviIconColor=0}
09-21 15:19:59.811  4959  4959 I DecorView: onImmersiveModeChanged: isStatusBarHidden=true
09-21 15:19:59.811  4959  4959 I ViewRootImpl@6d90796[GodotAppLauncher]: updateBlastSurfaceIfNeeded mBlastBufferQueue=null isSameSurfaceControl=false
09-21 15:19:59.812  4959  4959 E BufferQueueProducer: Unable to open libpenguin.so: dlopen failed: library "libpenguin.so" not found.
09-21 15:19:59.812  4959  4959 I BLASTBufferQueue: new BLASTBufferQueue, mName= ViewRootImpl@6d90796[GodotAppLauncher] mNativeObject= 0xb400007c9456e490 sc.mNativeObject= 0xb400007c245fe410 caller= android.view.ViewRootImpl.updateBlastSurfaceIfNeeded:2909 android.view.ViewRootImpl.relayoutWindow:9847 android.view.ViewRootImpl.performTraversals:3884 android.view.ViewRootImpl.doTraversal:3116 android.view.ViewRootImpl$TraversalRunnable.run:10885 android.view.Choreographer$CallbackRecord.run:1301 android.view.Choreographer$CallbackRecord.run:1309 android.view.Choreographer.doCallbacks:923 android.view.Choreographer.doFrame:852 android.view.Choreographer$FrameDisplayEventReceiver.run:1283 
09-21 15:19:59.812  4959  4959 I BLASTBufferQueue: update, w= 1080 h= 2400 mName = ViewRootImpl@6d90796[GodotAppLauncher] mNativeObject= 0xb400007c9456e490 sc.mNativeObject= 0xb400007c245fe410 format= -3 caller= android.graphics.BLASTBufferQueue.<init>:84 android.view.ViewRootImpl.updateBlastSurfaceIfNeeded:2909 android.view.ViewRootImpl.relayoutWindow:9847 android.view.ViewRootImpl.performTraversals:3884 android.view.ViewRootImpl.doTraversal:3116 android.view.ViewRootImpl$TraversalRunnable.run:10885 
09-21 15:19:59.813  4959  4959 I ViewRootImpl@6d90796[GodotAppLauncher]: Relayout returned: old=(0,0,1080,2400) new=(0,0,1080,2400) req=(1080,2400)0 dur=6 res=0x3 s={true 0xb400007d24573950} ch=true seqId=0
09-21 15:19:59.813  4959  4959 I ViewRootImpl@6d90796[GodotAppLauncher]: mThreadedRenderer.initialize() mSurface={isValid=true 0xb400007d24573950} hwInitialized=true
09-21 15:19:59.815  4959  4959 D SurfaceView@1f66074: updateSurface: has no frame
09-21 15:19:59.816  4959  4959 I SurfaceView@1f66074: windowStopped(false) true org.godotengine.godot.GodotGLRenderView{1f66074 VFE...... .F....ID 0,0-1080,2400} of ViewRootImpl@6d90796[GodotAppLauncher]
09-21 15:19:59.816  4959  4959 D SurfaceView@1f66074: updateSurface: has no frame
09-21 15:19:59.818  4959  5033 D OpenGLRenderer: eglCreateWindowSurface
09-21 15:19:59.819  4959  4959 I ViewRootImpl@6d90796[GodotAppLauncher]: reportNextDraw android.view.ViewRootImpl.performTraversals:4438 android.view.ViewRootImpl.doTraversal:3116 android.view.ViewRootImpl$TraversalRunnable.run:10885 android.view.Choreographer$CallbackRecord.run:1301 android.view.Choreographer$CallbackRecord.run:1309 
09-21 15:19:59.819  4959  4959 I SurfaceView@1f66074: Changes: creating=true format=true size=true visible=true alpha=false hint=false mUseAlpha=false visible=true left=true top=true
09-21 15:19:59.821  4959  4972 I ViewRootImpl@6d90796[GodotAppLauncher]: Resizing android.view.ViewRootImpl@d85587a: frame = [0,0][1080,2400] reportDraw = true forceLayout = false syncSeqId = 0
09-21 15:19:59.821  4959  4959 I BLASTBufferQueue: update, w= 1080 h= 2400 mName = null mNativeObject= 0xb400007c9456d810 sc.mNativeObject= 0xb400007c24601590 format= 4 caller= android.view.SurfaceView.createBlastSurfaceControls:1383 android.view.SurfaceView.updateSurface:1079 android.view.SurfaceView.lambda$new$0$android-view-SurfaceView:200 android.view.SurfaceView$$ExternalSyntheticLambda5.onPreDraw:2 android.view.ViewTreeObserver.dispatchOnPreDraw:1121 android.view.ViewRootImpl.performTraversals:4442 
09-21 15:19:59.822  4959  4959 I SurfaceView@1f66074: 32923764 Cur surface: Surface(name=null)/@0xd5f0191
09-21 15:19:59.822  4959  4959 I SurfaceView@1f66074: pST: sr = Rect(0, 0 - 1080, 2400) sw = 1080 sh = 2400
09-21 15:19:59.822  4959  4959 D SurfaceView@1f66074: performSurfaceTransaction RenderWorker position = [0, 0, 1080, 2400] surfaceSize = 1080x2400
09-21 15:19:59.822  4959  4959 I SurfaceView@1f66074: applyTransactionOnVriDraw: vri = ViewRootImpl@6d90796[GodotAppLauncher] fRS = false t = 0xb400007c54583ff0 android.view.SurfaceView.performSurfaceTransaction:959 android.view.SurfaceView.updateSurface:1105 android.view.SurfaceView.lambda$new$0$android-view-SurfaceView:200 
09-21 15:19:59.822  4959  4959 I ViewRootImpl@6d90796[GodotAppLauncher]: applyTransactionOnDraw: mRemoved = false isHardwareEnabled = true t = 0xb400007c54583ff0android.view.SurfaceView.applyTransactionOnVriDraw:2048 android.view.SurfaceView.performSurfaceTransaction:959 android.view.SurfaceView.updateSurface:1105 android.view.SurfaceView.lambda$new$0$android-view-SurfaceView:200 android.view.SurfaceView$$ExternalSyntheticLambda5.onPreDraw:2 
09-21 15:19:59.822  4959  4959 I SurfaceView@1f66074: updateSurface: mVisible = true mSurface.isValid() = true
09-21 15:19:59.823  4959  4959 I SurfaceView@1f66074: updateSurface: mSurfaceCreated = false surfaceChanged = true visibleChanged = true
09-21 15:19:59.823  4959  4959 I SurfaceView@1f66074: visibleChanged -- surfaceCreated
09-21 15:19:59.823  4959  4959 I SurfaceView@1f66074: surfaceCreated 1 #8 org.godotengine.godot.GodotGLRenderView{1f66074 VFE...... .F....ID 0,0-1080,2400}
09-21 15:19:59.823  4959  4959 I SurfaceView@1f66074: surfaceChanged -- format=4 w=1080 h=2400
09-21 15:19:59.823  4959  4959 I SurfaceView@1f66074: surfaceChanged (1080,2400) 1 #8 org.godotengine.godot.GodotGLRenderView{1f66074 VFE...... .F....ID 0,0-1080,2400}
09-21 15:19:59.823  4959  4959 I SurfaceView@1f66074: surfaceRedrawNeeded
09-21 15:19:59.823  4959  5075 W RegularContextFactory: creating OpenGL ES 3.0 context :
09-21 15:19:59.824  4959  4959 V SurfaceView@1f66074: Layout: x=0 y=0 w=1080 h=2400, frame=Rect(0, 0 - 1080, 2400)
09-21 15:19:59.824  4959  4959 I ViewRootImpl@6d90796[GodotAppLauncher]: Setup new sync id=0
09-21 15:19:59.824  4959  4959 I ViewRootImpl@6d90796[GodotAppLauncher]: Setting syncFrameCallback
09-21 15:19:59.824  4959  4959 I ViewRootImpl@6d90796[GodotAppLauncher]: registerCallbacksForSync syncBuffer=false
09-21 15:19:59.824  4959  5075 I godot   : Godot Engine v4.7.2.stable.official.ed1daf0bf - https://godotengine.org
09-21 15:19:59.830  4959  5086 D SurfaceView@1f66074: updateSurfacePosition RenderWorker, frameNr = 1, position = [0, 0, 1080, 2400] surfaceSize = 1080x2400
09-21 15:19:59.830  4959  5086 I SurfaceView@1f66074: uSP: rtp = Rect(0, 0 - 1080, 2400) rtsw = 1080 rtsh = 2400
09-21 15:19:59.830  4959  5086 I SurfaceView@1f66074: onSSPAndSRT: pl = 0 pt = 0 sx = 1.0 sy = 1.0
09-21 15:19:59.831  4959  5086 I SurfaceView@1f66074: aOrMT: ViewRootImpl@6d90796[GodotAppLauncher] t = android.view.SurfaceControl$Transaction@1e751c9 fN = 1 android.view.SurfaceView.-$$Nest$mapplyOrMergeTransaction:0 android.view.SurfaceView$SurfaceViewPositionUpdateListener.positionChanged:1537 android.graphics.RenderNode$CompositePositionUpdateListener.positionChanged:373 
09-21 15:19:59.831  4959  5086 I ViewRootImpl@6d90796[GodotAppLauncher]: mWNT: t=0xb400007c54584230 mBlastBufferQueue=0xb400007c9456e490 fn= 1 caller= android.view.SurfaceView.applyOrMergeTransaction:1455 android.view.SurfaceView.-$$Nest$mapplyOrMergeTransaction:0 android.view.SurfaceView$SurfaceViewPositionUpdateListener.positionChanged:1537 
09-21 15:19:59.831  4959  5086 I ViewRootImpl@6d90796[GodotAppLauncher]: mWNT: t=0xb400007c54583ff0 mBlastBufferQueue=0xb400007c9456e490 fn= 1 caller= android.view.ViewRootImpl.lambda$applyTransactionOnDraw$11$android-view-ViewRootImpl:12865 android.view.ViewRootImpl$$ExternalSyntheticLambda1.onFrameDraw:4 android.graphics.HardwareRenderer$FrameDrawingCallback.onFrameDraw:924 
09-21 15:19:59.831  4959  5086 I ViewRootImpl@6d90796[GodotAppLauncher]: Received frameDrawingCallback syncResult=0 frameNum=1.
09-21 15:19:59.831  4959  5086 I ViewRootImpl@6d90796[GodotAppLauncher]: Setting up sync and frameCommitCallback
09-21 15:19:59.835  4959  5033 I BLASTBufferQueue: [ViewRootImpl@6d90796[GodotAppLauncher]#0](f:0,a:0) onFrameAvailable the first frame is available
09-21 15:19:59.836  4959  5033 I ViewRootImpl@6d90796[GodotAppLauncher]: Received frameCommittedCallback lastAttemptedDrawFrameNum=1 didProduceBuffer=true
09-21 15:19:59.836  4959  5033 D OpenGLRenderer: CFMS:: SetUp Pid : 4959    Tid : 5033
09-21 15:19:59.840  4959  5033 W Parcel  : Expecting binder but got null!
09-21 15:19:59.841  4959  4959 D InsetsController: onStateChanged: InsetsState: {mDisplayFrame=Rect(0, 0 - 1080, 2400), mDisplayCutout=DisplayCutout{insets=Rect(0, 92 - 0, 0) waterfall=Insets{left=0, top=0, right=0, bottom=0} boundingRect={Bounds=[Rect(0, 0 - 0, 0), Rect(503, 0 - 577, 92), Rect(0, 0 - 0, 0), Rect(0, 0 - 0, 0)]} cutoutPathParserInfo={CutoutPathParserInfo{displayWidth=1080 displayHeight=2400 physicalDisplayWidth=1080 physicalDisplayHeight=2400 density={2.8125} cutoutSpec={M 0,0 H -13.15555555555556 V 32.71111111111111 H 13.15555555555556 V 0 H 0 Z @dp} rotation={0} scale={1.0} physicalPixelDisplaySizeRatio={1.0}}}}, mRoundedCorners=RoundedCorners{[RoundedCorner{position=TopLeft, radius=25, center=Point(25, 25)}, RoundedCorner{position=TopRight, radius=25, center=Point(1055, 25)}, RoundedCorner{position=BottomRight, radius=25, center=Point(1055, 2375)}, RoundedCorner{position=BottomLeft, radius=25, center=Point(25, 2375)}]}  mRoundedCornerFrame=Rect(0, 0 - 1080, 2400), mPrivacyIndicatorBounds=PrivacyIndicatorBounds {static bounds=Rect(956, 0 - 1080, 92) rotation=0}, mSources= { InsetsSource: {mType=ITYPE_STATUS_BAR, mFrame=[0,0][1080,92], mVisible=true, mInsetsRoundedCornerFrame=false}, InsetsSource: {mType=ITYPE_NAVIGATION_BAR, mFrame=[0,2265][1080,2400], mVisible=true, mInsetsRoundedCornerFrame=false}, InsetsSource: {mType=ITYPE_LEFT_GESTURES, mFrame=[0,0][0,2400], mVisible=true, mInsetsRoundedCornerFrame=false}, InsetsSource: {mType=ITYPE_RIGHT_GESTURES, mFrame=[1080,0][1080,2400], mVisible=true, mInsetsRoundedCornerFrame=false}, InsetsSource: {mType=ITYPE_TOP_MANDATORY_GESTURES, mFrame=[0,0][1080,126], mVisible=true, mInsetsRoundedCornerFrame=false}, InsetsSource: {mType=ITYPE_BOTTOM_MANDATORY_GESTURES, mFrame=[0,2265][1080,2400], mVisible=true, mInsetsRoundedCornerFrame=false}, InsetsSource: {mType=ITYPE_LEFT_DISPLAY_CUTOUT, mFrame=[0,0][-100000,2400], mVisible=true, mInsetsRoundedCornerFrame=false}, InsetsSource: {mType=ITYPE_TOP_DISPLAY_CUTOUT, mFrame=[0,0][1080,92], mVisible=true, mInsetsRoundedCornerFrame=false}, InsetsSource: {mType=ITYPE_RIGHT_DISPLAY_CUTOUT, mFrame=[100000,0][1080,2400], mVisible=true, mInsetsRoundedCornerFrame=false}, InsetsSource: {mType=ITYPE_BOTTOM_DISPLAY_CUTOUT, mFrame=[0,100000][1080,2400], mVisible=true, mInsetsRoundedCornerFrame=false}, InsetsSource: {mType=ITYPE_TOP_TAPPABLE_ELEMENT, mFrame=[0,0][1080,92], mVisible=true, mInsetsRoundedCornerFrame=false}, InsetsSource: {mType=ITYPE_BOTTOM_TAPPABLE_ELEMENT, mFrame=[0,2265][1080,2400], mVisible=true, mInsetsRoundedCornerFrame=false}, InsetsSource: {mType=ITYPE_IME, mFrame=[0,0][0,0], mVisibleFrame=[0,1249][1080,2400], mVisible=false, mInsetsRoundedCornerFrame=false} } host=com.blocktower.game/com.godot.game.GodotAppLauncher from=android.view.ViewRootImpl$ViewRootHandler.handleMessageImpl:6740
09-21 15:19:59.842  4959  4959 D InsetsController: controlAnimationUnchecked: Added types=3 animType=1 host=com.blocktower.game/com.godot.game.GodotAppLauncher from=android.view.InsetsController.applyAnimation:1576 android.view.InsetsController.applyAnimation:1557 android.view.InsetsController.onControlsChanged:995 
09-21 15:19:59.843  4959  4959 D InsetsController: onStateChanged: InsetsState: {mDisplayFrame=Rect(0, 0 - 1080, 2400), mDisplayCutout=DisplayCutout{insets=Rect(0, 92 - 0, 0) waterfall=Insets{left=0, top=0, right=0, bottom=0} boundingRect={Bounds=[Rect(0, 0 - 0, 0), Rect(503, 0 - 577, 92), Rect(0, 0 - 0, 0), Rect(0, 0 - 0, 0)]} cutoutPathParserInfo={CutoutPathParserInfo{displayWidth=1080 displayHeight=2400 physicalDisplayWidth=1080 physicalDisplayHeight=2400 density={2.8125} cutoutSpec={M 0,0 H -13.15555555555556 V 32.71111111111111 H 13.15555555555556 V 0 H 0 Z @dp} rotation={0} scale={1.0} physicalPixelDisplaySizeRatio={1.0}}}}, mRoundedCorners=RoundedCorners{[RoundedCorner{position=TopLeft, radius=25, center=Point(25, 25)}, RoundedCorner{position=TopRight, radius=25, center=Point(1055, 25)}, RoundedCorner{position=BottomRight, radius=25, center=Point(1055, 2375)}, RoundedCorner{position=BottomLeft, radius=25, center=Point(25, 2375)}]}  mRoundedCornerFrame=Rect(0, 0 - 1080, 2400), mPrivacyIndicatorBounds=PrivacyIndicatorBounds {static bounds=Rect(956, 0 - 1080, 92) rotation=0}, mSources= { InsetsSource: {mType=ITYPE_STATUS_BAR, mFrame=[0,0][1080,92], mVisible=false, mInsetsRoundedCornerFrame=false}, InsetsSource: {mType=ITYPE_NAVIGATION_BAR, mFrame=[0,2265][1080,2400], mVisible=false, mInsetsRoundedCornerFrame=false}, InsetsSource: {mType=ITYPE_LEFT_GESTURES, mFrame=[0,0][0,2400], mVisible=true, mInsetsRoundedCornerFrame=false}, InsetsSource: {mType=ITYPE_RIGHT_GESTURES, mFrame=[1080,0][1080,2400], mVisible=true, mInsetsRoundedCornerFrame=false}, InsetsSource: {mType=ITYPE_TOP_MANDATORY_GESTURES, mFrame=[0,0][1080,126], mVisible=true, mInsetsRoundedCornerFrame=false}, InsetsSource: {mType=ITYPE_BOTTOM_MANDATORY_GESTURES, mFrame=[0,2265][1080,2400], mVisible=true, mInsetsRoundedCornerFrame=false}, InsetsSource: {mType=ITYPE_LEFT_DISPLAY_CUTOUT, mFrame=[0,0][-100000,2400], mVisible=true, mInsetsRoundedCornerFrame=false}, InsetsSource: {mType=ITYPE_TOP_DISPLAY_CUTOUT, mFrame=[0,0][1080,92], mVisible=true, mInsetsRoundedCornerFrame=false}, InsetsSource: {mType=ITYPE_RIGHT_DISPLAY_CUTOUT, mFrame=[100000,0][1080,2400], mVisible=true, mInsetsRoundedCornerFrame=false}, InsetsSource: {mType=ITYPE_BOTTOM_DISPLAY_CUTOUT, mFrame=[0,100000][1080,2400], mVisible=true, mInsetsRoundedCornerFrame=false}, InsetsSource: {mType=ITYPE_TOP_TAPPABLE_ELEMENT, mFrame=[0,0][1080,92], mVisible=true, mInsetsRoundedCornerFrame=false}, InsetsSource: {mType=ITYPE_BOTTOM_TAPPABLE_ELEMENT, mFrame=[0,2265][1080,2400], mVisible=true, mInsetsRoundedCornerFrame=false}, InsetsSource: {mType=ITYPE_IME, mFrame=[0,0][0,0], mVisibleFrame=[0,1249][1080,2400], mVisible=false, mInsetsRoundedCornerFrame=false} } host=com.blocktower.game/com.godot.game.GodotAppLauncher from=android.view.ViewRootImpl$ViewRootHandler.handleMessageImpl:6727
09-21 15:19:59.843  4959  4959 I ViewRootImpl@6d90796[GodotAppLauncher]: handleResized, msg = 5 frames=ClientWindowFrames{frame=[0,0][1080,2400] display=[0,0][1080,2400] parentFrame=[0,0][0,0] parentClippedByDisplayCutout=false} forceNextWindowRelayout=false displayId=0 resizeMode=-1 frameChanged=false displayFrameChanged=false configChanged=false displayChanged=false
09-21 15:19:59.843  4959  4959 I ViewRootImpl@6d90796[GodotAppLauncher]: handleResized mSyncSeqId = 0
09-21 15:19:59.843  4959  4959 I ViewRootImpl@6d90796[GodotAppLauncher]: reportNextDraw android.view.ViewRootImpl.handleResized:2450 android.view.ViewRootImpl.-$$Nest$mhandleResized:0 android.view.ViewRootImpl$ViewRootHandler.handleMessageImpl:6728 android.view.ViewRootImpl$ViewRootHandler.handleMessage:6697 android.os.Handler.dispatchMessage:106 
09-21 15:19:59.850  4959  4959 I ViewRootImpl@6d90796[GodotAppLauncher]: Setup new sync id=1
09-21 15:19:59.850  4959  4959 I ViewRootImpl@6d90796[GodotAppLauncher]: Setting syncFrameCallback
09-21 15:19:59.850  4959  4959 I ViewRootImpl@6d90796[GodotAppLauncher]: registerCallbacksForSync syncBuffer=false
09-21 15:19:59.851  4959  5087 I ViewRootImpl@6d90796[GodotAppLauncher]: mWNT: t=0xb400007c54595b70 mBlastBufferQueue=0xb400007c9456e490 fn= 2 caller= android.view.SyncRtSurfaceTransactionApplier.applyTransaction:96 android.view.SyncRtSurfaceTransactionApplier.lambda$scheduleApply$0$android-view-SyncRtSurfaceTransactionApplier:69 android.view.SyncRtSurfaceTransactionApplier$$ExternalSyntheticLambda0.onFrameDraw:4 
09-21 15:19:59.851  4959  5087 I ViewRootImpl@6d90796[GodotAppLauncher]: Received frameDrawingCallback syncResult=0 frameNum=2.
09-21 15:19:59.851  4959  5087 I ViewRootImpl@6d90796[GodotAppLauncher]: Setting up sync and frameCommitCallback
09-21 15:19:59.853  4959  5033 I ViewRootImpl@6d90796[GodotAppLauncher]: Received frameCommittedCallback lastAttemptedDrawFrameNum=2 didProduceBuffer=true
09-21 15:19:59.867  4959  5086 I ViewRootImpl@6d90796[GodotAppLauncher]: mWNT: t=0xb400007c54597790 mBlastBufferQueue=0xb400007c9456e490 fn= 3 caller= android.view.SyncRtSurfaceTransactionApplier.applyTransaction:96 android.view.SyncRtSurfaceTransactionApplier.lambda$scheduleApply$0$android-view-SyncRtSurfaceTransactionApplier:69 android.view.SyncRtSurfaceTransactionApplier$$ExternalSyntheticLambda0.onFrameDraw:4 
09-21 15:19:59.885  4959  5087 I ViewRootImpl@6d90796[GodotAppLauncher]: mWNT: t=0xb400007c545bff90 mBlastBufferQueue=0xb400007c9456e490 fn= 4 caller= android.view.SyncRtSurfaceTransactionApplier.applyTransaction:96 android.view.SyncRtSurfaceTransactionApplier.lambda$scheduleApply$0$android-view-SyncRtSurfaceTransactionApplier:69 android.view.SyncRtSurfaceTransactionApplier$$ExternalSyntheticLambda0.onFrameDraw:4 
09-21 15:19:59.901  4959  5075 I godot   : OpenGL API OpenGL ES 3.2 V@0502.11.5 (GIT@db7e7066a2, I1fad33e957, 1746950372) (Date:05/11/25) - Compatibility - Using Device: Qualcomm - Adreno (TM) 650
09-21 15:19:59.901  4959  5086 I ViewRootImpl@6d90796[GodotAppLauncher]: mWNT: t=0xb400007c545bdb90 mBlastBufferQueue=0xb400007c9456e490 fn= 5 caller= android.view.SyncRtSurfaceTransactionApplier.applyTransaction:96 android.view.SyncRtSurfaceTransactionApplier.lambda$scheduleApply$0$android-view-SyncRtSurfaceTransactionApplier:69 android.view.SyncRtSurfaceTransactionApplier$$ExternalSyntheticLambda0.onFrameDraw:4 
09-21 15:19:59.902  4959  5075 D blocktower.game: PlayerBase::PlayerBase()
09-21 15:19:59.903  4959  5075 D blocktower.game: TrackPlayerBase::TrackPlayerBase()
09-21 15:19:59.903  4959  5075 I libOpenSLES: Emulating old channel mask behavior (ignoring positional mask 0x3, using default mask 0x3 based on channel count of 2)
09-21 15:19:59.908  4959  5075 I AudioTrack: Need throttle time for OpenSLES player
09-21 15:19:59.915  4959  5075 I godot   : 
09-21 15:19:59.918  4959  5087 I ViewRootImpl@6d90796[GodotAppLauncher]: mWNT: t=0xb400007c545bc090 mBlastBufferQueue=0xb400007c9456e490 fn= 6 caller= android.view.SyncRtSurfaceTransactionApplier.applyTransaction:96 android.view.SyncRtSurfaceTransactionApplier.lambda$scheduleApply$0$android-view-SyncRtSurfaceTransactionApplier:69 android.view.SyncRtSurfaceTransactionApplier$$ExternalSyntheticLambda0.onFrameDraw:4 
09-21 15:19:59.935  4959  5086 I ViewRootImpl@6d90796[GodotAppLauncher]: mWNT: t=0xb400007c545bbd30 mBlastBufferQueue=0xb400007c9456e490 fn= 7 caller= android.view.SyncRtSurfaceTransactionApplier.applyTransaction:96 android.view.SyncRtSurfaceTransactionApplier.lambda$scheduleApply$0$android-view-SyncRtSurfaceTransactionApplier:69 android.view.SyncRtSurfaceTransactionApplier$$ExternalSyntheticLambda0.onFrameDraw:4 
09-21 15:19:59.951  4959  5087 I ViewRootImpl@6d90796[GodotAppLauncher]: mWNT: t=0xb400007c545bb550 mBlastBufferQueue=0xb400007c9456e490 fn= 8 caller= android.view.SyncRtSurfaceTransactionApplier.applyTransaction:96 android.view.SyncRtSurfaceTransactionApplier.lambda$scheduleApply$0$android-view-SyncRtSurfaceTransactionApplier:69 android.view.SyncRtSurfaceTransactionApplier$$ExternalSyntheticLambda0.onFrameDraw:4 
09-21 15:19:59.967  4959  5086 I ViewRootImpl@6d90796[GodotAppLauncher]: mWNT: t=0xb400007c545bbe50 mBlastBufferQueue=0xb400007c9456e490 fn= 9 caller= android.view.SyncRtSurfaceTransactionApplier.applyTransaction:96 android.view.SyncRtSurfaceTransactionApplier.lambda$scheduleApply$0$android-view-SyncRtSurfaceTransactionApplier:69 android.view.SyncRtSurfaceTransactionApplier$$ExternalSyntheticLambda0.onFrameDraw:4 
09-21 15:19:59.984  4959  5087 I ViewRootImpl@6d90796[GodotAppLauncher]: mWNT: t=0xb400007c545bd830 mBlastBufferQueue=0xb400007c9456e490 fn= 10 caller= android.view.SyncRtSurfaceTransactionApplier.applyTransaction:96 android.view.SyncRtSurfaceTransactionApplier.lambda$scheduleApply$0$android-view-SyncRtSurfaceTransactionApplier:69 android.view.SyncRtSurfaceTransactionApplier$$ExternalSyntheticLambda0.onFrameDraw:4 
09-21 15:20:00.003  4959  5086 I ViewRootImpl@6d90796[GodotAppLauncher]: mWNT: t=0xb400007c545bd5f0 mBlastBufferQueue=0xb400007c9456e490 fn= 11 caller= android.view.SyncRtSurfaceTransactionApplier.applyTransaction:96 android.view.SyncRtSurfaceTransactionApplier.lambda$scheduleApply$0$android-view-SyncRtSurfaceTransactionApplier:69 android.view.SyncRtSurfaceTransactionApplier$$ExternalSyntheticLambda0.onFrameDraw:4 
09-21 15:20:00.007  4959  5075 I BLASTBufferQueue: [SurfaceView[com.blocktower.game/com.godot.game.GodotAppLauncher]@0#1](f:0,a:0) onFrameAvailable the first frame is available
09-21 15:20:00.013  4959  4959 I SurfaceView@1f66074: finishedDrawing
09-21 15:20:00.013  4959  5075 I ViewRootImpl@6d90796[GodotAppLauncher]: onSyncComplete
09-21 15:20:00.013  4959  5075 I ViewRootImpl@6d90796[GodotAppLauncher]: setupSync seqId=0 mSyncId=-1 fn=2 caller=android.view.ViewRootImpl$$ExternalSyntheticLambda11.accept:6 android.window.SurfaceSyncer.lambda$setupSync$1$android-window-SurfaceSyncer:128 android.window.SurfaceSyncer$$ExternalSyntheticLambda1.accept:8 android.window.SurfaceSyncer$SyncSet.checkIfSyncIsComplete:382 android.window.SurfaceSyncer$SyncSet.lambda$merge$1$android-window-SurfaceSyncer$SyncSet:435 android.window.SurfaceSyncer$SyncSet$$ExternalSyntheticLambda0.accept:6 android.window.SurfaceSyncer$SyncSet.lambda$updateCallback$0:407 
09-21 15:20:00.013  4959  4959 I ViewRootImpl@6d90796[GodotAppLauncher]: reportDrawFinished seqId=0 mSyncId=-1 fn=2 mSurfaceChangedTransaction=0xb400007c54583b70
09-21 15:20:00.014  4959  5075 I ViewRootImpl@6d90796[GodotAppLauncher]: onSyncComplete
09-21 15:20:00.014  4959  5075 I ViewRootImpl@6d90796[GodotAppLauncher]: setupSync seqId=0 mSyncId=-1 fn=2 caller=android.view.ViewRootImpl$$ExternalSyntheticLambda11.accept:6 android.window.SurfaceSyncer.lambda$setupSync$1$android-window-SurfaceSyncer:128 android.window.SurfaceSyncer$$ExternalSyntheticLambda1.accept:8 android.window.SurfaceSyncer$SyncSet.checkIfSyncIsComplete:382 android.window.SurfaceSyncer$SyncSet.lambda$merge$1$android-window-SurfaceSyncer$SyncSet:435 android.window.SurfaceSyncer$SyncSet$$ExternalSyntheticLambda0.accept:6 android.window.SurfaceSyncer$SyncSet.lambda$updateCallback$0:407 
09-21 15:20:00.014  4959  4959 I ViewRootImpl@6d90796[GodotAppLauncher]: reportDrawFinished seqId=0 mSyncId=-1 fn=2 mSurfaceChangedTransaction=0xb400007c54583b70
09-21 15:20:00.021  4959  5087 I ViewRootImpl@6d90796[GodotAppLauncher]: mWNT: t=0xb400007c545bac50 mBlastBufferQueue=0xb400007c9456e490 fn= 12 caller= android.view.SyncRtSurfaceTransactionApplier.applyTransaction:96 android.view.SyncRtSurfaceTransactionApplier.lambda$scheduleApply$0$android-view-SyncRtSurfaceTransactionApplier:69 android.view.SyncRtSurfaceTransactionApplier$$ExternalSyntheticLambda0.onFrameDraw:4 
09-21 15:20:00.034  4959  5086 I ViewRootImpl@6d90796[GodotAppLauncher]: mWNT: t=0xb400007c545bccf0 mBlastBufferQueue=0xb400007c9456e490 fn= 13 caller= android.view.SyncRtSurfaceTransactionApplier.applyTransaction:96 android.view.SyncRtSurfaceTransactionApplier.lambda$scheduleApply$0$android-view-SyncRtSurfaceTransactionApplier:69 android.view.SyncRtSurfaceTransactionApplier$$ExternalSyntheticLambda0.onFrameDraw:4 
09-21 15:20:00.036  4959  4959 I ViewRootImpl@6d90796[GodotAppLauncher]: MSG_WINDOW_FOCUS_CHANGED 1 0
09-21 15:20:00.036  4959  4959 I ViewRootImpl@6d90796[GodotAppLauncher]: mThreadedRenderer.initializeIfNeeded()#2 mSurface={isValid=true 0xb400007d24573950}
09-21 15:20:00.036  4959  4959 D InputMethodManager: startInputInner - Id : 0
09-21 15:20:00.036  4959  4959 I InputMethodManager: startInputInner - mService.startInputOrWindowGainedFocus
09-21 15:20:00.040  4959  4959 D InputMethodManager: startInputInner - Id : 0
09-21 15:20:00.051  4959  5087 I ViewRootImpl@6d90796[GodotAppLauncher]: mWNT: t=0xb400007c545ec8d0 mBlastBufferQueue=0xb400007c9456e490 fn= 14 caller= android.view.SyncRtSurfaceTransactionApplier.applyTransaction:96 android.view.SyncRtSurfaceTransactionApplier.lambda$scheduleApply$0$android-view-SyncRtSurfaceTransactionApplier:69 android.view.SyncRtSurfaceTransactionApplier$$ExternalSyntheticLambda0.onFrameDraw:4 
09-21 15:20:00.068  4959  5086 I ViewRootImpl@6d90796[GodotAppLauncher]: mWNT: t=0xb400007c545eea90 mBlastBufferQueue=0xb400007c9456e490 fn= 15 caller= android.view.SyncRtSurfaceTransactionApplier.applyTransaction:96 android.view.SyncRtSurfaceTransactionApplier.lambda$scheduleApply$0$android-view-SyncRtSurfaceTransactionApplier:69 android.view.SyncRtSurfaceTransactionApplier$$ExternalSyntheticLambda0.onFrameDraw:4 
09-21 15:20:00.085  4959  5087 I ViewRootImpl@6d90796[GodotAppLauncher]: mWNT: t=0xb400007c545ed890 mBlastBufferQueue=0xb400007c9456e490 fn= 16 caller= android.view.SyncRtSurfaceTransactionApplier.applyTransaction:96 android.view.SyncRtSurfaceTransactionApplier.lambda$scheduleApply$0$android-view-SyncRtSurfaceTransactionApplier:69 android.view.SyncRtSurfaceTransactionApplier$$ExternalSyntheticLambda0.onFrameDraw:4 
09-21 15:20:00.101  4959  5086 I ViewRootImpl@6d90796[GodotAppLauncher]: mWNT: t=0xb400007c545ece70 mBlastBufferQueue=0xb400007c9456e490 fn= 17 caller= android.view.SyncRtSurfaceTransactionApplier.applyTransaction:96 android.view.SyncRtSurfaceTransactionApplier.lambda$scheduleApply$0$android-view-SyncRtSurfaceTransactionApplier:69 android.view.SyncRtSurfaceTransactionApplier$$ExternalSyntheticLambda0.onFrameDraw:4 
09-21 15:20:00.118  4959  5087 I ViewRootImpl@6d90796[GodotAppLauncher]: mWNT: t=0xb400007c545ef270 mBlastBufferQueue=0xb400007c9456e490 fn= 18 caller= android.view.SyncRtSurfaceTransactionApplier.applyTransaction:96 android.view.SyncRtSurfaceTransactionApplier.lambda$scheduleApply$0$android-view-SyncRtSurfaceTransactionApplier:69 android.view.SyncRtSurfaceTransactionApplier$$ExternalSyntheticLambda0.onFrameDraw:4 
09-21 15:20:00.134  4959  5086 I ViewRootImpl@6d90796[GodotAppLauncher]: mWNT: t=0xb400007c545eecd0 mBlastBufferQueue=0xb400007c9456e490 fn= 19 caller= android.view.SyncRtSurfaceTransactionApplier.applyTransaction:96 android.view.SyncRtSurfaceTransactionApplier.lambda$scheduleApply$0$android-view-SyncRtSurfaceTransactionApplier:69 android.view.SyncRtSurfaceTransactionApplier$$ExternalSyntheticLambda0.onFrameDraw:4 
09-21 15:20:00.151  4959  5087 I ViewRootImpl@6d90796[GodotAppLauncher]: mWNT: t=0xb400007c545ed2f0 mBlastBufferQueue=0xb400007c9456e490 fn= 20 caller= android.view.SyncRtSurfaceTransactionApplier.applyTransaction:96 android.view.SyncRtSurfaceTransactionApplier.lambda$scheduleApply$0$android-view-SyncRtSurfaceTransactionApplier:69 android.view.SyncRtSurfaceTransactionApplier$$ExternalSyntheticLambda0.onFrameDraw:4 
09-21 15:20:00.167  4959  5086 I ViewRootImpl@6d90796[GodotAppLauncher]: mWNT: t=0xb400007c545ebc70 mBlastBufferQueue=0xb400007c9456e490 fn= 21 caller= android.view.SyncRtSurfaceTransactionApplier.applyTransaction:96 android.view.SyncRtSurfaceTransactionApplier.lambda$scheduleApply$0$android-view-SyncRtSurfaceTransactionApplier:69 android.view.SyncRtSurfaceTransactionApplier$$ExternalSyntheticLambda0.onFrameDraw:4 
09-21 15:20:00.184  4959  5087 I ViewRootImpl@6d90796[GodotAppLauncher]: mWNT: t=0xb400007c545ebb50 mBlastBufferQueue=0xb400007c9456e490 fn= 22 caller= android.view.SyncRtSurfaceTransactionApplier.applyTransaction:96 android.view.SyncRtSurfaceTransactionApplier.lambda$scheduleApply$0$android-view-SyncRtSurfaceTransactionApplier:69 android.view.SyncRtSurfaceTransactionApplier$$ExternalSyntheticLambda0.onFrameDraw:4 
09-21 15:20:00.201  4959  5086 I ViewRootImpl@6d90796[GodotAppLauncher]: mWNT: t=0xb400007c545ec0f0 mBlastBufferQueue=0xb400007c9456e490 fn= 23 caller= android.view.SyncRtSurfaceTransactionApplier.applyTransaction:96 android.view.SyncRtSurfaceTransactionApplier.lambda$scheduleApply$0$android-view-SyncRtSurfaceTransactionApplier:69 android.view.SyncRtSurfaceTransactionApplier$$ExternalSyntheticLambda0.onFrameDraw:4 
09-21 15:20:00.217  4959  4959 D InsetsController: cancelAnimation of types: 3, animType: 1, host: com.blocktower.game/com.godot.game.GodotAppLauncher, from:android.view.InsetsController.notifyFinished:1375 android.view.InsetsAnimationControlImpl.applyChangeInsets:285 android.view.InsetsController.lambda$new$3$android-view-InsetsController:674 
09-21 15:20:00.218  4959  5087 I ViewRootImpl@6d90796[GodotAppLauncher]: mWNT: t=0xb400007c545ebd90 mBlastBufferQueue=0xb400007c9456e490 fn= 24 caller= android.view.SyncRtSurfaceTransactionApplier.applyTransaction:96 android.view.SyncRtSurfaceTransactionApplier.lambda$scheduleApply$0$android-view-SyncRtSurfaceTransactionApplier:69 android.view.SyncRtSurfaceTransactionApplier$$ExternalSyntheticLambda0.onFrameDraw:4 
09-21 15:20:00.306  4959  4965 I blocktower.game: Compiler allocated 6245KB to compile void android.view.ViewRootImpl.performTraversals()
09-21 15:20:00.700  4959  5075 V Godot   : OnGodotSetupCompleted
09-21 15:20:01.087  4959  5075 V Godot   : OnGodotMainLoopStarted
