--------- beginning of main
09-21 15:10:41.037 31700 31700 I blocktower.game: Late-enabling -Xcheck:jni
09-21 15:10:41.055 31700 31700 I blocktower.game: Using generational CollectorTypeCC GC.
09-21 15:10:41.066 31700 31700 D nativeloader: Load libframework-connectivity-tiramisu-jni.so using APEX ns com_android_tethering for caller /apex/com.android.tethering/javalib/framework-connectivity-t.jar: ok
09-21 15:10:41.068 31700 31700 D ActivityThread: setConscryptValidator
09-21 15:10:41.068 31700 31700 D ActivityThread: setConscryptValidator - put
09-21 15:10:41.083 31700 31700 D CompatibilityChangeReporter: Compat change id reported: 171979766; UID 10374; state: ENABLED
09-21 15:10:41.143 31700 31700 D nativeloader: Configuring clns-4 for other apk /data/app/~~87yPHD3ETr7-09lZecS4qQ==/com.blocktower.game-NzrvUusfwS503AwKJ3VRcQ==/base.apk. target_sdk_version=36, uses_libraries=, library_path=/data/app/~~87yPHD3ETr7-09lZecS4qQ==/com.blocktower.game-NzrvUusfwS503AwKJ3VRcQ==/lib/arm64:/data/app/~~87yPHD3ETr7-09lZecS4qQ==/com.blocktower.game-NzrvUusfwS503AwKJ3VRcQ==/base.apk!/lib/arm64-v8a, permitted_path=/data:/mnt/expand:/data/user/0/com.blocktower.game
09-21 15:10:41.159 31700 31700 D nativeloader: Load libframework-connectivity-jni.so using APEX ns com_android_tethering for caller /apex/com.android.tethering/javalib/framework-connectivity.jar: ok
09-21 15:10:41.168 31700 31700 V GraphicsEnvironment: ANGLE Developer option for 'com.blocktower.game' set to: 'default'
09-21 15:10:41.168 31700 31700 V GraphicsEnvironment: ANGLE GameManagerService for com.blocktower.game: false
09-21 15:10:41.169 31700 31700 V GraphicsEnvironment: App is not on the allowlist for updatable production driver.
09-21 15:10:41.173 31700 31700 D NetworkSecurityConfig: No Network Security Config specified, using platform default
09-21 15:10:41.207 31700 31700 D NetworkSecurityConfig: No Network Security Config specified, using platform default
09-21 15:10:41.260 31700 31773 D OpenGLRenderer: RenderThread::requireGlContext()
09-21 15:10:41.261 31700 31773 I AdrenoGLES-0: QUALCOMM build                   : db7e7066a2, I1fad33e957
09-21 15:10:41.261 31700 31773 I AdrenoGLES-0: Build Date                       : 05/11/25
09-21 15:10:41.261 31700 31773 I AdrenoGLES-0: OpenGL ES Shader Compiler Version: EV031.32.02.10
09-21 15:10:41.261 31700 31773 I AdrenoGLES-0: Local Branch                     : 
09-21 15:10:41.261 31700 31773 I AdrenoGLES-0: Remote Branch                    : refs/tags/AU_LINUX_ANDROID_LA.UM.9.12.11.00.00.582.697
09-21 15:10:41.261 31700 31773 I AdrenoGLES-0: Remote Branch                    : NONE
09-21 15:10:41.261 31700 31773 I AdrenoGLES-0: Reconstruct Branch               : NOTHING
09-21 15:10:41.261 31700 31773 I AdrenoGLES-0: Build Config                     : S P 10.0.7 AArch64
09-21 15:10:41.261 31700 31773 I AdrenoGLES-0: Driver Path                      : /vendor/lib64/egl/libGLESv2_adreno.so
09-21 15:10:41.269 31700 31773 I AdrenoGLES-0: PFP: 0x016dd093, ME: 0x00000000
09-21 15:10:41.279 31700 31700 I DecorView: [INFO] isPopOver=false config=true
09-21 15:10:41.279 31700 31700 I DecorView: updateCaptionType: isFloating=false isApplication=true hasWindowDecorCaption=false this=DecorView@eb40102[]
09-21 15:10:41.279 31700 31700 D DecorView: setCaptionType = 0, this = DecorView@eb40102[]
09-21 15:10:41.282 31700 31700 I DecorView: getCurrentDensityDpi: from real metrics. densityDpi=450 msg=resources_loaded
09-21 15:10:41.282 31700 31700 I DecorView: setWindowBackground: isPopOver=false color=ff171717 d=android.graphics.drawable.GradientDrawable@b8fb450
09-21 15:10:41.286 31700 31700 D PhoneWindow: forceLight changed to false [] from com.android.internal.policy.PhoneWindow.updateForceLightNavigationBar:4314 com.android.internal.policy.PhoneWindow.setNavigationBarColor:4033 androidx.activity.EdgeToEdgeApi29.setUp:290 androidx.activity.EdgeToEdge.enable:89 androidx.activity.EdgeToEdge.enable$default:71 
09-21 15:10:41.289 31700 31700 D GodotActivity: Project command line parameters: [--xr_mode_regular, --xr-mode, off, --fullscreen, --background_color, #000000]
09-21 15:10:41.290 31700 31700 D GodotActivity: Launch intent Intent { act=android.intent.action.MAIN cat=[android.intent.category.LAUNCHER] flg=0x10000000 pkg=com.blocktower.game cmp=com.blocktower.game/com.godot.game.GodotAppLauncher } with parameters []
09-21 15:10:41.294 31700 31773 D OpenGLRenderer: RenderThread::setGrContext()
09-21 15:10:41.302 31700 31700 V GodotActivity: Creating new Godot fragment instance.
09-21 15:10:41.332 31700 31700 V Godot   : Initializing Godot plugin registry
09-21 15:10:41.339 31700 31700 I GodotPluginRegistry: Registering runtime plugin AndroidRuntime
09-21 15:10:41.339 31700 31700 V Godot   : InitEngine with params: [--xr_mode_regular, --xr-mode, off, --fullscreen, --background_color, #000000]
09-21 15:10:41.341 31700 31700 I DecorView: setWindowBackground: isPopOver=false color=ff000000 d=android.graphics.drawable.ColorDrawable@c0e63b9
09-21 15:10:41.350 31700 31700 D nativeloader: Load /data/app/~~87yPHD3ETr7-09lZecS4qQ==/com.blocktower.game-NzrvUusfwS503AwKJ3VRcQ==/lib/arm64/libgodot_android.so using class loader ns clns-4 (caller=/data/app/~~87yPHD3ETr7-09lZecS4qQ==/com.blocktower.game-NzrvUusfwS503AwKJ3VRcQ==/base.apk!classes7.dex): ok
09-21 15:10:41.353 31700 31700 V Godot   : Godot native layer initialization completed: true
09-21 15:10:41.353 31700 31700 V Godot   : Setting up native layer with params: [--xr-mode, off, --fullscreen]
09-21 15:10:41.378 31700 31700 V Godot   : Godot native layer setup completed
09-21 15:10:41.379 31700 31700 V Godot   : OnInitRenderView: GodotFragment{e9903fe} (ad5df9a7-4d9c-4bf7-88c8-a3c853466ed5 id=0x7f07002c)
09-21 15:10:41.387 31700 31700 D CompatibilityChangeReporter: Compat change id reported: 210923482; UID 10374; state: ENABLED
09-21 15:10:41.407 31700 31700 D Godot   : Render view should be transparent: false
09-21 15:10:41.407 31700 31700 D Godot   : renderingDevice: opengl3 (ProjectSettings)
09-21 15:10:41.407 31700 31700 D Godot   : 			renderer: gl_compatibility (ProjectSettings)
09-21 15:10:41.417 31700 31700 W OnBackInvokedCallback: OnBackInvokedCallback is not enabled for the application.
09-21 15:10:41.417 31700 31700 W OnBackInvokedCallback: Set 'android:enableOnBackInvokedCallback="true"' in the application manifest.
09-21 15:10:41.424 31700 31700 V Godot   : OnStart: GodotFragment{e9903fe} (ad5df9a7-4d9c-4bf7-88c8-a3c853466ed5 id=0x7f07002c)
09-21 15:10:41.427 31700 31700 V Godot   : OnResume: GodotFragment{e9903fe} (ad5df9a7-4d9c-4bf7-88c8-a3c853466ed5 id=0x7f07002c)
09-21 15:10:41.429 31700 31700 I MSHandlerLifeCycle: check: return. pkg=com.blocktower.game parent=null callers=com.android.internal.policy.DecorView.setVisibility:4412 android.app.ActivityThread.handleResumeActivity:5476 android.app.servertransaction.ResumeActivityItem.execute:54 android.app.servertransaction.ActivityTransactionItem.execute:45 android.app.servertransaction.TransactionExecutor.executeLifecycleState:176 
09-21 15:10:41.429 31700 31700 I MSHandlerLifeCycle: removeMultiSplitHandler: no exist. decor=DecorView@eb40102[]
09-21 15:10:41.439 31700 31773 D NativeCustomFrequencyManager: [NativeCFMS] BpCustomFrequencyManager::BpCustomFrequencyManager()
09-21 15:10:41.445 31700 31700 D InsetsSourceConsumer: setRequestedVisible: visible=false, type=23, host=com.blocktower.game/com.godot.game.GodotAppLauncher, from=android.view.InsetsSourceConsumer.hide:257 android.view.InsetsController.collectSourceControls:1310 android.view.InsetsController.controlAnimationUnchecked:1164 android.view.InsetsController.applyAnimation:1576 android.view.InsetsController.applyAnimation:1557 android.view.InsetsController.hide:1093 android.view.InsetsController.hide:1068 android.view.PendingInsetsController$HideRequest.replay:241 android.view.PendingInsetsController.replayAndAttach:172 android.view.ViewRootImpl.setView:1689 
09-21 15:10:41.445 31700 31700 D InsetsSourceConsumer: setRequestedVisible: visible=false, type=22, host=com.blocktower.game/com.godot.game.GodotAppLauncher, from=android.view.InsetsSourceConsumer.hide:257 android.view.InsetsController.collectSourceControls:1310 android.view.InsetsController.controlAnimationUnchecked:1164 android.view.InsetsController.applyAnimation:1576 android.view.InsetsController.applyAnimation:1557 android.view.InsetsController.hide:1093 android.view.InsetsController.hide:1068 android.view.PendingInsetsController$HideRequest.replay:241 android.view.PendingInsetsController.replayAndAttach:172 android.view.ViewRootImpl.setView:1689 
09-21 15:10:41.445 31700 31700 D InsetsSourceConsumer: setRequestedVisible: visible=false, type=21, host=com.blocktower.game/com.godot.game.GodotAppLauncher, from=android.view.InsetsSourceConsumer.hide:257 android.view.InsetsController.collectSourceControls:1310 android.view.InsetsController.controlAnimationUnchecked:1164 android.view.InsetsController.applyAnimation:1576 android.view.InsetsController.applyAnimation:1557 android.view.InsetsController.hide:1093 android.view.InsetsController.hide:1068 android.view.PendingInsetsController$HideRequest.replay:241 android.view.PendingInsetsController.replayAndAttach:172 android.view.ViewRootImpl.setView:1689 
09-21 15:10:41.445 31700 31700 D InsetsSourceConsumer: setRequestedVisible: visible=false, type=20, host=com.blocktower.game/com.godot.game.GodotAppLauncher, from=android.view.InsetsSourceConsumer.hide:257 android.view.InsetsController.collectSourceControls:1310 android.view.InsetsController.controlAnimationUnchecked:1164 android.view.InsetsController.applyAnimation:1576 android.view.InsetsController.applyAnimation:1557 android.view.InsetsController.hide:1093 android.view.InsetsController.hide:1068 android.view.PendingInsetsController$HideRequest.replay:241 android.view.PendingInsetsController.replayAndAttach:172 android.view.ViewRootImpl.setView:1689 
09-21 15:10:41.445 31700 31700 D InsetsSourceConsumer: setRequestedVisible: visible=false, type=2, host=com.blocktower.game/com.godot.game.GodotAppLauncher, from=android.view.InsetsSourceConsumer.hide:257 android.view.InsetsController.collectSourceControls:1310 android.view.InsetsController.controlAnimationUnchecked:1164 android.view.InsetsController.applyAnimation:1576 android.view.InsetsController.applyAnimation:1557 android.view.InsetsController.hide:1093 android.view.InsetsController.hide:1068 android.view.PendingInsetsController$HideRequest.replay:241 android.view.PendingInsetsController.replayAndAttach:172 android.view.ViewRootImpl.setView:1689 
09-21 15:10:41.446 31700 31700 D InsetsSourceConsumer: setRequestedVisible: visible=false, type=1, host=com.blocktower.game/com.godot.game.GodotAppLauncher, from=android.view.InsetsSourceConsumer.hide:257 android.view.InsetsController.collectSourceControls:1310 android.view.InsetsController.controlAnimationUnchecked:1164 android.view.InsetsController.applyAnimation:1576 android.view.InsetsController.applyAnimation:1557 android.view.InsetsController.hide:1093 android.view.InsetsController.hide:1068 android.view.PendingInsetsController$HideRequest.replay:241 android.view.PendingInsetsController.replayAndAttach:172 android.view.ViewRootImpl.setView:1689 
09-21 15:10:41.446 31700 31700 D InsetsSourceConsumer: setRequestedVisible: visible=false, type=0, host=com.blocktower.game/com.godot.game.GodotAppLauncher, from=android.view.InsetsSourceConsumer.hide:257 android.view.InsetsController.collectSourceControls:1310 android.view.InsetsController.controlAnimationUnchecked:1164 android.view.InsetsController.applyAnimation:1576 android.view.InsetsController.applyAnimation:1557 android.view.InsetsController.hide:1093 android.view.InsetsController.hide:1068 android.view.PendingInsetsController$HideRequest.replay:241 android.view.PendingInsetsController.replayAndAttach:172 android.view.ViewRootImpl.setView:1689 
09-21 15:10:41.450 31700 31700 D InsetsController: onStateChanged: InsetsState: {mDisplayFrame=Rect(0, 0 - 1080, 2400), mDisplayCutout=DisplayCutout{insets=Rect(0, 92 - 0, 0) waterfall=Insets{left=0, top=0, right=0, bottom=0} boundingRect={Bounds=[Rect(0, 0 - 0, 0), Rect(503, 0 - 577, 92), Rect(0, 0 - 0, 0), Rect(0, 0 - 0, 0)]} cutoutPathParserInfo={CutoutPathParserInfo{displayWidth=1080 displayHeight=2400 physicalDisplayWidth=1080 physicalDisplayHeight=2400 density={2.8125} cutoutSpec={M 0,0 H -13.15555555555556 V 32.71111111111111 H 13.15555555555556 V 0 H 0 Z @dp} rotation={0} scale={1.0} physicalPixelDisplaySizeRatio={1.0}}}}, mRoundedCorners=RoundedCorners{[RoundedCorner{position=TopLeft, radius=25, center=Point(25, 25)}, RoundedCorner{position=TopRight, radius=25, center=Point(1055, 25)}, RoundedCorner{position=BottomRight, radius=25, center=Point(1055, 2375)}, RoundedCorner{position=BottomLeft, radius=25, center=Point(25, 2375)}]}  mRoundedCornerFrame=Rect(0, 0 - 1080, 2400), mPrivacyIndicatorBounds=PrivacyIndicatorBounds {static bounds=Rect(956, 0 - 1080, 92) rotation=0}, mSources= { InsetsSource: {mType=ITYPE_STATUS_BAR, mFrame=[0,0][1080,92], mVisible=true, mInsetsRoundedCornerFrame=false}, InsetsSource: {mType=ITYPE_NAVIGATION_BAR, mFrame=[0,2265][1080,2400], mVisible=true, mInsetsRoundedCornerFrame=false}, InsetsSource: {mType=ITYPE_LEFT_GESTURES, mFrame=[0,0][0,2400], mVisible=true, mInsetsRoundedCornerFrame=false}, InsetsSource: {mType=ITYPE_RIGHT_GESTURES, mFrame=[1080,0][1080,2400], mVisible=true, mInsetsRoundedCornerFrame=false}, InsetsSource: {mType=ITYPE_TOP_MANDATORY_GESTURES, mFrame=[0,0][1080,126], mVisible=true, mInsetsRoundedCornerFrame=false}, InsetsSource: {mType=ITYPE_BOTTOM_MANDATORY_GESTURES, mFrame=[0,2265][1080,2400], mVisible=true, mInsetsRoundedCornerFrame=false}, InsetsSource: {mType=ITYPE_LEFT_DISPLAY_CUTOUT, mFrame=[0,0][-100000,2400], mVisible=true, mInsetsRoundedCornerFrame=false}, InsetsSource: {mType=ITYPE_TOP_DISPLAY_CUTOUT, mFrame=[0,0][1080,92], mVisible=true, mInsetsRoundedCornerFrame=false}, InsetsSource: {mType=ITYPE_RIGHT_DISPLAY_CUTOUT, mFrame=[100000,0][1080,2400], mVisible=true, mInsetsRoundedCornerFrame=false}, InsetsSource: {mType=ITYPE_BOTTOM_DISPLAY_CUTOUT, mFrame=[0,100000][1080,2400], mVisible=true, mInsetsRoundedCornerFrame=false}, InsetsSource: {mType=ITYPE_TOP_TAPPABLE_ELEMENT, mFrame=[0,0][1080,92], mVisible=true, mInsetsRoundedCornerFrame=false}, InsetsSource: {mType=ITYPE_BOTTOM_TAPPABLE_ELEMENT, mFrame=[0,2265][1080,2400], mVisible=true, mInsetsRoundedCornerFrame=false} } host=com.blocktower.game/com.godot.game.GodotAppLauncher from=android.view.ViewRootImpl.setView:1732
09-21 15:10:41.452 31700 31700 I ViewRootImpl@6d90796[GodotAppLauncher]: setView = com.android.internal.policy.DecorView@eb40102 TM=true
09-21 15:10:41.453 31700 31700 I MSHandlerLifeCycle: removeMultiSplitHandler: no exist. decor=DecorView@eb40102[GodotAppLauncher]
09-21 15:10:41.455 31700 31700 I DecorView: notifyKeepScreenOnChanged: keepScreenOn=true
09-21 15:10:41.463 31700 31700 I SurfaceView@1f66074: onWindowVisibilityChanged(0) true org.godotengine.godot.GodotGLRenderView{1f66074 VFE...... .F....I. 0,0-0,0} of ViewRootImpl@6d90796[GodotAppLauncher]
09-21 15:10:41.463 31700 31700 D SurfaceView@1f66074: updateSurface: has no frame
09-21 15:10:41.469 31700 31700 I ViewRootImpl@6d90796[GodotAppLauncher]: performTraversals params={(0,0)(fillxfill) sim={adjust=resize forwardNavigation} layoutInDisplayCutoutMode=shortEdges ty=BASE_APPLICATION wanim=0x10302f4
09-21 15:10:41.469 31700 31700 I ViewRootImpl@6d90796[GodotAppLauncher]:   fl=81a10180
09-21 15:10:41.469 31700 31700 I ViewRootImpl@6d90796[GodotAppLauncher]:   pfl=1e020040
09-21 15:10:41.469 31700 31700 I ViewRootImpl@6d90796[GodotAppLauncher]:   bhv=SHOW_TRANSIENT_BARS_BY_SWIPE
09-21 15:10:41.469 31700 31700 I ViewRootImpl@6d90796[GodotAppLauncher]:   fitSides= naviIconColor=0}
09-21 15:10:41.471 31700 31700 I ViewRootImpl@6d90796[GodotAppLauncher]: performTraversals mFirst=true windowShouldResize=true viewVisibilityChanged=false mForceNextWindowRelayout=false params={(0,0)(fillxfill) sim={adjust=resize forwardNavigation} layoutInDisplayCutoutMode=shortEdges ty=BASE_APPLICATION fmt=TRANSLUCENT wanim=0x10302f4
09-21 15:10:41.471 31700 31700 I ViewRootImpl@6d90796[GodotAppLauncher]:   fl=81a10180
09-21 15:10:41.471 31700 31700 I ViewRootImpl@6d90796[GodotAppLauncher]:   pfl=1e020040
09-21 15:10:41.471 31700 31700 I ViewRootImpl@6d90796[GodotAppLauncher]:   bhv=SHOW_TRANSIENT_BARS_BY_SWIPE
09-21 15:10:41.471 31700 31700 I ViewRootImpl@6d90796[GodotAppLauncher]:   fitSides= naviIconColor=0}
09-21 15:10:41.481 31700 31700 I DecorView: onImmersiveModeChanged: isStatusBarHidden=true
09-21 15:10:41.482 31700 31700 I ViewRootImpl@6d90796[GodotAppLauncher]: updateBlastSurfaceIfNeeded mBlastBufferQueue=null isSameSurfaceControl=false
09-21 15:10:41.482 31700 31700 E BufferQueueProducer: Unable to open libpenguin.so: dlopen failed: library "libpenguin.so" not found.
09-21 15:10:41.483 31700 31700 I BLASTBufferQueue: new BLASTBufferQueue, mName= ViewRootImpl@6d90796[GodotAppLauncher] mNativeObject= 0xb400007c94575830 sc.mNativeObject= 0xb400007c245fdde0 caller= android.view.ViewRootImpl.updateBlastSurfaceIfNeeded:2909 android.view.ViewRootImpl.relayoutWindow:9847 android.view.ViewRootImpl.performTraversals:3884 android.view.ViewRootImpl.doTraversal:3116 android.view.ViewRootImpl$TraversalRunnable.run:10885 android.view.Choreographer$CallbackRecord.run:1301 android.view.Choreographer$CallbackRecord.run:1309 android.view.Choreographer.doCallbacks:923 android.view.Choreographer.doFrame:852 android.view.Choreographer$FrameDisplayEventReceiver.run:1283 
09-21 15:10:41.483 31700 31700 I BLASTBufferQueue: update, w= 1080 h= 2400 mName = ViewRootImpl@6d90796[GodotAppLauncher] mNativeObject= 0xb400007c94575830 sc.mNativeObject= 0xb400007c245fdde0 format= -3 caller= android.graphics.BLASTBufferQueue.<init>:84 android.view.ViewRootImpl.updateBlastSurfaceIfNeeded:2909 android.view.ViewRootImpl.relayoutWindow:9847 android.view.ViewRootImpl.performTraversals:3884 android.view.ViewRootImpl.doTraversal:3116 android.view.ViewRootImpl$TraversalRunnable.run:10885 
09-21 15:10:41.484 31700 31700 I ViewRootImpl@6d90796[GodotAppLauncher]: Relayout returned: old=(0,0,1080,2400) new=(0,0,1080,2400) req=(1080,2400)0 dur=11 res=0x3 s={true 0xb400007d24577d70} ch=true seqId=0
09-21 15:10:41.485 31700 31700 I ViewRootImpl@6d90796[GodotAppLauncher]: mThreadedRenderer.initialize() mSurface={isValid=true 0xb400007d24577d70} hwInitialized=true
09-21 15:10:41.487 31700 31712 I ViewRootImpl@6d90796[GodotAppLauncher]: Resizing android.view.ViewRootImpl@d85587a: frame = [0,0][1080,2400] reportDraw = true forceLayout = false syncSeqId = 0
09-21 15:10:41.488 31700 31700 D SurfaceView@1f66074: updateSurface: has no frame
09-21 15:10:41.488 31700 31700 I SurfaceView@1f66074: windowStopped(false) true org.godotengine.godot.GodotGLRenderView{1f66074 VFE...... .F....ID 0,0-1080,2400} of ViewRootImpl@6d90796[GodotAppLauncher]
09-21 15:10:41.488 31700 31700 D SurfaceView@1f66074: updateSurface: has no frame
09-21 15:10:41.488 31700 31773 D OpenGLRenderer: eglCreateWindowSurface
09-21 15:10:41.490 31700 31700 I ViewRootImpl@6d90796[GodotAppLauncher]: reportNextDraw android.view.ViewRootImpl.performTraversals:4438 android.view.ViewRootImpl.doTraversal:3116 android.view.ViewRootImpl$TraversalRunnable.run:10885 android.view.Choreographer$CallbackRecord.run:1301 android.view.Choreographer$CallbackRecord.run:1309 
09-21 15:10:41.490 31700 31700 I SurfaceView@1f66074: Changes: creating=true format=true size=true visible=true alpha=false hint=false mUseAlpha=false visible=true left=true top=true
09-21 15:10:41.493 31700 31700 I BLASTBufferQueue: update, w= 1080 h= 2400 mName = null mNativeObject= 0xb400007c94572630 sc.mNativeObject= 0xb400007c24601430 format= 4 caller= android.view.SurfaceView.createBlastSurfaceControls:1383 android.view.SurfaceView.updateSurface:1079 android.view.SurfaceView.lambda$new$0$android-view-SurfaceView:200 android.view.SurfaceView$$ExternalSyntheticLambda5.onPreDraw:2 android.view.ViewTreeObserver.dispatchOnPreDraw:1121 android.view.ViewRootImpl.performTraversals:4442 
09-21 15:10:41.493 31700 31700 I SurfaceView@1f66074: 32923764 Cur surface: Surface(name=null)/@0xd5f0191
09-21 15:10:41.493 31700 31700 I SurfaceView@1f66074: pST: sr = Rect(0, 0 - 1080, 2400) sw = 1080 sh = 2400
09-21 15:10:41.494 31700 31700 D SurfaceView@1f66074: performSurfaceTransaction RenderWorker position = [0, 0, 1080, 2400] surfaceSize = 1080x2400
09-21 15:10:41.494 31700 31700 I SurfaceView@1f66074: applyTransactionOnVriDraw: vri = ViewRootImpl@6d90796[GodotAppLauncher] fRS = false t = 0xb400007c54583390 android.view.SurfaceView.performSurfaceTransaction:959 android.view.SurfaceView.updateSurface:1105 android.view.SurfaceView.lambda$new$0$android-view-SurfaceView:200 
09-21 15:10:41.494 31700 31700 I ViewRootImpl@6d90796[GodotAppLauncher]: applyTransactionOnDraw: mRemoved = false isHardwareEnabled = true t = 0xb400007c54583390android.view.SurfaceView.applyTransactionOnVriDraw:2048 android.view.SurfaceView.performSurfaceTransaction:959 android.view.SurfaceView.updateSurface:1105 android.view.SurfaceView.lambda$new$0$android-view-SurfaceView:200 android.view.SurfaceView$$ExternalSyntheticLambda5.onPreDraw:2 
09-21 15:10:41.494 31700 31700 I SurfaceView@1f66074: updateSurface: mVisible = true mSurface.isValid() = true
09-21 15:10:41.494 31700 31700 I SurfaceView@1f66074: updateSurface: mSurfaceCreated = false surfaceChanged = true visibleChanged = true
09-21 15:10:41.494 31700 31700 I SurfaceView@1f66074: visibleChanged -- surfaceCreated
09-21 15:10:41.494 31700 31700 I SurfaceView@1f66074: surfaceCreated 1 #8 org.godotengine.godot.GodotGLRenderView{1f66074 VFE...... .F....ID 0,0-1080,2400}
09-21 15:10:41.494 31700 31700 I SurfaceView@1f66074: surfaceChanged -- format=4 w=1080 h=2400
09-21 15:10:41.494 31700 31700 I SurfaceView@1f66074: surfaceChanged (1080,2400) 1 #8 org.godotengine.godot.GodotGLRenderView{1f66074 VFE...... .F....ID 0,0-1080,2400}
09-21 15:10:41.494 31700 31700 I SurfaceView@1f66074: surfaceRedrawNeeded
09-21 15:10:41.496 31700 31823 W RegularContextFactory: creating OpenGL ES 3.0 context :
09-21 15:10:41.498 31700 31700 V SurfaceView@1f66074: Layout: x=0 y=0 w=1080 h=2400, frame=Rect(0, 0 - 1080, 2400)
09-21 15:10:41.499 31700 31700 I ViewRootImpl@6d90796[GodotAppLauncher]: Setup new sync id=0
09-21 15:10:41.499 31700 31700 I ViewRootImpl@6d90796[GodotAppLauncher]: Setting syncFrameCallback
09-21 15:10:41.499 31700 31700 I ViewRootImpl@6d90796[GodotAppLauncher]: registerCallbacksForSync syncBuffer=false
09-21 15:10:41.499 31700 31823 I godot   : Godot Engine v4.7.2.stable.official.ed1daf0bf - https://godotengine.org
09-21 15:10:41.502 31700 31848 I ViewRootImpl@6d90796[GodotAppLauncher]: mWNT: t=0xb400007c54583390 mBlastBufferQueue=0xb400007c94575830 fn= 1 caller= android.view.ViewRootImpl.lambda$applyTransactionOnDraw$11$android-view-ViewRootImpl:12865 android.view.ViewRootImpl$$ExternalSyntheticLambda1.onFrameDraw:4 android.graphics.HardwareRenderer$FrameDrawingCallback.onFrameDraw:924 
09-21 15:10:41.502 31700 31848 I ViewRootImpl@6d90796[GodotAppLauncher]: Received frameDrawingCallback syncResult=0 frameNum=1.
09-21 15:10:41.502 31700 31848 I ViewRootImpl@6d90796[GodotAppLauncher]: Setting up sync and frameCommitCallback
09-21 15:10:41.503 31700 31849 D SurfaceView@1f66074: updateSurfacePosition RenderWorker, frameNr = 1, position = [0, 0, 1080, 2400] surfaceSize = 1080x2400
09-21 15:10:41.503 31700 31849 I SurfaceView@1f66074: uSP: rtp = Rect(0, 0 - 1080, 2400) rtsw = 1080 rtsh = 2400
09-21 15:10:41.503 31700 31849 I SurfaceView@1f66074: onSSPAndSRT: pl = 0 pt = 0 sx = 1.0 sy = 1.0
09-21 15:10:41.504 31700 31849 I SurfaceView@1f66074: aOrMT: ViewRootImpl@6d90796[GodotAppLauncher] t = android.view.SurfaceControl$Transaction@1e751c9 fN = 1 android.view.SurfaceView.-$$Nest$mapplyOrMergeTransaction:0 android.view.SurfaceView$SurfaceViewPositionUpdateListener.positionChanged:1537 android.graphics.RenderNode$CompositePositionUpdateListener.positionChanged:373 
09-21 15:10:41.504 31700 31849 I ViewRootImpl@6d90796[GodotAppLauncher]: mWNT: t=0xb400007c54584e90 mBlastBufferQueue=0xb400007c94575830 fn= 1 caller= android.view.SurfaceView.applyOrMergeTransaction:1455 android.view.SurfaceView.-$$Nest$mapplyOrMergeTransaction:0 android.view.SurfaceView$SurfaceViewPositionUpdateListener.positionChanged:1537 
09-21 15:10:41.507 31700 31773 I BLASTBufferQueue: [ViewRootImpl@6d90796[GodotAppLauncher]#0](f:0,a:0) onFrameAvailable the first frame is available
09-21 15:10:41.508 31700 31773 I ViewRootImpl@6d90796[GodotAppLauncher]: Received frameCommittedCallback lastAttemptedDrawFrameNum=1 didProduceBuffer=true
09-21 15:10:41.509 31700 31773 D OpenGLRenderer: CFMS:: SetUp Pid : 31700    Tid : 31773
09-21 15:10:41.511 31700 31773 W Parcel  : Expecting binder but got null!
09-21 15:10:41.513 31700 31700 D InsetsController: onStateChanged: InsetsState: {mDisplayFrame=Rect(0, 0 - 1080, 2400), mDisplayCutout=DisplayCutout{insets=Rect(0, 92 - 0, 0) waterfall=Insets{left=0, top=0, right=0, bottom=0} boundingRect={Bounds=[Rect(0, 0 - 0, 0), Rect(503, 0 - 577, 92), Rect(0, 0 - 0, 0), Rect(0, 0 - 0, 0)]} cutoutPathParserInfo={CutoutPathParserInfo{displayWidth=1080 displayHeight=2400 physicalDisplayWidth=1080 physicalDisplayHeight=2400 density={2.8125} cutoutSpec={M 0,0 H -13.15555555555556 V 32.71111111111111 H 13.15555555555556 V 0 H 0 Z @dp} rotation={0} scale={1.0} physicalPixelDisplaySizeRatio={1.0}}}}, mRoundedCorners=RoundedCorners{[RoundedCorner{position=TopLeft, radius=25, center=Point(25, 25)}, RoundedCorner{position=TopRight, radius=25, center=Point(1055, 25)}, RoundedCorner{position=BottomRight, radius=25, center=Point(1055, 2375)}, RoundedCorner{position=BottomLeft, radius=25, center=Point(25, 2375)}]}  mRoundedCornerFrame=Rect(0, 0 - 1080, 2400), mPrivacyIndicatorBounds=PrivacyIndicatorBounds {static bounds=Rect(956, 0 - 1080, 92) rotation=0}, mSources= { InsetsSource: {mType=ITYPE_STATUS_BAR, mFrame=[0,0][1080,92], mVisible=true, mInsetsRoundedCornerFrame=false}, InsetsSource: {mType=ITYPE_NAVIGATION_BAR, mFrame=[0,2265][1080,2400], mVisible=true, mInsetsRoundedCornerFrame=false}, InsetsSource: {mType=ITYPE_LEFT_GESTURES, mFrame=[0,0][0,2400], mVisible=true, mInsetsRoundedCornerFrame=false}, InsetsSource: {mType=ITYPE_RIGHT_GESTURES, mFrame=[1080,0][1080,2400], mVisible=true, mInsetsRoundedCornerFrame=false}, InsetsSource: {mType=ITYPE_TOP_MANDATORY_GESTURES, mFrame=[0,0][1080,126], mVisible=true, mInsetsRoundedCornerFrame=false}, InsetsSource: {mType=ITYPE_BOTTOM_MANDATORY_GESTURES, mFrame=[0,2265][1080,2400], mVisible=true, mInsetsRoundedCornerFrame=false}, InsetsSource: {mType=ITYPE_LEFT_DISPLAY_CUTOUT, mFrame=[0,0][-100000,2400], mVisible=true, mInsetsRoundedCornerFrame=false}, InsetsSource: {mType=ITYPE_TOP_DISPLAY_CUTOUT, mFrame=[0,0][1080,92], mVisible=true, mInsetsRoundedCornerFrame=false}, InsetsSource: {mType=ITYPE_RIGHT_DISPLAY_CUTOUT, mFrame=[100000,0][1080,2400], mVisible=true, mInsetsRoundedCornerFrame=false}, InsetsSource: {mType=ITYPE_BOTTOM_DISPLAY_CUTOUT, mFrame=[0,100000][1080,2400], mVisible=true, mInsetsRoundedCornerFrame=false}, InsetsSource: {mType=ITYPE_TOP_TAPPABLE_ELEMENT, mFrame=[0,0][1080,92], mVisible=true, mInsetsRoundedCornerFrame=false}, InsetsSource: {mType=ITYPE_BOTTOM_TAPPABLE_ELEMENT, mFrame=[0,2265][1080,2400], mVisible=true, mInsetsRoundedCornerFrame=false} } host=com.blocktower.game/com.godot.game.GodotAppLauncher from=android.view.ViewRootImpl$ViewRootHandler.handleMessageImpl:6740
09-21 15:10:41.515 31700 31700 D InsetsController: controlAnimationUnchecked: Added types=3 animType=1 host=com.blocktower.game/com.godot.game.GodotAppLauncher from=android.view.InsetsController.applyAnimation:1576 android.view.InsetsController.applyAnimation:1557 android.view.InsetsController.onControlsChanged:995 
09-21 15:10:41.515 31700 31700 D InsetsController: onStateChanged: InsetsState: {mDisplayFrame=Rect(0, 0 - 1080, 2400), mDisplayCutout=DisplayCutout{insets=Rect(0, 92 - 0, 0) waterfall=Insets{left=0, top=0, right=0, bottom=0} boundingRect={Bounds=[Rect(0, 0 - 0, 0), Rect(503, 0 - 577, 92), Rect(0, 0 - 0, 0), Rect(0, 0 - 0, 0)]} cutoutPathParserInfo={CutoutPathParserInfo{displayWidth=1080 displayHeight=2400 physicalDisplayWidth=1080 physicalDisplayHeight=2400 density={2.8125} cutoutSpec={M 0,0 H -13.15555555555556 V 32.71111111111111 H 13.15555555555556 V 0 H 0 Z @dp} rotation={0} scale={1.0} physicalPixelDisplaySizeRatio={1.0}}}}, mRoundedCorners=RoundedCorners{[RoundedCorner{position=TopLeft, radius=25, center=Point(25, 25)}, RoundedCorner{position=TopRight, radius=25, center=Point(1055, 25)}, RoundedCorner{position=BottomRight, radius=25, center=Point(1055, 2375)}, RoundedCorner{position=BottomLeft, radius=25, center=Point(25, 2375)}]}  mRoundedCornerFrame=Rect(0, 0 - 1080, 2400), mPrivacyIndicatorBounds=PrivacyIndicatorBounds {static bounds=Rect(956, 0 - 1080, 92) rotation=0}, mSources= { InsetsSource: {mType=ITYPE_STATUS_BAR, mFrame=[0,0][1080,92], mVisible=false, mInsetsRoundedCornerFrame=false}, InsetsSource: {mType=ITYPE_NAVIGATION_BAR, mFrame=[0,2265][1080,2400], mVisible=false, mInsetsRoundedCornerFrame=false}, InsetsSource: {mType=ITYPE_LEFT_GESTURES, mFrame=[0,0][0,2400], mVisible=true, mInsetsRoundedCornerFrame=false}, InsetsSource: {mType=ITYPE_RIGHT_GESTURES, mFrame=[1080,0][1080,2400], mVisible=true, mInsetsRoundedCornerFrame=false}, InsetsSource: {mType=ITYPE_TOP_MANDATORY_GESTURES, mFrame=[0,0][1080,126], mVisible=true, mInsetsRoundedCornerFrame=false}, InsetsSource: {mType=ITYPE_BOTTOM_MANDATORY_GESTURES, mFrame=[0,2265][1080,2400], mVisible=true, mInsetsRoundedCornerFrame=false}, InsetsSource: {mType=ITYPE_LEFT_DISPLAY_CUTOUT, mFrame=[0,0][-100000,2400], mVisible=true, mInsetsRoundedCornerFrame=false}, InsetsSource: {mType=ITYPE_TOP_DISPLAY_CUTOUT, mFrame=[0,0][1080,92], mVisible=true, mInsetsRoundedCornerFrame=false}, InsetsSource: {mType=ITYPE_RIGHT_DISPLAY_CUTOUT, mFrame=[100000,0][1080,2400], mVisible=true, mInsetsRoundedCornerFrame=false}, InsetsSource: {mType=ITYPE_BOTTOM_DISPLAY_CUTOUT, mFrame=[0,100000][1080,2400], mVisible=true, mInsetsRoundedCornerFrame=false}, InsetsSource: {mType=ITYPE_TOP_TAPPABLE_ELEMENT, mFrame=[0,0][1080,92], mVisible=true, mInsetsRoundedCornerFrame=false}, InsetsSource: {mType=ITYPE_BOTTOM_TAPPABLE_ELEMENT, mFrame=[0,2265][1080,2400], mVisible=true, mInsetsRoundedCornerFrame=false} } host=com.blocktower.game/com.godot.game.GodotAppLauncher from=android.view.ViewRootImpl$ViewRootHandler.handleMessageImpl:6727
09-21 15:10:41.516 31700 31700 I ViewRootImpl@6d90796[GodotAppLauncher]: handleResized, msg = 5 frames=ClientWindowFrames{frame=[0,0][1080,2400] display=[0,0][1080,2400] parentFrame=[0,0][0,0] parentClippedByDisplayCutout=false} forceNextWindowRelayout=false displayId=0 resizeMode=-1 frameChanged=false displayFrameChanged=false configChanged=false displayChanged=false
09-21 15:10:41.516 31700 31700 I ViewRootImpl@6d90796[GodotAppLauncher]: handleResized mSyncSeqId = 0
09-21 15:10:41.516 31700 31700 I ViewRootImpl@6d90796[GodotAppLauncher]: reportNextDraw android.view.ViewRootImpl.handleResized:2450 android.view.ViewRootImpl.-$$Nest$mhandleResized:0 android.view.ViewRootImpl$ViewRootHandler.handleMessageImpl:6728 android.view.ViewRootImpl$ViewRootHandler.handleMessage:6697 android.os.Handler.dispatchMessage:106 
09-21 15:10:41.529 31700 31700 I ViewRootImpl@6d90796[GodotAppLauncher]: Setup new sync id=1
09-21 15:10:41.529 31700 31700 I ViewRootImpl@6d90796[GodotAppLauncher]: Setting syncFrameCallback
09-21 15:10:41.529 31700 31700 I ViewRootImpl@6d90796[GodotAppLauncher]: registerCallbacksForSync syncBuffer=false
09-21 15:10:41.530 31700 31848 I ViewRootImpl@6d90796[GodotAppLauncher]: mWNT: t=0xb400007c54583810 mBlastBufferQueue=0xb400007c94575830 fn= 2 caller= android.view.SyncRtSurfaceTransactionApplier.applyTransaction:96 android.view.SyncRtSurfaceTransactionApplier.lambda$scheduleApply$0$android-view-SyncRtSurfaceTransactionApplier:69 android.view.SyncRtSurfaceTransactionApplier$$ExternalSyntheticLambda0.onFrameDraw:4 
09-21 15:10:41.531 31700 31848 I ViewRootImpl@6d90796[GodotAppLauncher]: Received frameDrawingCallback syncResult=0 frameNum=2.
09-21 15:10:41.531 31700 31848 I ViewRootImpl@6d90796[GodotAppLauncher]: Setting up sync and frameCommitCallback
09-21 15:10:41.536 31700 31773 I ViewRootImpl@6d90796[GodotAppLauncher]: Received frameCommittedCallback lastAttemptedDrawFrameNum=2 didProduceBuffer=true
09-21 15:10:41.547 31700 31849 I ViewRootImpl@6d90796[GodotAppLauncher]: mWNT: t=0xb400007c5456dc70 mBlastBufferQueue=0xb400007c94575830 fn= 3 caller= android.view.SyncRtSurfaceTransactionApplier.applyTransaction:96 android.view.SyncRtSurfaceTransactionApplier.lambda$scheduleApply$0$android-view-SyncRtSurfaceTransactionApplier:69 android.view.SyncRtSurfaceTransactionApplier$$ExternalSyntheticLambda0.onFrameDraw:4 
09-21 15:10:41.562 31700 31848 I ViewRootImpl@6d90796[GodotAppLauncher]: mWNT: t=0xb400007c5456dc70 mBlastBufferQueue=0xb400007c94575830 fn= 4 caller= android.view.SyncRtSurfaceTransactionApplier.applyTransaction:96 android.view.SyncRtSurfaceTransactionApplier.lambda$scheduleApply$0$android-view-SyncRtSurfaceTransactionApplier:69 android.view.SyncRtSurfaceTransactionApplier$$ExternalSyntheticLambda0.onFrameDraw:4 
09-21 15:10:41.579 31700 31849 I ViewRootImpl@6d90796[GodotAppLauncher]: mWNT: t=0xb400007c5459cf50 mBlastBufferQueue=0xb400007c94575830 fn= 5 caller= android.view.SyncRtSurfaceTransactionApplier.applyTransaction:96 android.view.SyncRtSurfaceTransactionApplier.lambda$scheduleApply$0$android-view-SyncRtSurfaceTransactionApplier:69 android.view.SyncRtSurfaceTransactionApplier$$ExternalSyntheticLambda0.onFrameDraw:4 
09-21 15:10:41.598 31700 31848 I ViewRootImpl@6d90796[GodotAppLauncher]: mWNT: t=0xb400007c5459cf50 mBlastBufferQueue=0xb400007c94575830 fn= 6 caller= android.view.SyncRtSurfaceTransactionApplier.applyTransaction:96 android.view.SyncRtSurfaceTransactionApplier.lambda$scheduleApply$0$android-view-SyncRtSurfaceTransactionApplier:69 android.view.SyncRtSurfaceTransactionApplier$$ExternalSyntheticLambda0.onFrameDraw:4 
09-21 15:10:41.613 31700 31849 I ViewRootImpl@6d90796[GodotAppLauncher]: mWNT: t=0xb400007c5459d610 mBlastBufferQueue=0xb400007c94575830 fn= 7 caller= android.view.SyncRtSurfaceTransactionApplier.applyTransaction:96 android.view.SyncRtSurfaceTransactionApplier.lambda$scheduleApply$0$android-view-SyncRtSurfaceTransactionApplier:69 android.view.SyncRtSurfaceTransactionApplier$$ExternalSyntheticLambda0.onFrameDraw:4 
09-21 15:10:41.630 31700 31848 I ViewRootImpl@6d90796[GodotAppLauncher]: mWNT: t=0xb400007c5459d610 mBlastBufferQueue=0xb400007c94575830 fn= 8 caller= android.view.SyncRtSurfaceTransactionApplier.applyTransaction:96 android.view.SyncRtSurfaceTransactionApplier.lambda$scheduleApply$0$android-view-SyncRtSurfaceTransactionApplier:69 android.view.SyncRtSurfaceTransactionApplier$$ExternalSyntheticLambda0.onFrameDraw:4 
09-21 15:10:41.646 31700 31849 I ViewRootImpl@6d90796[GodotAppLauncher]: mWNT: t=0xb400007c5459fa10 mBlastBufferQueue=0xb400007c94575830 fn= 9 caller= android.view.SyncRtSurfaceTransactionApplier.applyTransaction:96 android.view.SyncRtSurfaceTransactionApplier.lambda$scheduleApply$0$android-view-SyncRtSurfaceTransactionApplier:69 android.view.SyncRtSurfaceTransactionApplier$$ExternalSyntheticLambda0.onFrameDraw:4 
09-21 15:10:41.662 31700 31848 I ViewRootImpl@6d90796[GodotAppLauncher]: mWNT: t=0xb400007c5459fa10 mBlastBufferQueue=0xb400007c94575830 fn= 10 caller= android.view.SyncRtSurfaceTransactionApplier.applyTransaction:96 android.view.SyncRtSurfaceTransactionApplier.lambda$scheduleApply$0$android-view-SyncRtSurfaceTransactionApplier:69 android.view.SyncRtSurfaceTransactionApplier$$ExternalSyntheticLambda0.onFrameDraw:4 
09-21 15:10:41.679 31700 31849 I ViewRootImpl@6d90796[GodotAppLauncher]: mWNT: t=0xb400007c5459fe90 mBlastBufferQueue=0xb400007c94575830 fn= 11 caller= android.view.SyncRtSurfaceTransactionApplier.applyTransaction:96 android.view.SyncRtSurfaceTransactionApplier.lambda$scheduleApply$0$android-view-SyncRtSurfaceTransactionApplier:69 android.view.SyncRtSurfaceTransactionApplier$$ExternalSyntheticLambda0.onFrameDraw:4 
09-21 15:10:41.696 31700 31848 I ViewRootImpl@6d90796[GodotAppLauncher]: mWNT: t=0xb400007c5459fe90 mBlastBufferQueue=0xb400007c94575830 fn= 12 caller= android.view.SyncRtSurfaceTransactionApplier.applyTransaction:96 android.view.SyncRtSurfaceTransactionApplier.lambda$scheduleApply$0$android-view-SyncRtSurfaceTransactionApplier:69 android.view.SyncRtSurfaceTransactionApplier$$ExternalSyntheticLambda0.onFrameDraw:4 
09-21 15:10:41.712 31700 31849 I ViewRootImpl@6d90796[GodotAppLauncher]: mWNT: t=0xb400007c5459d2b0 mBlastBufferQueue=0xb400007c94575830 fn= 13 caller= android.view.SyncRtSurfaceTransactionApplier.applyTransaction:96 android.view.SyncRtSurfaceTransactionApplier.lambda$scheduleApply$0$android-view-SyncRtSurfaceTransactionApplier:69 android.view.SyncRtSurfaceTransactionApplier$$ExternalSyntheticLambda0.onFrameDraw:4 
09-21 15:10:41.728 31700 31848 I ViewRootImpl@6d90796[GodotAppLauncher]: mWNT: t=0xb400007c5459d2b0 mBlastBufferQueue=0xb400007c94575830 fn= 14 caller= android.view.SyncRtSurfaceTransactionApplier.applyTransaction:96 android.view.SyncRtSurfaceTransactionApplier.lambda$scheduleApply$0$android-view-SyncRtSurfaceTransactionApplier:69 android.view.SyncRtSurfaceTransactionApplier$$ExternalSyntheticLambda0.onFrameDraw:4 
09-21 15:10:41.745 31700 31849 I ViewRootImpl@6d90796[GodotAppLauncher]: mWNT: t=0xb400007c5459f7d0 mBlastBufferQueue=0xb400007c94575830 fn= 15 caller= android.view.SyncRtSurfaceTransactionApplier.applyTransaction:96 android.view.SyncRtSurfaceTransactionApplier.lambda$scheduleApply$0$android-view-SyncRtSurfaceTransactionApplier:69 android.view.SyncRtSurfaceTransactionApplier$$ExternalSyntheticLambda0.onFrameDraw:4 
09-21 15:10:41.762 31700 31848 I ViewRootImpl@6d90796[GodotAppLauncher]: mWNT: t=0xb400007c5459f7d0 mBlastBufferQueue=0xb400007c94575830 fn= 16 caller= android.view.SyncRtSurfaceTransactionApplier.applyTransaction:96 android.view.SyncRtSurfaceTransactionApplier.lambda$scheduleApply$0$android-view-SyncRtSurfaceTransactionApplier:69 android.view.SyncRtSurfaceTransactionApplier$$ExternalSyntheticLambda0.onFrameDraw:4 
09-21 15:10:41.779 31700 31849 I ViewRootImpl@6d90796[GodotAppLauncher]: mWNT: t=0xb400007c5459d4f0 mBlastBufferQueue=0xb400007c94575830 fn= 17 caller= android.view.SyncRtSurfaceTransactionApplier.applyTransaction:96 android.view.SyncRtSurfaceTransactionApplier.lambda$scheduleApply$0$android-view-SyncRtSurfaceTransactionApplier:69 android.view.SyncRtSurfaceTransactionApplier$$ExternalSyntheticLambda0.onFrameDraw:4 
09-21 15:10:41.796 31700 31848 I ViewRootImpl@6d90796[GodotAppLauncher]: mWNT: t=0xb400007c5459d4f0 mBlastBufferQueue=0xb400007c94575830 fn= 18 caller= android.view.SyncRtSurfaceTransactionApplier.applyTransaction:96 android.view.SyncRtSurfaceTransactionApplier.lambda$scheduleApply$0$android-view-SyncRtSurfaceTransactionApplier:69 android.view.SyncRtSurfaceTransactionApplier$$ExternalSyntheticLambda0.onFrameDraw:4 
09-21 15:10:41.812 31700 31849 I ViewRootImpl@6d90796[GodotAppLauncher]: mWNT: t=0xb400007c5459e390 mBlastBufferQueue=0xb400007c94575830 fn= 19 caller= android.view.SyncRtSurfaceTransactionApplier.applyTransaction:96 android.view.SyncRtSurfaceTransactionApplier.lambda$scheduleApply$0$android-view-SyncRtSurfaceTransactionApplier:69 android.view.SyncRtSurfaceTransactionApplier$$ExternalSyntheticLambda0.onFrameDraw:4 
09-21 15:10:41.829 31700 31848 I ViewRootImpl@6d90796[GodotAppLauncher]: mWNT: t=0xb400007c5459e390 mBlastBufferQueue=0xb400007c94575830 fn= 20 caller= android.view.SyncRtSurfaceTransactionApplier.applyTransaction:96 android.view.SyncRtSurfaceTransactionApplier.lambda$scheduleApply$0$android-view-SyncRtSurfaceTransactionApplier:69 android.view.SyncRtSurfaceTransactionApplier$$ExternalSyntheticLambda0.onFrameDraw:4 
09-21 15:10:41.846 31700 31849 I ViewRootImpl@6d90796[GodotAppLauncher]: mWNT: t=0xb400007c5459dcd0 mBlastBufferQueue=0xb400007c94575830 fn= 21 caller= android.view.SyncRtSurfaceTransactionApplier.applyTransaction:96 android.view.SyncRtSurfaceTransactionApplier.lambda$scheduleApply$0$android-view-SyncRtSurfaceTransactionApplier:69 android.view.SyncRtSurfaceTransactionApplier$$ExternalSyntheticLambda0.onFrameDraw:4 
09-21 15:10:41.862 31700 31848 I ViewRootImpl@6d90796[GodotAppLauncher]: mWNT: t=0xb400007c5459dcd0 mBlastBufferQueue=0xb400007c94575830 fn= 22 caller= android.view.SyncRtSurfaceTransactionApplier.applyTransaction:96 android.view.SyncRtSurfaceTransactionApplier.lambda$scheduleApply$0$android-view-SyncRtSurfaceTransactionApplier:69 android.view.SyncRtSurfaceTransactionApplier$$ExternalSyntheticLambda0.onFrameDraw:4 
09-21 15:10:41.879 31700 31849 I ViewRootImpl@6d90796[GodotAppLauncher]: mWNT: t=0xb400007c5459d850 mBlastBufferQueue=0xb400007c94575830 fn= 23 caller= android.view.SyncRtSurfaceTransactionApplier.applyTransaction:96 android.view.SyncRtSurfaceTransactionApplier.lambda$scheduleApply$0$android-view-SyncRtSurfaceTransactionApplier:69 android.view.SyncRtSurfaceTransactionApplier$$ExternalSyntheticLambda0.onFrameDraw:4 
09-21 15:10:41.895 31700 31700 D InsetsController: cancelAnimation of types: 3, animType: 1, host: com.blocktower.game/com.godot.game.GodotAppLauncher, from:android.view.InsetsController.notifyFinished:1375 android.view.InsetsAnimationControlImpl.applyChangeInsets:285 android.view.InsetsController.lambda$new$3$android-view-InsetsController:674 
09-21 15:10:41.897 31700 31848 I ViewRootImpl@6d90796[GodotAppLauncher]: mWNT: t=0xb400007c545b05d0 mBlastBufferQueue=0xb400007c94575830 fn= 24 caller= android.view.SyncRtSurfaceTransactionApplier.applyTransaction:96 android.view.SyncRtSurfaceTransactionApplier.lambda$scheduleApply$0$android-view-SyncRtSurfaceTransactionApplier:69 android.view.SyncRtSurfaceTransactionApplier$$ExternalSyntheticLambda0.onFrameDraw:4 
09-21 15:10:42.184 31700 31704 I blocktower.game: Compiler allocated 6245KB to compile void android.view.ViewRootImpl.performTraversals()
09-21 15:10:42.433 31700 31823 I godot   : OpenGL API OpenGL ES 3.2 V@0502.11.5 (GIT@db7e7066a2, I1fad33e957, 1746950372) (Date:05/11/25) - Compatibility - Using Device: Qualcomm - Adreno (TM) 650
09-21 15:10:42.437 31700 31823 D blocktower.game: PlayerBase::PlayerBase()
09-21 15:10:42.437 31700 31823 D blocktower.game: TrackPlayerBase::TrackPlayerBase()
09-21 15:10:42.437 31700 31823 I libOpenSLES: Emulating old channel mask behavior (ignoring positional mask 0x3, using default mask 0x3 based on channel count of 2)
09-21 15:10:42.443 31700 31823 I AudioTrack: Need throttle time for OpenSLES player
09-21 15:10:42.451 31700 31823 I godot   : 
09-21 15:10:42.535 31700 31823 I BLASTBufferQueue: [SurfaceView[com.blocktower.game/com.godot.game.GodotAppLauncher]@0#1](f:0,a:0) onFrameAvailable the first frame is available
09-21 15:10:42.542 31700 31700 I SurfaceView@1f66074: finishedDrawing
09-21 15:10:42.542 31700 31823 I ViewRootImpl@6d90796[GodotAppLauncher]: onSyncComplete
09-21 15:10:42.546 31700 31823 I ViewRootImpl@6d90796[GodotAppLauncher]: setupSync seqId=0 mSyncId=-1 fn=2 caller=android.view.ViewRootImpl$$ExternalSyntheticLambda11.accept:6 android.window.SurfaceSyncer.lambda$setupSync$1$android-window-SurfaceSyncer:128 android.window.SurfaceSyncer$$ExternalSyntheticLambda1.accept:8 android.window.SurfaceSyncer$SyncSet.checkIfSyncIsComplete:382 android.window.SurfaceSyncer$SyncSet.lambda$merge$1$android-window-SurfaceSyncer$SyncSet:435 android.window.SurfaceSyncer$SyncSet$$ExternalSyntheticLambda0.accept:6 android.window.SurfaceSyncer$SyncSet.lambda$updateCallback$0:407 
09-21 15:10:42.546 31700 31700 I ViewRootImpl@6d90796[GodotAppLauncher]: reportDrawFinished seqId=0 mSyncId=-1 fn=2 mSurfaceChangedTransaction=0xb400007c545822b0
09-21 15:10:42.546 31700 31823 I ViewRootImpl@6d90796[GodotAppLauncher]: onSyncComplete
09-21 15:10:42.546 31700 31823 I ViewRootImpl@6d90796[GodotAppLauncher]: setupSync seqId=0 mSyncId=-1 fn=2 caller=android.view.ViewRootImpl$$ExternalSyntheticLambda11.accept:6 android.window.SurfaceSyncer.lambda$setupSync$1$android-window-SurfaceSyncer:128 android.window.SurfaceSyncer$$ExternalSyntheticLambda1.accept:8 android.window.SurfaceSyncer$SyncSet.checkIfSyncIsComplete:382 android.window.SurfaceSyncer$SyncSet.lambda$merge$1$android-window-SurfaceSyncer$SyncSet:435 android.window.SurfaceSyncer$SyncSet$$ExternalSyntheticLambda0.accept:6 android.window.SurfaceSyncer$SyncSet.lambda$updateCallback$0:407 
09-21 15:10:42.546 31700 31700 I ViewRootImpl@6d90796[GodotAppLauncher]: reportDrawFinished seqId=0 mSyncId=-1 fn=2 mSurfaceChangedTransaction=0xb400007c545822b0
09-21 15:10:42.564 31700 31700 I ViewRootImpl@6d90796[GodotAppLauncher]: MSG_WINDOW_FOCUS_CHANGED 1 0
09-21 15:10:42.564 31700 31700 I ViewRootImpl@6d90796[GodotAppLauncher]: mThreadedRenderer.initializeIfNeeded()#2 mSurface={isValid=true 0xb400007d24577d70}
09-21 15:10:42.567 31700 31700 D InputMethodManager: startInputInner - Id : 0
09-21 15:10:42.567 31700 31700 I InputMethodManager: startInputInner - mService.startInputOrWindowGainedFocus
09-21 15:10:42.572 31700 31700 D InputMethodManager: startInputInner - Id : 0
09-21 15:10:42.576 31700 31700 D InsetsController: onStateChanged: InsetsState: {mDisplayFrame=Rect(0, 0 - 1080, 2400), mDisplayCutout=DisplayCutout{insets=Rect(0, 92 - 0, 0) waterfall=Insets{left=0, top=0, right=0, bottom=0} boundingRect={Bounds=[Rect(0, 0 - 0, 0), Rect(503, 0 - 577, 92), Rect(0, 0 - 0, 0), Rect(0, 0 - 0, 0)]} cutoutPathParserInfo={CutoutPathParserInfo{displayWidth=1080 displayHeight=2400 physicalDisplayWidth=1080 physicalDisplayHeight=2400 density={2.8125} cutoutSpec={M 0,0 H -13.15555555555556 V 32.71111111111111 H 13.15555555555556 V 0 H 0 Z @dp} rotation={0} scale={1.0} physicalPixelDisplaySizeRatio={1.0}}}}, mRoundedCorners=RoundedCorners{[RoundedCorner{position=TopLeft, radius=25, center=Point(25, 25)}, RoundedCorner{position=TopRight, radius=25, center=Point(1055, 25)}, RoundedCorner{position=BottomRight, radius=25, center=Point(1055, 2375)}, RoundedCorner{position=BottomLeft, radius=25, center=Point(25, 2375)}]}  mRoundedCornerFrame=Rect(0, 0 - 1080, 2400), mPrivacyIndicatorBounds=PrivacyIndicatorBounds {static bounds=Rect(956, 0 - 1080, 92) rotation=0}, mSources= { InsetsSource: {mType=ITYPE_STATUS_BAR, mFrame=[0,0][1080,92], mVisible=false, mInsetsRoundedCornerFrame=false}, InsetsSource: {mType=ITYPE_NAVIGATION_BAR, mFrame=[0,2265][1080,2400], mVisible=false, mInsetsRoundedCornerFrame=false}, InsetsSource: {mType=ITYPE_LEFT_GESTURES, mFrame=[0,0][0,2400], mVisible=true, mInsetsRoundedCornerFrame=false}, InsetsSource: {mType=ITYPE_RIGHT_GESTURES, mFrame=[1080,0][1080,2400], mVisible=true, mInsetsRoundedCornerFrame=false}, InsetsSource: {mType=ITYPE_TOP_MANDATORY_GESTURES, mFrame=[0,0][1080,126], mVisible=true, mInsetsRoundedCornerFrame=false}, InsetsSource: {mType=ITYPE_BOTTOM_MANDATORY_GESTURES, mFrame=[0,2265][1080,2400], mVisible=true, mInsetsRoundedCornerFrame=false}, InsetsSource: {mType=ITYPE_LEFT_DISPLAY_CUTOUT, mFrame=[0,0][-100000,2400], mVisible=true, mInsetsRoundedCornerFrame=false}, InsetsSource: {mType=ITYPE_TOP_DISPLAY_CUTOUT, mFrame=[0,0][1080,92], mVisible=true, mInsetsRoundedCornerFrame=false}, InsetsSource: {mType=ITYPE_RIGHT_DISPLAY_CUTOUT, mFrame=[100000,0][1080,2400], mVisible=true, mInsetsRoundedCornerFrame=false}, InsetsSource: {mType=ITYPE_BOTTOM_DISPLAY_CUTOUT, mFrame=[0,100000][1080,2400], mVisible=true, mInsetsRoundedCornerFrame=false}, InsetsSource: {mType=ITYPE_TOP_TAPPABLE_ELEMENT, mFrame=[0,0][1080,92], mVisible=true, mInsetsRoundedCornerFrame=false}, InsetsSource: {mType=ITYPE_BOTTOM_TAPPABLE_ELEMENT, mFrame=[0,2265][1080,2400], mVisible=true, mInsetsRoundedCornerFrame=false}, InsetsSource: {mType=ITYPE_IME, mFrame=[0,0][0,0], mVisibleFrame=[0,1249][1080,2400], mVisible=false, mInsetsRoundedCornerFrame=false} } host=com.blocktower.game/com.godot.game.GodotAppLauncher from=android.view.ViewRootImpl$ViewRootHandler.handleMessageImpl:6740
09-21 15:10:42.835 31700 31823 V Godot   : OnGodotSetupCompleted
09-21 15:10:43.264 31700 31823 V Godot   : OnGodotMainLoopStarted
09-21 15:10:52.651 31700 31700 I ViewRootImpl@6d90796[GodotAppLauncher]: ViewPostIme pointer 0
09-21 15:10:52.652 31700 31700 I GestureDetector: obtain mCurrentDownEvent. id: 334829354 caller: android.view.ScaleGestureDetector.onTouchEvent:275 org.godotengine.godot.input.GodotInputHandler.onTouchEvent:262 org.godotengine.godot.GodotGLRenderView.onTouchEvent:146 
09-21 15:10:52.652 31700 31700 I GestureDetector: obtain mCurrentDownEvent. id: 334829354 caller: org.godotengine.godot.input.GodotInputHandler.onTouchEvent:263 org.godotengine.godot.GodotGLRenderView.onTouchEvent:146 android.view.View.dispatchTouchEvent:15544 
09-21 15:10:52.730 31700 31700 I GestureDetector: obtain mCurrentMotionEventRaw. action: 2 id: 261801770
09-21 15:10:52.730 31700 31700 I GestureDetector: obtain mCurrentMotionEventRaw. action: 2 id: 261801770
09-21 15:10:53.234 31700 31700 I ViewRootImpl@6d90796[GodotAppLauncher]: ViewPostIme pointer 1
09-21 15:10:53.745 31700 31700 I ViewRootImpl@6d90796[GodotAppLauncher]: ViewPostIme pointer 0
09-21 15:10:53.745 31700 31700 I GestureDetector: obtain mCurrentDownEvent. id: 675702876 caller: android.view.ScaleGestureDetector.onTouchEvent:275 org.godotengine.godot.input.GodotInputHandler.onTouchEvent:262 org.godotengine.godot.GodotGLRenderView.onTouchEvent:146 
09-21 15:10:53.747 31700 31700 I GestureDetector: obtain mCurrentDownEvent. id: 675702876 caller: org.godotengine.godot.input.GodotInputHandler.onTouchEvent:263 org.godotengine.godot.GodotGLRenderView.onTouchEvent:146 android.view.View.dispatchTouchEvent:15544 
09-21 15:10:53.846 31700 31700 I GestureDetector: obtain mCurrentMotionEventRaw. action: 2 id: 528306503
09-21 15:10:53.846 31700 31700 I GestureDetector: obtain mCurrentMotionEventRaw. action: 2 id: 528306503
09-21 15:10:54.435 31700 31700 I ViewRootImpl@6d90796[GodotAppLauncher]: ViewPostIme pointer 1
09-21 15:10:54.893 31700 31700 I ViewRootImpl@6d90796[GodotAppLauncher]: ViewPostIme pointer 0
09-21 15:10:54.894 31700 31700 I GestureDetector: obtain mCurrentDownEvent. id: 1028345941 caller: android.view.ScaleGestureDetector.onTouchEvent:275 org.godotengine.godot.input.GodotInputHandler.onTouchEvent:262 org.godotengine.godot.GodotGLRenderView.onTouchEvent:146 
09-21 15:10:54.894 31700 31700 I GestureDetector: obtain mCurrentDownEvent. id: 1028345941 caller: org.godotengine.godot.input.GodotInputHandler.onTouchEvent:263 org.godotengine.godot.GodotGLRenderView.onTouchEvent:146 android.view.View.dispatchTouchEvent:15544 
09-21 15:10:54.996 31700 31700 I GestureDetector: obtain mCurrentMotionEventRaw. action: 2 id: 957531165
09-21 15:10:54.997 31700 31700 I GestureDetector: obtain mCurrentMotionEventRaw. action: 2 id: 957531165
09-21 15:10:56.118 31700 31700 I ViewRootImpl@6d90796[GodotAppLauncher]: ViewPostIme pointer 1
09-21 15:10:57.303 31700 31700 I ViewRootImpl@6d90796[GodotAppLauncher]: ViewPostIme pointer 0
09-21 15:10:57.304 31700 31700 I GestureDetector: obtain mCurrentDownEvent. id: 497947851 caller: android.view.ScaleGestureDetector.onTouchEvent:275 org.godotengine.godot.input.GodotInputHandler.onTouchEvent:262 org.godotengine.godot.GodotGLRenderView.onTouchEvent:146 
09-21 15:10:57.304 31700 31700 I GestureDetector: obtain mCurrentDownEvent. id: 497947851 caller: org.godotengine.godot.input.GodotInputHandler.onTouchEvent:263 org.godotengine.godot.GodotGLRenderView.onTouchEvent:146 android.view.View.dispatchTouchEvent:15544 
09-21 15:10:57.430 31700 31700 I GestureDetector: obtain mCurrentMotionEventRaw. action: 2 id: 667187812
09-21 15:10:57.430 31700 31700 I GestureDetector: obtain mCurrentMotionEventRaw. action: 2 id: 667187812
09-21 15:10:58.943 31700 31700 I ViewRootImpl@6d90796[GodotAppLauncher]: ViewPostIme pointer 1
