Godot Engine v4.7.2.stable.official.ed1daf0bf - https://godotengine.org

---  GUT  ---
[1m[INFO]:  [0musing [C:/Users/batis/AppData/Roaming/Godot/app_userdata/Blocktower] for temporary output.
Godot version:  4.7.2
GUT version:  9.7.1
[4m

res://tests/unit/test_design_preview.gd
[0m* test_auto_cancel_preserves_pending_lines_and_restores_focus
* test_confirm_and_navigation_are_preview_only_transitions
[1m2/2 passed.
[0m[4m

res://tests/unit/test_game_session.gd
[0m* test_initial_supply_commits_before_exposure_and_resume_draws_nothing
* test_invalid_placements_preserve_board_queue_score_rng_and_event_id
* test_manual_crossing_clear_counts_union_and_keeps_tray_checkpoint
* test_full_board_clear_sixteen_lines_and_two_segment_crossings
* test_auto_confirmation_cancel_and_confirm_are_one_commit
* test_auto_placement_detects_success_before_clear_and_refills_once
* test_old_pending_line_does_not_count_as_new_batch_success
* test_failed_save_rolls_back_refill_and_retry_matches_control
* test_ambiguous_commit_requires_resume_and_never_reawards
* test_competing_writer_cannot_overwrite_committed_state
* test_duplicate_out_of_order_and_stale_batch_do_not_consume
* test_new_run_preserves_growth_records_mode_and_advances_identity
* test_materials_and_every_defined_part_have_cumulative_route
* test_material_progress_counts_lower_tiers_and_unlocks_parts_same_event
* test_segment_edits_representative_and_new_wood_segments_are_preserved
* test_bad_snapshots_versions_numeric_types_and_styles_are_rejected
* test_repository_reentrancy_is_rejected_until_commit_finishes
* test_mid_tray_game_over_ends_streak_without_settling_or_losing_growth
* test_action_sequence_replay_matches_across_forty_session_resumes
* test_counter_boundary_rejects_entire_candidate_without_commit
[1m20/20 passed.
[0m[4m

res://tests/unit/test_piece_generator.gd
[0m* test_catalog_geometry_unique_connected_normalized_and_legacy_preserved
* test_integer_ticket_boundaries_exhaustive
* test_config_errors_and_defensive_snapshot
* test_strict_int64_and_checkpoint_validation
* test_bad_input_and_nonempty_tray_do_not_change_owned_state
* test_post_clear_union_and_must_clear_before_game_over
* test_exhaustive_512_local_masks_match_independent_coordinate_oracle
* test_deterministic_json_resume_and_board_ownership
* test_bounded_fallback_zero_weights_and_no_enabled_fit
* test_raw_control_has_no_easy_injection_and_old_checkpoint_rejected
* test_each_piece_fit_does_not_imply_whole_tray_solution
* test_easy_fallback_and_replacement_slots_and_config_identity
[1m12/12 passed.
[0m[4m

res://tests/unit/test_piece_generator_redteam.gd
[0m* test_every_piece_at_every_legal_origin_has_current_witness
* test_random_full_board_positive_and_negative_decisions_match_oracle
* test_all_active_family_subsets_obey_conditional_guarantee
* test_later_current_piece_beats_earlier_post_clear_piece_and_output_is_owned
[1m4/4 passed.
[0m[4m

res://tests/unit/test_piece_supply.gd
[0m* test_crossing_lines_count_as_two_and_keep_manual_clear_available
* test_empty_tray_requires_refill_before_game_over
* test_rng_roundtrip_preserves_next_batch
* test_unknown_id_is_rejected_even_when_another_piece_fits
* test_board_status_does_not_modify_input
* test_integer_weight_boundaries_and_zero_weight
[1m6/6 passed.
[0m[4m

res://tests/unit/test_piece_supply_checks.gd
[0m* test_ported_baseline_checks_pass_on_game_target
[1m1/1 passed.
[0m



[33m==============================================
[0m[33m= Run Summary
[0m[33m==============================================
[0m
Totals
------
Scripts               6
Tests                45
Passing Tests        45
Asserts            2338
Time              14.741s


[32m---- All tests passed! ----
[0m
Results saved to C:/DEV/Games/Blocktower/tools/out/gut_unit.xml
