[blocktower] engine: C:\DEV\tools\godot\4.7.2\Godot_v4.7.2-stable_win64_console.exe
[blocktower] engine version OK: 4.7.2.stable.official.ed1daf0bf
[blocktower] engine binary hash OK: c8f0a6bc45a19b33541501e57f6f7cd972ab18453743266339d495cbbe846643
[blocktower] GUT 9.7.1 pinned OK (146 source files, commit aeb5d4f3f7f0a6c9b5e178876d6c99b791fda605)
[blocktower] GUT run: res://tests/unit
Godot Engine v4.7.2.stable.official.ed1daf0bf - https://godotengine.org

---  GUT  ---
[INFO]:  using [C:/Users/batis/AppData/Roaming/Godot/app_userdata/Blocktower] for temporary output.
Godot version:  4.7.2
GUT version:  9.7.1


res://tests/unit/test_application_lifecycle.gd
* test_notification_pair_order_duplicates_and_controller_gate
    12 Orphans
        * [@Label@24:<Label#93012887660>]
        * [@Button@25:<Button#93063219360>]
        * [@Button@26:<Button#93902080172>]
        * [@Label@27:<Label#93969189044>]
        * [@Label@28:<Label#94019520695>]
        * [@Label@29:<Label#94069852346>]
        * [@Label@30:<Label#94120183997>]
        * [@Button@31:<Button#94170515648>]
        * [@Label@32:<Label#94237624516>]
        * [@Button@33:<Button#94271178950>]
        * [@Label@34:<Label#94623500496>]
        * [@Label@35:<Label#94657054930>]
* test_drag_cancel_late_release_and_new_press_after_resume
    12 Orphans
        * [@Label@67:<Label#102861112933>]
        * [@Button@66:<Button#102794004076>]
        * [@Label@65:<Label#102760449646>]
        * [@Label@64:<Label#102726895216>]
        * [@Label@63:<Label#102693340786>]
        * [@Label@62:<Label#102659786356>]
        * [@Button@61:<Button#102592677497>]
        * [@Button@60:<Button#101804148358>]
        * [@Label@69:<Label#103246989423>]
        * [@Button@68:<Button#102894667897>]
        * [@Label@70:<Label#103280543875>]
        * [@Label@59:<Label#101770594504>]
* test_paused_clear_keeps_commit_and_does_not_replay_tail
* test_old_confirmation_and_pressed_buttons_cannot_execute_after_resume
    41 Orphans
        * [@Button@182:<Button#123027326610>]
        * [@Label@181:<Label#122993772727>]
        * [@Label@183:<Label#123178322110>]
        * [@Label@184:<Label#123211876546>]
        * [@Label@179:<Label#122893109452>]
        * [@Button@180:<Button#122926663901>]
        * [@ColorRect@185:<ColorRect#123262208224>] + 5
        * [@Control@141:<Control#115947342071>(puzzle_screen.gd)] + 22
        * [@Label@178:<Label#122859555070>]
        * [@Label@173:<Label#122507233546>]
        * [@Label@176:<Label#122792446230>]
        * [@Label@177:<Label#122826000663>]
        * [@Button@175:<Button#122725337374>]
        * [@Button@174:<Button#122540788008>]
* test_old_preferences_and_tower_controls_are_inert
    29 Orphans
        * [@Button@221:<Button#130929395343>]
        * [@Button@227:<Button#131919251616>]
        * [@Label@226:<Label#131885697202>]
        * [@Label@224:<Label#131818588341>]
        * [@Label@220:<Label#130895841469>]
        * [@Label@225:<Label#131852142784>]
        * [@Label@228:<Label#131986360534>]
        * [@Button@229:<Button#132019914967>]
        * [@Button@233:<Button#132506454238>]
        * [@Button@222:<Button#131717925097>]
        * [@Label@232:<Label#132456122625>]
        * [@Label@235:<Label#132607117574>]
        * [@Label@223:<Label#131785034051>]
        * [@Button@237:<Button#132691003724>]
        * [@ColorRect@238:<ColorRect#132758112592>] + 10
        * [@Label@230:<Label#132372236642>]
        * [@Label@231:<Label#132405791081>]
        * [@Label@234:<Label#132573563251>]
        * [@Label@236:<Label#132640672118>]
* test_mandatory_commit_recovery_survives_pause_and_reload_inherits_gate
    57 Orphans
        * [@ColorRect@278:<ColorRect#140827952742>] + 4
        * [@Label@318:<Label#143092876916>]
        * [@Button@319:<Button#143126431353>]
        * [@Label@274:<Label#140341413519>]
        * [@Button@275:<Button#140374967955>]
        * [@Button@311:<Button#142639892586>]
        * [@Button@267:<Button#139284449406>]
        * [@Label@269:<Label#140140087474>]
        * [@Label@271:<Label#140207196341>]
        * [@Label@270:<Label#140173641920>]
        * [@Label@320:<Label#143277426888>]
        * [@Button@268:<Button#140072978648>]
        * [@Control@256:<Control#135123699935>(puzzle_screen.gd)] + 27
        * [@Label@310:<Label#142606338277>]
        * [@Button@273:<Button#140274305257>]
        * [@Label@277:<Label#140760844555>]
        * [@Button@312:<Button#142824442131>]
        * [@Label@276:<Label#140727290148>]
        * [@Button@317:<Button#143025768747>]
        * [@Label@316:<Label#142992214319>]
        * [@Label@313:<Label#142891551024>]
        * [@Label@315:<Label#142958659890>]
        * [@Label@314:<Label#142925105463>]
        * [@Label@272:<Label#140240750915>]
        * [@Label@321:<Label#143310981445>]
        * [@Label@266:<Label#139250895199>]
* test_startup_recovery_notice_requires_fresh_confirmation_after_resume
    47 Orphans
        * [@Label@375:<Label#151531816550>]
        * [@Label@377:<Label#151716366455>]
        * [@Button@368:<Button#151078832282>]
        * [@Button@376:<Button#151565371572>]
        * [@Label@373:<Label#151431153896>]
        * [@Button@374:<Button#151464708330>]
        * [@Label@378:<Label#151749921035>]
        * [@Label@367:<Label#151045277987>]
        * [@CanvasLayer@379:<CanvasLayer#151800252709>] + 5
        * [@Label@370:<Label#151330490706>]
        * [@Button@369:<Button#151263381850>]
        * [@Label@372:<Label#151397599582>]
        * [@Label@371:<Label#151364045157>]
        * [@Control@335:<Control#144552495463>(puzzle_screen.gd)] + 22
        * [@CanvasLayer@397:<CanvasLayer#152555227559>] + 5
* test_repeated_pause_resume_never_changes_rng_revision_or_replays_audio
* test_startup_failure_retry_is_blocked_until_fresh_active_notice
    35 Orphans
        * [@Control@667:<Control#189649651149>(puzzle_screen.gd)] + 22
        * [@CanvasLayer@689:<CanvasLayer#195337128182>] + 5
        * [@CanvasLayer@695:<CanvasLayer#195555232027>] + 5
35 orphans
9/9 passed.


res://tests/unit/test_design_preview.gd
* test_auto_cancel_preserves_pending_lines_and_restores_focus
* test_confirm_and_navigation_are_preview_only_transitions
2/2 passed.


res://tests/unit/test_file_save.gd
* test_legacy_owner_checks_fail_closed_and_preserve_committed_bytes
* test_legacy_nonempty_and_invalid_claims_are_never_deleted
* test_disk_roundtrip_new_repository_and_growth_integer_precision
* test_corrupt_latest_recovers_previous_preserves_bytes_before_next_commit
* test_both_corrupt_and_future_versions_never_start_over
* test_future_schema_and_policy_mismatch_block_fallback_to_supported_slot
* test_codec_rejects_bad_hash_types_utf8_and_noncanonical_ints
* test_inactive_generation_removal_and_publication_faults_recover_whole_state
* test_real_write_path_failure_does_not_commit_or_publish
* test_recovery_preservation_failure_keeps_damaged_original
* test_stale_session_and_unobserved_recovery_cannot_overwrite
* test_same_process_claim_busy_and_pending_only_initial_save
* test_boot_uses_existing_identity_and_retains_recovery_notice
* test_divergent_same_revision_and_session_identity_fail_closed
* test_saved_v1_fixtures_roundtrip_and_replay_clear_exactly
15/15 passed.


res://tests/unit/test_game_session.gd
* test_initial_supply_commits_before_exposure_and_resume_draws_nothing
* test_invalid_placements_preserve_board_queue_score_rng_and_event_id
* test_manual_crossing_clear_counts_union_and_keeps_tray_checkpoint
* test_full_board_clear_sixteen_lines_and_two_segment_crossings
* test_auto_confirmation_cancel_and_confirm_are_one_commit
* test_auto_placement_detects_success_before_clear_and_refills_once
* test_old_pending_line_does_not_count_as_new_batch_success
* test_failed_save_rolls_back_refill_and_retry_matches_control
* test_ambiguous_commit_requires_resume_and_never_reawards
* test_competing_writer_cannot_overwrite_committed_state
* test_duplicate_out_of_order_and_stale_batch_do_not_consume
* test_new_run_preserves_growth_records_mode_and_advances_identity
* test_materials_and_every_defined_part_have_cumulative_route
* test_material_progress_counts_lower_tiers_and_unlocks_parts_same_event
* test_segment_edits_representative_and_new_wood_segments_are_preserved
* test_bad_snapshots_versions_numeric_types_and_styles_are_rejected
* test_repository_reentrancy_is_rejected_until_commit_finishes
* test_mid_tray_game_over_ends_streak_without_settling_or_losing_growth
* test_action_sequence_replay_matches_across_forty_session_resumes
* test_counter_boundary_rejects_entire_candidate_without_commit
20/20 passed.


res://tests/unit/test_piece_generator.gd
* test_catalog_geometry_unique_connected_normalized_and_legacy_preserved
* test_integer_ticket_boundaries_exhaustive
* test_config_errors_and_defensive_snapshot
* test_strict_int64_and_checkpoint_validation
* test_bad_input_and_nonempty_tray_do_not_change_owned_state
* test_post_clear_union_and_must_clear_before_game_over
* test_exhaustive_512_local_masks_match_independent_coordinate_oracle
* test_deterministic_json_resume_and_board_ownership
* test_bounded_fallback_zero_weights_and_no_enabled_fit
* test_raw_control_has_no_easy_injection_and_old_checkpoint_rejected
* test_each_piece_fit_does_not_imply_whole_tray_solution
* test_easy_fallback_and_replacement_slots_and_config_identity
12/12 passed.


res://tests/unit/test_piece_generator_redteam.gd
* test_every_piece_at_every_legal_origin_has_current_witness
* test_random_full_board_positive_and_negative_decisions_match_oracle
* test_all_active_family_subsets_obey_conditional_guarantee
* test_later_current_piece_beats_earlier_post_clear_piece_and_output_is_owned
4/4 passed.


res://tests/unit/test_piece_supply.gd
* test_crossing_lines_count_as_two_and_keep_manual_clear_available
* test_empty_tray_requires_refill_before_game_over
* test_rng_roundtrip_preserves_next_batch
* test_unknown_id_is_rejected_even_when_another_piece_fits
* test_board_status_does_not_modify_input
* test_integer_weight_boundaries_and_zero_weight
6/6 passed.


res://tests/unit/test_piece_supply_checks.gd
* test_ported_baseline_checks_pass_on_game_target
1/1 passed.


res://tests/unit/test_presentation.gd
* test_clear_geometry_contains_union_and_styles_before_automatic_removal
* test_preview_uses_commit_validator_and_does_not_change_state
* test_pointer_origin_and_owner_prevent_duplicate_or_clamped_drop
* test_stale_drag_and_confirmation_never_commit_new_state
* test_failed_commit_has_no_presentation_uncertainty_locks_until_attach
* test_settings_roundtrip_is_separate_and_corrupt_original_is_preserved
* test_real_screen_clear_and_interrupt_restore_input_and_exact_hud
* test_screen_auto_modal_cancel_and_confirm_commit_once
* test_back_closes_modal_then_tower_and_cancels_drag_without_commit
* test_sixteen_line_payload_is_unique_and_precise
* test_touch_cancellation_and_focus_loss_do_not_place_or_leave_drag
* test_recovery_modal_cannot_be_dismissed_into_a_frozen_screen
* test_new_run_from_tower_preserves_growth_and_resets_hud
* test_audio_off_does_not_start_players_and_history_is_bounded
* test_resize_preserves_mandatory_recovery_action
* test_resumed_below_best_run_announces_first_new_record_once
* test_tower_roof_tracks_actual_top_across_segment_boundary
* test_assist_nearest_edge_hysteresis_and_exact_release_share_validator
* test_assist_does_not_pull_from_outside_or_write_during_preview
* test_assist_all_catalog_shapes_preview_and_commit_same_bottom_edge_cells
* test_full_width_board_and_top_navigation_fit_compact_and_tall
* test_clear_unlocks_before_tail_and_interruption_cannot_repeat_reward
* test_compact_safe_insets_fit_board_and_action
    24 Orphans
        * [@Button@1337:<Button#1861197235855>]
        * [@Button@1339:<Button#1861297899155>]
        * [@Label@1338:<Label#1861264345241>]
        * [@Button@1343:<Button#1861767661788>]
        * [@Label@1336:<Label#1861163682210>]
        * [@Label@1342:<Label#1861734107573>]
        * [@Label@1335:<Label#1861130127822>]
        * [@Label@1333:<Label#1861063018975>]
        * [@Label@1330:<Label#1860173826546>]
        * [@Label@1353:<Label#1862237424274>]
        * [@Label@1352:<Label#1862203869843>]
        * [@Button@1351:<Button#1862136760983>]
        * [@Label@1350:<Label#1862103206553>]
        * [@Button@1349:<Button#1862036097694>]
        * [@Label@1348:<Label#1862002543263>]
        * [@Label@1347:<Label#1861968988833>]
        * [@Label@1345:<Label#1861901879971>]
        * [@Label@1346:<Label#1861935434405>]
        * [@Button@1344:<Button#1861834771113>]
        * [@Button@1331:<Button#1860207381173>]
        * [@Button@1332:<Button#1860995910334>]
        * [@Label@1334:<Label#1861096573638>]
        * [@Label@1340:<Label#1861650221777>]
        * [@Label@1341:<Label#1861683776214>]
* test_reward_stays_off_board_and_new_pick_restores_hint
24/24 passed.




==============================================
= Run Summary
==============================================

Totals
------
Scripts               9
Tests                93
Passing Tests        93
Asserts            3005
Time              21.601s


---- All tests passed! ----

Results saved to C:/DEV/Games/Blocktower/tools/out/gut_unit.xml


[blocktower] GUT result: suites=9 tests=93 failures=0 errors=0 pending=0 exit=0
[PASS] W1 test run complete.
