--------- beginning of main
09-21 16:51:30.886 16005 16005 I blocktower.game: Late-enabling -Xcheck:jni
09-21 16:51:30.917 16005 16005 I blocktower.game: Using generational CollectorTypeCC GC.
09-21 16:51:30.957 16005 16005 D nativeloader: Load libframework-connectivity-tiramisu-jni.so using APEX ns com_android_tethering for caller /apex/com.android.tethering/javalib/framework-connectivity-t.jar: ok
09-21 16:51:30.967 16005 16005 D ActivityThread: setConscryptValidator
09-21 16:51:30.967 16005 16005 D ActivityThread: setConscryptValidator - put
09-21 16:51:31.039 16005 16005 D CompatibilityChangeReporter: Compat change id reported: 171979766; UID 10374; state: ENABLED
09-21 16:51:31.105 16005 16005 D nativeloader: Configuring clns-4 for other apk /data/app/~~Z6sEZoVhXYprpc4RvAMr_Q==/com.blocktower.game-qXv84HgaDrZ4aL1anF6bIA==/base.apk. target_sdk_version=36, uses_libraries=, library_path=/data/app/~~Z6sEZoVhXYprpc4RvAMr_Q==/com.blocktower.game-qXv84HgaDrZ4aL1anF6bIA==/lib/arm64:/data/app/~~Z6sEZoVhXYprpc4RvAMr_Q==/com.blocktower.game-qXv84HgaDrZ4aL1anF6bIA==/base.apk!/lib/arm64-v8a, permitted_path=/data:/mnt/expand:/data/user/0/com.blocktower.game
09-21 16:51:31.123 16005 16005 D nativeloader: Load libframework-connectivity-jni.so using APEX ns com_android_tethering for caller /apex/com.android.tethering/javalib/framework-connectivity.jar: ok
09-21 16:51:31.137 16005 16005 V GraphicsEnvironment: ANGLE Developer option for 'com.blocktower.game' set to: 'default'
09-21 16:51:31.137 16005 16005 V GraphicsEnvironment: ANGLE GameManagerService for com.blocktower.game: false
09-21 16:51:31.138 16005 16005 V GraphicsEnvironment: App is not on the allowlist for updatable production driver.
09-21 16:51:31.143 16005 16005 D NetworkSecurityConfig: No Network Security Config specified, using platform default
09-21 16:51:31.180 16005 16005 D NetworkSecurityConfig: No Network Security Config specified, using platform default
09-21 16:51:31.242 16005 16038 D OpenGLRenderer: RenderThread::requireGlContext()
09-21 16:51:31.244 16005 16038 I AdrenoGLES-0: QUALCOMM build                   : db7e7066a2, I1fad33e957
09-21 16:51:31.244 16005 16038 I AdrenoGLES-0: Build Date                       : 05/11/25
09-21 16:51:31.244 16005 16038 I AdrenoGLES-0: OpenGL ES Shader Compiler Version: EV031.32.02.10
09-21 16:51:31.244 16005 16038 I AdrenoGLES-0: Local Branch                     : 
09-21 16:51:31.244 16005 16038 I AdrenoGLES-0: Remote Branch                    : refs/tags/AU_LINUX_ANDROID_LA.UM.9.12.11.00.00.582.697
09-21 16:51:31.244 16005 16038 I AdrenoGLES-0: Remote Branch                    : NONE
09-21 16:51:31.244 16005 16038 I AdrenoGLES-0: Reconstruct Branch               : NOTHING
09-21 16:51:31.245 16005 16038 I AdrenoGLES-0: Build Config                     : S P 10.0.7 AArch64
09-21 16:51:31.245 16005 16038 I AdrenoGLES-0: Driver Path                      : /vendor/lib64/egl/libGLESv2_adreno.so
09-21 16:51:31.251 16005 16038 I AdrenoGLES-0: PFP: 0x016dd093, ME: 0x00000000
09-21 16:51:31.270 16005 16038 D OpenGLRenderer: RenderThread::setGrContext()
09-21 16:51:31.477 16005 16005 I DecorView: [INFO] isPopOver=false config=true
09-21 16:51:31.477 16005 16005 I DecorView: updateCaptionType: isFloating=false isApplication=true hasWindowDecorCaption=false this=DecorView@eb40102[]
09-21 16:51:31.477 16005 16005 D DecorView: setCaptionType = 0, this = DecorView@eb40102[]
09-21 16:51:31.481 16005 16005 I DecorView: getCurrentDensityDpi: from real metrics. densityDpi=450 msg=resources_loaded
09-21 16:51:31.481 16005 16005 I DecorView: setWindowBackground: isPopOver=false color=ff171717 d=android.graphics.drawable.GradientDrawable@b8fb450
09-21 16:51:31.486 16005 16005 D PhoneWindow: forceLight changed to false [] from com.android.internal.policy.PhoneWindow.updateForceLightNavigationBar:4314 com.android.internal.policy.PhoneWindow.setNavigationBarColor:4033 androidx.activity.EdgeToEdgeApi29.setUp:290 androidx.activity.EdgeToEdge.enable:89 androidx.activity.EdgeToEdge.enable$default:71 
09-21 16:51:31.496 16005 16005 D GodotActivity: Project command line parameters: [--xr_mode_regular, --xr-mode, off, --fullscreen, --background_color, #000000]
09-21 16:51:31.497 16005 16005 D GodotActivity: Launch intent Intent { act=android.intent.action.MAIN cat=[android.intent.category.LAUNCHER] flg=0x10000000 pkg=com.blocktower.game cmp=com.blocktower.game/com.godot.game.GodotAppLauncher } with parameters []
09-21 16:51:31.507 16005 16005 V GodotActivity: Creating new Godot fragment instance.
09-21 16:51:31.541 16005 16005 V Godot   : Initializing Godot plugin registry
09-21 16:51:31.548 16005 16005 I GodotPluginRegistry: Registering runtime plugin AndroidRuntime
09-21 16:51:31.549 16005 16005 V Godot   : InitEngine with params: [--xr_mode_regular, --xr-mode, off, --fullscreen, --background_color, #000000]
09-21 16:51:31.551 16005 16005 I DecorView: setWindowBackground: isPopOver=false color=ff000000 d=android.graphics.drawable.ColorDrawable@c0e63b9
09-21 16:51:31.560 16005 16005 D nativeloader: Load /data/app/~~Z6sEZoVhXYprpc4RvAMr_Q==/com.blocktower.game-qXv84HgaDrZ4aL1anF6bIA==/lib/arm64/libgodot_android.so using class loader ns clns-4 (caller=/data/app/~~Z6sEZoVhXYprpc4RvAMr_Q==/com.blocktower.game-qXv84HgaDrZ4aL1anF6bIA==/base.apk!classes7.dex): ok
09-21 16:51:31.562 16005 16005 V Godot   : Godot native layer initialization completed: true
09-21 16:51:31.562 16005 16005 V Godot   : Setting up native layer with params: [--xr-mode, off, --fullscreen]
09-21 16:51:31.587 16005 16005 V Godot   : Godot native layer setup completed
09-21 16:51:31.588 16005 16005 V Godot   : OnInitRenderView: GodotFragment{e9903fe} (bdfaa75b-5ee3-4f1a-a213-e03568530739 id=0x7f07002c)
09-21 16:51:31.599 16005 16005 D CompatibilityChangeReporter: Compat change id reported: 210923482; UID 10374; state: ENABLED
09-21 16:51:31.614 16005 16005 D Godot   : Render view should be transparent: false
09-21 16:51:31.614 16005 16005 D Godot   : renderingDevice: opengl3 (ProjectSettings)
09-21 16:51:31.614 16005 16005 D Godot   : 			renderer: gl_compatibility (ProjectSettings)
09-21 16:51:31.623 16005 16005 W OnBackInvokedCallback: OnBackInvokedCallback is not enabled for the application.
09-21 16:51:31.623 16005 16005 W OnBackInvokedCallback: Set 'android:enableOnBackInvokedCallback="true"' in the application manifest.
09-21 16:51:31.629 16005 16005 V Godot   : OnStart: GodotFragment{e9903fe} (bdfaa75b-5ee3-4f1a-a213-e03568530739 id=0x7f07002c)
09-21 16:51:31.632 16005 16005 V Godot   : OnResume: GodotFragment{e9903fe} (bdfaa75b-5ee3-4f1a-a213-e03568530739 id=0x7f07002c)
09-21 16:51:31.633 16005 16005 I MSHandlerLifeCycle: check: return. pkg=com.blocktower.game parent=null callers=com.android.internal.policy.DecorView.setVisibility:4412 android.app.ActivityThread.handleResumeActivity:5476 android.app.servertransaction.ResumeActivityItem.execute:54 android.app.servertransaction.ActivityTransactionItem.execute:45 android.app.servertransaction.TransactionExecutor.executeLifecycleState:176 
09-21 16:51:31.634 16005 16005 I MSHandlerLifeCycle: removeMultiSplitHandler: no exist. decor=DecorView@eb40102[]
09-21 16:51:31.641 16005 16038 D NativeCustomFrequencyManager: [NativeCFMS] BpCustomFrequencyManager::BpCustomFrequencyManager()
09-21 16:51:31.652 16005 16005 D InsetsSourceConsumer: setRequestedVisible: visible=false, type=23, host=com.blocktower.game/com.godot.game.GodotAppLauncher, from=android.view.InsetsSourceConsumer.hide:257 android.view.InsetsController.collectSourceControls:1310 android.view.InsetsController.controlAnimationUnchecked:1164 android.view.InsetsController.applyAnimation:1576 android.view.InsetsController.applyAnimation:1557 android.view.InsetsController.hide:1093 android.view.InsetsController.hide:1068 android.view.PendingInsetsController$HideRequest.replay:241 android.view.PendingInsetsController.replayAndAttach:172 android.view.ViewRootImpl.setView:1689 
09-21 16:51:31.652 16005 16005 D InsetsSourceConsumer: setRequestedVisible: visible=false, type=22, host=com.blocktower.game/com.godot.game.GodotAppLauncher, from=android.view.InsetsSourceConsumer.hide:257 android.view.InsetsController.collectSourceControls:1310 android.view.InsetsController.controlAnimationUnchecked:1164 android.view.InsetsController.applyAnimation:1576 android.view.InsetsController.applyAnimation:1557 android.view.InsetsController.hide:1093 android.view.InsetsController.hide:1068 android.view.PendingInsetsController$HideRequest.replay:241 android.view.PendingInsetsController.replayAndAttach:172 android.view.ViewRootImpl.setView:1689 
09-21 16:51:31.652 16005 16005 D InsetsSourceConsumer: setRequestedVisible: visible=false, type=21, host=com.blocktower.game/com.godot.game.GodotAppLauncher, from=android.view.InsetsSourceConsumer.hide:257 android.view.InsetsController.collectSourceControls:1310 android.view.InsetsController.controlAnimationUnchecked:1164 android.view.InsetsController.applyAnimation:1576 android.view.InsetsController.applyAnimation:1557 android.view.InsetsController.hide:1093 android.view.InsetsController.hide:1068 android.view.PendingInsetsController$HideRequest.replay:241 android.view.PendingInsetsController.replayAndAttach:172 android.view.ViewRootImpl.setView:1689 
09-21 16:51:31.652 16005 16005 D InsetsSourceConsumer: setRequestedVisible: visible=false, type=20, host=com.blocktower.game/com.godot.game.GodotAppLauncher, from=android.view.InsetsSourceConsumer.hide:257 android.view.InsetsController.collectSourceControls:1310 android.view.InsetsController.controlAnimationUnchecked:1164 android.view.InsetsController.applyAnimation:1576 android.view.InsetsController.applyAnimation:1557 android.view.InsetsController.hide:1093 android.view.InsetsController.hide:1068 android.view.PendingInsetsController$HideRequest.replay:241 android.view.PendingInsetsController.replayAndAttach:172 android.view.ViewRootImpl.setView:1689 
09-21 16:51:31.652 16005 16005 D InsetsSourceConsumer: setRequestedVisible: visible=false, type=2, host=com.blocktower.game/com.godot.game.GodotAppLauncher, from=android.view.InsetsSourceConsumer.hide:257 android.view.InsetsController.collectSourceControls:1310 android.view.InsetsController.controlAnimationUnchecked:1164 android.view.InsetsController.applyAnimation:1576 android.view.InsetsController.applyAnimation:1557 android.view.InsetsController.hide:1093 android.view.InsetsController.hide:1068 android.view.PendingInsetsController$HideRequest.replay:241 android.view.PendingInsetsController.replayAndAttach:172 android.view.ViewRootImpl.setView:1689 
09-21 16:51:31.652 16005 16005 D InsetsSourceConsumer: setRequestedVisible: visible=false, type=1, host=com.blocktower.game/com.godot.game.GodotAppLauncher, from=android.view.InsetsSourceConsumer.hide:257 android.view.InsetsController.collectSourceControls:1310 android.view.InsetsController.controlAnimationUnchecked:1164 android.view.InsetsController.applyAnimation:1576 android.view.InsetsController.applyAnimation:1557 android.view.InsetsController.hide:1093 android.view.InsetsController.hide:1068 android.view.PendingInsetsController$HideRequest.replay:241 android.view.PendingInsetsController.replayAndAttach:172 android.view.ViewRootImpl.setView:1689 
09-21 16:51:31.652 16005 16005 D InsetsSourceConsumer: setRequestedVisible: visible=false, type=0, host=com.blocktower.game/com.godot.game.GodotAppLauncher, from=android.view.InsetsSourceConsumer.hide:257 android.view.InsetsController.collectSourceControls:1310 android.view.InsetsController.controlAnimationUnchecked:1164 android.view.InsetsController.applyAnimation:1576 android.view.InsetsController.applyAnimation:1557 android.view.InsetsController.hide:1093 android.view.InsetsController.hide:1068 android.view.PendingInsetsController$HideRequest.replay:241 android.view.PendingInsetsController.replayAndAttach:172 android.view.ViewRootImpl.setView:1689 
09-21 16:51:31.658 16005 16005 D InsetsController: onStateChanged: InsetsState: {mDisplayFrame=Rect(0, 0 - 1080, 2400), mDisplayCutout=DisplayCutout{insets=Rect(0, 92 - 0, 0) waterfall=Insets{left=0, top=0, right=0, bottom=0} boundingRect={Bounds=[Rect(0, 0 - 0, 0), Rect(503, 0 - 577, 92), Rect(0, 0 - 0, 0), Rect(0, 0 - 0, 0)]} cutoutPathParserInfo={CutoutPathParserInfo{displayWidth=1080 displayHeight=2400 physicalDisplayWidth=1080 physicalDisplayHeight=2400 density={2.8125} cutoutSpec={M 0,0 H -13.15555555555556 V 32.71111111111111 H 13.15555555555556 V 0 H 0 Z @dp} rotation={0} scale={1.0} physicalPixelDisplaySizeRatio={1.0}}}}, mRoundedCorners=RoundedCorners{[RoundedCorner{position=TopLeft, radius=25, center=Point(25, 25)}, RoundedCorner{position=TopRight, radius=25, center=Point(1055, 25)}, RoundedCorner{position=BottomRight, radius=25, center=Point(1055, 2375)}, RoundedCorner{position=BottomLeft, radius=25, center=Point(25, 2375)}]}  mRoundedCornerFrame=Rect(0, 0 - 1080, 2400), mPrivacyIndicatorBounds=PrivacyIndicatorBounds {static bounds=Rect(956, 0 - 1080, 92) rotation=0}, mSources= { InsetsSource: {mType=ITYPE_STATUS_BAR, mFrame=[0,0][1080,92], mVisible=true, mInsetsRoundedCornerFrame=false}, InsetsSource: {mType=ITYPE_NAVIGATION_BAR, mFrame=[0,2265][1080,2400], mVisible=true, mInsetsRoundedCornerFrame=false}, InsetsSource: {mType=ITYPE_LEFT_GESTURES, mFrame=[0,0][0,2400], mVisible=true, mInsetsRoundedCornerFrame=false}, InsetsSource: {mType=ITYPE_RIGHT_GESTURES, mFrame=[1080,0][1080,2400], mVisible=true, mInsetsRoundedCornerFrame=false}, InsetsSource: {mType=ITYPE_TOP_MANDATORY_GESTURES, mFrame=[0,0][1080,126], mVisible=true, mInsetsRoundedCornerFrame=false}, InsetsSource: {mType=ITYPE_BOTTOM_MANDATORY_GESTURES, mFrame=[0,2265][1080,2400], mVisible=true, mInsetsRoundedCornerFrame=false}, InsetsSource: {mType=ITYPE_LEFT_DISPLAY_CUTOUT, mFrame=[0,0][-100000,2400], mVisible=true, mInsetsRoundedCornerFrame=false}, InsetsSource: {mType=ITYPE_TOP_DISPLAY_CUTOUT, mFrame=[0,0][1080,92], mVisible=true, mInsetsRoundedCornerFrame=false}, InsetsSource: {mType=ITYPE_RIGHT_DISPLAY_CUTOUT, mFrame=[100000,0][1080,2400], mVisible=true, mInsetsRoundedCornerFrame=false}, InsetsSource: {mType=ITYPE_BOTTOM_DISPLAY_CUTOUT, mFrame=[0,100000][1080,2400], mVisible=true, mInsetsRoundedCornerFrame=false}, InsetsSource: {mType=ITYPE_TOP_TAPPABLE_ELEMENT, mFrame=[0,0][1080,92], mVisible=true, mInsetsRoundedCornerFrame=false}, InsetsSource: {mType=ITYPE_BOTTOM_TAPPABLE_ELEMENT, mFrame=[0,2265][1080,2400], mVisible=true, mInsetsRoundedCornerFrame=false} } host=com.blocktower.game/com.godot.game.GodotAppLauncher from=android.view.ViewRootImpl.setView:1732
09-21 16:51:31.660 16005 16005 I ViewRootImpl@6d90796[GodotAppLauncher]: setView = com.android.internal.policy.DecorView@eb40102 TM=true
09-21 16:51:31.667 16005 16005 I MSHandlerLifeCycle: removeMultiSplitHandler: no exist. decor=DecorView@eb40102[GodotAppLauncher]
09-21 16:51:31.669 16005 16005 I DecorView: notifyKeepScreenOnChanged: keepScreenOn=true
09-21 16:51:31.675 16005 16005 I SurfaceView@1f66074: onWindowVisibilityChanged(0) true org.godotengine.godot.GodotGLRenderView{1f66074 VFE...... .F....I. 0,0-0,0} of ViewRootImpl@6d90796[GodotAppLauncher]
09-21 16:51:31.675 16005 16005 D SurfaceView@1f66074: updateSurface: has no frame
09-21 16:51:31.681 16005 16005 I ViewRootImpl@6d90796[GodotAppLauncher]: performTraversals params={(0,0)(fillxfill) sim={adjust=resize forwardNavigation} layoutInDisplayCutoutMode=shortEdges ty=BASE_APPLICATION wanim=0x10302f4
09-21 16:51:31.681 16005 16005 I ViewRootImpl@6d90796[GodotAppLauncher]:   fl=81a10180
09-21 16:51:31.681 16005 16005 I ViewRootImpl@6d90796[GodotAppLauncher]:   pfl=1e020040
09-21 16:51:31.681 16005 16005 I ViewRootImpl@6d90796[GodotAppLauncher]:   bhv=SHOW_TRANSIENT_BARS_BY_SWIPE
09-21 16:51:31.681 16005 16005 I ViewRootImpl@6d90796[GodotAppLauncher]:   fitSides= naviIconColor=0}
09-21 16:51:31.683 16005 16005 I ViewRootImpl@6d90796[GodotAppLauncher]: performTraversals mFirst=true windowShouldResize=true viewVisibilityChanged=false mForceNextWindowRelayout=false params={(0,0)(fillxfill) sim={adjust=resize forwardNavigation} layoutInDisplayCutoutMode=shortEdges ty=BASE_APPLICATION fmt=TRANSLUCENT wanim=0x10302f4
09-21 16:51:31.683 16005 16005 I ViewRootImpl@6d90796[GodotAppLauncher]:   fl=81a10180
09-21 16:51:31.683 16005 16005 I ViewRootImpl@6d90796[GodotAppLauncher]:   pfl=1e020040
09-21 16:51:31.683 16005 16005 I ViewRootImpl@6d90796[GodotAppLauncher]:   bhv=SHOW_TRANSIENT_BARS_BY_SWIPE
09-21 16:51:31.683 16005 16005 I ViewRootImpl@6d90796[GodotAppLauncher]:   fitSides= naviIconColor=0}
09-21 16:51:31.689 16005 16005 I DecorView: onImmersiveModeChanged: isStatusBarHidden=true
09-21 16:51:31.695 16005 16005 I ViewRootImpl@6d90796[GodotAppLauncher]: updateBlastSurfaceIfNeeded mBlastBufferQueue=null isSameSurfaceControl=false
09-21 16:51:31.695 16005 16005 E BufferQueueProducer: Unable to open libpenguin.so: dlopen failed: library "libpenguin.so" not found.
09-21 16:51:31.695 16005 16005 I BLASTBufferQueue: new BLASTBufferQueue, mName= ViewRootImpl@6d90796[GodotAppLauncher] mNativeObject= 0xb400007c94569cb0 sc.mNativeObject= 0xb400007c24600300 caller= android.view.ViewRootImpl.updateBlastSurfaceIfNeeded:2909 android.view.ViewRootImpl.relayoutWindow:9847 android.view.ViewRootImpl.performTraversals:3884 android.view.ViewRootImpl.doTraversal:3116 android.view.ViewRootImpl$TraversalRunnable.run:10885 android.view.Choreographer$CallbackRecord.run:1301 android.view.Choreographer$CallbackRecord.run:1309 android.view.Choreographer.doCallbacks:923 android.view.Choreographer.doFrame:852 android.view.Choreographer$FrameDisplayEventReceiver.run:1283 
09-21 16:51:31.696 16005 16005 I BLASTBufferQueue: update, w= 1080 h= 2400 mName = ViewRootImpl@6d90796[GodotAppLauncher] mNativeObject= 0xb400007c94569cb0 sc.mNativeObject= 0xb400007c24600300 format= -3 caller= android.graphics.BLASTBufferQueue.<init>:84 android.view.ViewRootImpl.updateBlastSurfaceIfNeeded:2909 android.view.ViewRootImpl.relayoutWindow:9847 android.view.ViewRootImpl.performTraversals:3884 android.view.ViewRootImpl.doTraversal:3116 android.view.ViewRootImpl$TraversalRunnable.run:10885 
09-21 16:51:31.696 16005 16005 I ViewRootImpl@6d90796[GodotAppLauncher]: Relayout returned: old=(0,0,1080,2400) new=(0,0,1080,2400) req=(1080,2400)0 dur=12 res=0x3 s={true 0xb400007d2456b110} ch=true seqId=0
09-21 16:51:31.697 16005 16005 I ViewRootImpl@6d90796[GodotAppLauncher]: mThreadedRenderer.initialize() mSurface={isValid=true 0xb400007d2456b110} hwInitialized=true
09-21 16:51:31.699 16005 16038 D OpenGLRenderer: eglCreateWindowSurface
09-21 16:51:31.701 16005 16022 I ViewRootImpl@6d90796[GodotAppLauncher]: Resizing android.view.ViewRootImpl@d85587a: frame = [0,0][1080,2400] reportDraw = true forceLayout = false syncSeqId = 0
09-21 16:51:31.707 16005 16005 D SurfaceView@1f66074: updateSurface: has no frame
09-21 16:51:31.707 16005 16005 I SurfaceView@1f66074: windowStopped(false) true org.godotengine.godot.GodotGLRenderView{1f66074 VFE...... .F....ID 0,0-1080,2400} of ViewRootImpl@6d90796[GodotAppLauncher]
09-21 16:51:31.707 16005 16005 D SurfaceView@1f66074: updateSurface: has no frame
09-21 16:51:31.708 16005 16005 I ViewRootImpl@6d90796[GodotAppLauncher]: reportNextDraw android.view.ViewRootImpl.performTraversals:4438 android.view.ViewRootImpl.doTraversal:3116 android.view.ViewRootImpl$TraversalRunnable.run:10885 android.view.Choreographer$CallbackRecord.run:1301 android.view.Choreographer$CallbackRecord.run:1309 
09-21 16:51:31.709 16005 16005 I SurfaceView@1f66074: Changes: creating=true format=true size=true visible=true alpha=false hint=false mUseAlpha=false visible=true left=true top=true
09-21 16:51:31.714 16005 16005 I BLASTBufferQueue: update, w= 1080 h= 2400 mName = null mNativeObject= 0xb400007c94567d70 sc.mNativeObject= 0xb400007c24600460 format= 4 caller= android.view.SurfaceView.createBlastSurfaceControls:1383 android.view.SurfaceView.updateSurface:1079 android.view.SurfaceView.lambda$new$0$android-view-SurfaceView:200 android.view.SurfaceView$$ExternalSyntheticLambda5.onPreDraw:2 android.view.ViewTreeObserver.dispatchOnPreDraw:1121 android.view.ViewRootImpl.performTraversals:4442 
09-21 16:51:31.714 16005 16005 I SurfaceView@1f66074: 32923764 Cur surface: Surface(name=null)/@0xd5f0191
09-21 16:51:31.714 16005 16005 I SurfaceView@1f66074: pST: sr = Rect(0, 0 - 1080, 2400) sw = 1080 sh = 2400
09-21 16:51:31.715 16005 16005 D SurfaceView@1f66074: performSurfaceTransaction RenderWorker position = [0, 0, 1080, 2400] surfaceSize = 1080x2400
09-21 16:51:31.715 16005 16005 I SurfaceView@1f66074: applyTransactionOnVriDraw: vri = ViewRootImpl@6d90796[GodotAppLauncher] fRS = false t = 0xb400007c54583030 android.view.SurfaceView.performSurfaceTransaction:959 android.view.SurfaceView.updateSurface:1105 android.view.SurfaceView.lambda$new$0$android-view-SurfaceView:200 
09-21 16:51:31.715 16005 16005 I ViewRootImpl@6d90796[GodotAppLauncher]: applyTransactionOnDraw: mRemoved = false isHardwareEnabled = true t = 0xb400007c54583030android.view.SurfaceView.applyTransactionOnVriDraw:2048 android.view.SurfaceView.performSurfaceTransaction:959 android.view.SurfaceView.updateSurface:1105 android.view.SurfaceView.lambda$new$0$android-view-SurfaceView:200 android.view.SurfaceView$$ExternalSyntheticLambda5.onPreDraw:2 
09-21 16:51:31.715 16005 16005 I SurfaceView@1f66074: updateSurface: mVisible = true mSurface.isValid() = true
09-21 16:51:31.715 16005 16005 I SurfaceView@1f66074: updateSurface: mSurfaceCreated = false surfaceChanged = true visibleChanged = true
09-21 16:51:31.715 16005 16005 I SurfaceView@1f66074: visibleChanged -- surfaceCreated
09-21 16:51:31.715 16005 16005 I SurfaceView@1f66074: surfaceCreated 1 #8 org.godotengine.godot.GodotGLRenderView{1f66074 VFE...... .F....ID 0,0-1080,2400}
09-21 16:51:31.716 16005 16005 I SurfaceView@1f66074: surfaceChanged -- format=4 w=1080 h=2400
09-21 16:51:31.716 16005 16005 I SurfaceView@1f66074: surfaceChanged (1080,2400) 1 #8 org.godotengine.godot.GodotGLRenderView{1f66074 VFE...... .F....ID 0,0-1080,2400}
09-21 16:51:31.716 16005 16005 I SurfaceView@1f66074: surfaceRedrawNeeded
09-21 16:51:31.716 16005 16005 V SurfaceView@1f66074: Layout: x=0 y=0 w=1080 h=2400, frame=Rect(0, 0 - 1080, 2400)
09-21 16:51:31.716 16005 16005 I ViewRootImpl@6d90796[GodotAppLauncher]: Setup new sync id=0
09-21 16:51:31.716 16005 16005 I ViewRootImpl@6d90796[GodotAppLauncher]: Setting syncFrameCallback
09-21 16:51:31.716 16005 16005 I ViewRootImpl@6d90796[GodotAppLauncher]: registerCallbacksForSync syncBuffer=false
09-21 16:51:31.717 16005 16093 W RegularContextFactory: creating OpenGL ES 3.0 context :
09-21 16:51:31.718 16005 16093 I godot   : Godot Engine v4.7.2.stable.official.ed1daf0bf - https://godotengine.org
09-21 16:51:31.725 16005 16102 I ViewRootImpl@6d90796[GodotAppLauncher]: mWNT: t=0xb400007c54583030 mBlastBufferQueue=0xb400007c94569cb0 fn= 1 caller= android.view.ViewRootImpl.lambda$applyTransactionOnDraw$11$android-view-ViewRootImpl:12865 android.view.ViewRootImpl$$ExternalSyntheticLambda1.onFrameDraw:4 android.graphics.HardwareRenderer$FrameDrawingCallback.onFrameDraw:924 
09-21 16:51:31.725 16005 16102 I ViewRootImpl@6d90796[GodotAppLauncher]: Received frameDrawingCallback syncResult=0 frameNum=1.
09-21 16:51:31.725 16005 16102 I ViewRootImpl@6d90796[GodotAppLauncher]: Setting up sync and frameCommitCallback
09-21 16:51:31.725 16005 16101 D SurfaceView@1f66074: updateSurfacePosition RenderWorker, frameNr = 1, position = [0, 0, 1080, 2400] surfaceSize = 1080x2400
09-21 16:51:31.725 16005 16101 I SurfaceView@1f66074: uSP: rtp = Rect(0, 0 - 1080, 2400) rtsw = 1080 rtsh = 2400
09-21 16:51:31.725 16005 16101 I SurfaceView@1f66074: onSSPAndSRT: pl = 0 pt = 0 sx = 1.0 sy = 1.0
09-21 16:51:31.726 16005 16101 I SurfaceView@1f66074: aOrMT: ViewRootImpl@6d90796[GodotAppLauncher] t = android.view.SurfaceControl$Transaction@1e751c9 fN = 1 android.view.SurfaceView.-$$Nest$mapplyOrMergeTransaction:0 android.view.SurfaceView$SurfaceViewPositionUpdateListener.positionChanged:1537 android.graphics.RenderNode$CompositePositionUpdateListener.positionChanged:373 
09-21 16:51:31.726 16005 16101 I ViewRootImpl@6d90796[GodotAppLauncher]: mWNT: t=0xb400007c545859d0 mBlastBufferQueue=0xb400007c94569cb0 fn= 1 caller= android.view.SurfaceView.applyOrMergeTransaction:1455 android.view.SurfaceView.-$$Nest$mapplyOrMergeTransaction:0 android.view.SurfaceView$SurfaceViewPositionUpdateListener.positionChanged:1537 
09-21 16:51:31.734 16005 16038 I BLASTBufferQueue: [ViewRootImpl@6d90796[GodotAppLauncher]#0](f:0,a:0) onFrameAvailable the first frame is available
09-21 16:51:31.735 16005 16038 I ViewRootImpl@6d90796[GodotAppLauncher]: Received frameCommittedCallback lastAttemptedDrawFrameNum=1 didProduceBuffer=true
09-21 16:51:31.736 16005 16038 D OpenGLRenderer: CFMS:: SetUp Pid : 16005    Tid : 16038
09-21 16:51:31.738 16005 16038 W Parcel  : Expecting binder but got null!
09-21 16:51:31.745 16005 16005 D InsetsController: onStateChanged: InsetsState: {mDisplayFrame=Rect(0, 0 - 1080, 2400), mDisplayCutout=DisplayCutout{insets=Rect(0, 92 - 0, 0) waterfall=Insets{left=0, top=0, right=0, bottom=0} boundingRect={Bounds=[Rect(0, 0 - 0, 0), Rect(503, 0 - 577, 92), Rect(0, 0 - 0, 0), Rect(0, 0 - 0, 0)]} cutoutPathParserInfo={CutoutPathParserInfo{displayWidth=1080 displayHeight=2400 physicalDisplayWidth=1080 physicalDisplayHeight=2400 density={2.8125} cutoutSpec={M 0,0 H -13.15555555555556 V 32.71111111111111 H 13.15555555555556 V 0 H 0 Z @dp} rotation={0} scale={1.0} physicalPixelDisplaySizeRatio={1.0}}}}, mRoundedCorners=RoundedCorners{[RoundedCorner{position=TopLeft, radius=25, center=Point(25, 25)}, RoundedCorner{position=TopRight, radius=25, center=Point(1055, 25)}, RoundedCorner{position=BottomRight, radius=25, center=Point(1055, 2375)}, RoundedCorner{position=BottomLeft, radius=25, center=Point(25, 2375)}]}  mRoundedCornerFrame=Rect(0, 0 - 1080, 2400), mPrivacyIndicatorBounds=PrivacyIndicatorBounds {static bounds=Rect(956, 0 - 1080, 92) rotation=0}, mSources= { InsetsSource: {mType=ITYPE_STATUS_BAR, mFrame=[0,0][1080,92], mVisible=true, mInsetsRoundedCornerFrame=false}, InsetsSource: {mType=ITYPE_NAVIGATION_BAR, mFrame=[0,2265][1080,2400], mVisible=true, mInsetsRoundedCornerFrame=false}, InsetsSource: {mType=ITYPE_LEFT_GESTURES, mFrame=[0,0][0,2400], mVisible=true, mInsetsRoundedCornerFrame=false}, InsetsSource: {mType=ITYPE_RIGHT_GESTURES, mFrame=[1080,0][1080,2400], mVisible=true, mInsetsRoundedCornerFrame=false}, InsetsSource: {mType=ITYPE_TOP_MANDATORY_GESTURES, mFrame=[0,0][1080,126], mVisible=true, mInsetsRoundedCornerFrame=false}, InsetsSource: {mType=ITYPE_BOTTOM_MANDATORY_GESTURES, mFrame=[0,2265][1080,2400], mVisible=true, mInsetsRoundedCornerFrame=false}, InsetsSource: {mType=ITYPE_LEFT_DISPLAY_CUTOUT, mFrame=[0,0][-100000,2400], mVisible=true, mInsetsRoundedCornerFrame=false}, InsetsSource: {mType=ITYPE_TOP_DISPLAY_CUTOUT, mFrame=[0,0][1080,92], mVisible=true, mInsetsRoundedCornerFrame=false}, InsetsSource: {mType=ITYPE_RIGHT_DISPLAY_CUTOUT, mFrame=[100000,0][1080,2400], mVisible=true, mInsetsRoundedCornerFrame=false}, InsetsSource: {mType=ITYPE_BOTTOM_DISPLAY_CUTOUT, mFrame=[0,100000][1080,2400], mVisible=true, mInsetsRoundedCornerFrame=false}, InsetsSource: {mType=ITYPE_TOP_TAPPABLE_ELEMENT, mFrame=[0,0][1080,92], mVisible=true, mInsetsRoundedCornerFrame=false}, InsetsSource: {mType=ITYPE_BOTTOM_TAPPABLE_ELEMENT, mFrame=[0,2265][1080,2400], mVisible=true, mInsetsRoundedCornerFrame=false} } host=com.blocktower.game/com.godot.game.GodotAppLauncher from=android.view.ViewRootImpl$ViewRootHandler.handleMessageImpl:6740
09-21 16:51:31.746 16005 16005 D InsetsController: controlAnimationUnchecked: Added types=3 animType=1 host=com.blocktower.game/com.godot.game.GodotAppLauncher from=android.view.InsetsController.applyAnimation:1576 android.view.InsetsController.applyAnimation:1557 android.view.InsetsController.onControlsChanged:995 
09-21 16:51:31.747 16005 16005 D InsetsController: onStateChanged: InsetsState: {mDisplayFrame=Rect(0, 0 - 1080, 2400), mDisplayCutout=DisplayCutout{insets=Rect(0, 92 - 0, 0) waterfall=Insets{left=0, top=0, right=0, bottom=0} boundingRect={Bounds=[Rect(0, 0 - 0, 0), Rect(503, 0 - 577, 92), Rect(0, 0 - 0, 0), Rect(0, 0 - 0, 0)]} cutoutPathParserInfo={CutoutPathParserInfo{displayWidth=1080 displayHeight=2400 physicalDisplayWidth=1080 physicalDisplayHeight=2400 density={2.8125} cutoutSpec={M 0,0 H -13.15555555555556 V 32.71111111111111 H 13.15555555555556 V 0 H 0 Z @dp} rotation={0} scale={1.0} physicalPixelDisplaySizeRatio={1.0}}}}, mRoundedCorners=RoundedCorners{[RoundedCorner{position=TopLeft, radius=25, center=Point(25, 25)}, RoundedCorner{position=TopRight, radius=25, center=Point(1055, 25)}, RoundedCorner{position=BottomRight, radius=25, center=Point(1055, 2375)}, RoundedCorner{position=BottomLeft, radius=25, center=Point(25, 2375)}]}  mRoundedCornerFrame=Rect(0, 0 - 1080, 2400), mPrivacyIndicatorBounds=PrivacyIndicatorBounds {static bounds=Rect(956, 0 - 1080, 92) rotation=0}, mSources= { InsetsSource: {mType=ITYPE_STATUS_BAR, mFrame=[0,0][1080,92], mVisible=false, mInsetsRoundedCornerFrame=false}, InsetsSource: {mType=ITYPE_NAVIGATION_BAR, mFrame=[0,2265][1080,2400], mVisible=false, mInsetsRoundedCornerFrame=false}, InsetsSource: {mType=ITYPE_LEFT_GESTURES, mFrame=[0,0][0,2400], mVisible=true, mInsetsRoundedCornerFrame=false}, InsetsSource: {mType=ITYPE_RIGHT_GESTURES, mFrame=[1080,0][1080,2400], mVisible=true, mInsetsRoundedCornerFrame=false}, InsetsSource: {mType=ITYPE_TOP_MANDATORY_GESTURES, mFrame=[0,0][1080,126], mVisible=true, mInsetsRoundedCornerFrame=false}, InsetsSource: {mType=ITYPE_BOTTOM_MANDATORY_GESTURES, mFrame=[0,2265][1080,2400], mVisible=true, mInsetsRoundedCornerFrame=false}, InsetsSource: {mType=ITYPE_LEFT_DISPLAY_CUTOUT, mFrame=[0,0][-100000,2400], mVisible=true, mInsetsRoundedCornerFrame=false}, InsetsSource: {mType=ITYPE_TOP_DISPLAY_CUTOUT, mFrame=[0,0][1080,92], mVisible=true, mInsetsRoundedCornerFrame=false}, InsetsSource: {mType=ITYPE_RIGHT_DISPLAY_CUTOUT, mFrame=[100000,0][1080,2400], mVisible=true, mInsetsRoundedCornerFrame=false}, InsetsSource: {mType=ITYPE_BOTTOM_DISPLAY_CUTOUT, mFrame=[0,100000][1080,2400], mVisible=true, mInsetsRoundedCornerFrame=false}, InsetsSource: {mType=ITYPE_TOP_TAPPABLE_ELEMENT, mFrame=[0,0][1080,92], mVisible=true, mInsetsRoundedCornerFrame=false}, InsetsSource: {mType=ITYPE_BOTTOM_TAPPABLE_ELEMENT, mFrame=[0,2265][1080,2400], mVisible=true, mInsetsRoundedCornerFrame=false} } host=com.blocktower.game/com.godot.game.GodotAppLauncher from=android.view.ViewRootImpl$ViewRootHandler.handleMessageImpl:6727
09-21 16:51:31.747 16005 16005 I ViewRootImpl@6d90796[GodotAppLauncher]: handleResized, msg = 5 frames=ClientWindowFrames{frame=[0,0][1080,2400] display=[0,0][1080,2400] parentFrame=[0,0][0,0] parentClippedByDisplayCutout=false} forceNextWindowRelayout=false displayId=0 resizeMode=-1 frameChanged=false displayFrameChanged=false configChanged=false displayChanged=false
09-21 16:51:31.747 16005 16005 I ViewRootImpl@6d90796[GodotAppLauncher]: handleResized mSyncSeqId = 0
09-21 16:51:31.747 16005 16005 I ViewRootImpl@6d90796[GodotAppLauncher]: reportNextDraw android.view.ViewRootImpl.handleResized:2450 android.view.ViewRootImpl.-$$Nest$mhandleResized:0 android.view.ViewRootImpl$ViewRootHandler.handleMessageImpl:6728 android.view.ViewRootImpl$ViewRootHandler.handleMessage:6697 android.os.Handler.dispatchMessage:106 
09-21 16:51:31.762 16005 16005 I ViewRootImpl@6d90796[GodotAppLauncher]: Setup new sync id=1
09-21 16:51:31.762 16005 16005 I ViewRootImpl@6d90796[GodotAppLauncher]: Setting syncFrameCallback
09-21 16:51:31.762 16005 16005 I ViewRootImpl@6d90796[GodotAppLauncher]: registerCallbacksForSync syncBuffer=false
09-21 16:51:31.764 16005 16102 I ViewRootImpl@6d90796[GodotAppLauncher]: mWNT: t=0xb400007c54588910 mBlastBufferQueue=0xb400007c94569cb0 fn= 2 caller= android.view.SyncRtSurfaceTransactionApplier.applyTransaction:96 android.view.SyncRtSurfaceTransactionApplier.lambda$scheduleApply$0$android-view-SyncRtSurfaceTransactionApplier:69 android.view.SyncRtSurfaceTransactionApplier$$ExternalSyntheticLambda0.onFrameDraw:4 
09-21 16:51:31.764 16005 16102 I ViewRootImpl@6d90796[GodotAppLauncher]: Received frameDrawingCallback syncResult=0 frameNum=2.
09-21 16:51:31.764 16005 16102 I ViewRootImpl@6d90796[GodotAppLauncher]: Setting up sync and frameCommitCallback
09-21 16:51:31.769 16005 16038 I ViewRootImpl@6d90796[GodotAppLauncher]: Received frameCommittedCallback lastAttemptedDrawFrameNum=2 didProduceBuffer=true
09-21 16:51:31.779 16005 16101 I ViewRootImpl@6d90796[GodotAppLauncher]: mWNT: t=0xb400007c545873b0 mBlastBufferQueue=0xb400007c94569cb0 fn= 3 caller= android.view.SyncRtSurfaceTransactionApplier.applyTransaction:96 android.view.SyncRtSurfaceTransactionApplier.lambda$scheduleApply$0$android-view-SyncRtSurfaceTransactionApplier:69 android.view.SyncRtSurfaceTransactionApplier$$ExternalSyntheticLambda0.onFrameDraw:4 
09-21 16:51:31.796 16005 16102 I ViewRootImpl@6d90796[GodotAppLauncher]: mWNT: t=0xb400007c54585790 mBlastBufferQueue=0xb400007c94569cb0 fn= 4 caller= android.view.SyncRtSurfaceTransactionApplier.applyTransaction:96 android.view.SyncRtSurfaceTransactionApplier.lambda$scheduleApply$0$android-view-SyncRtSurfaceTransactionApplier:69 android.view.SyncRtSurfaceTransactionApplier$$ExternalSyntheticLambda0.onFrameDraw:4 
09-21 16:51:31.811 16005 16101 I ViewRootImpl@6d90796[GodotAppLauncher]: mWNT: t=0xb400007c54588c70 mBlastBufferQueue=0xb400007c94569cb0 fn= 5 caller= android.view.SyncRtSurfaceTransactionApplier.applyTransaction:96 android.view.SyncRtSurfaceTransactionApplier.lambda$scheduleApply$0$android-view-SyncRtSurfaceTransactionApplier:69 android.view.SyncRtSurfaceTransactionApplier$$ExternalSyntheticLambda0.onFrameDraw:4 
09-21 16:51:31.829 16005 16102 I ViewRootImpl@6d90796[GodotAppLauncher]: mWNT: t=0xb400007c54587950 mBlastBufferQueue=0xb400007c94569cb0 fn= 6 caller= android.view.SyncRtSurfaceTransactionApplier.applyTransaction:96 android.view.SyncRtSurfaceTransactionApplier.lambda$scheduleApply$0$android-view-SyncRtSurfaceTransactionApplier:69 android.view.SyncRtSurfaceTransactionApplier$$ExternalSyntheticLambda0.onFrameDraw:4 
09-21 16:51:31.845 16005 16101 I ViewRootImpl@6d90796[GodotAppLauncher]: mWNT: t=0xb400007c54587050 mBlastBufferQueue=0xb400007c94569cb0 fn= 7 caller= android.view.SyncRtSurfaceTransactionApplier.applyTransaction:96 android.view.SyncRtSurfaceTransactionApplier.lambda$scheduleApply$0$android-view-SyncRtSurfaceTransactionApplier:69 android.view.SyncRtSurfaceTransactionApplier$$ExternalSyntheticLambda0.onFrameDraw:4 
09-21 16:51:31.865 16005 16102 I ViewRootImpl@6d90796[GodotAppLauncher]: mWNT: t=0xb400007c54587ef0 mBlastBufferQueue=0xb400007c94569cb0 fn= 8 caller= android.view.SyncRtSurfaceTransactionApplier.applyTransaction:96 android.view.SyncRtSurfaceTransactionApplier.lambda$scheduleApply$0$android-view-SyncRtSurfaceTransactionApplier:69 android.view.SyncRtSurfaceTransactionApplier$$ExternalSyntheticLambda0.onFrameDraw:4 
09-21 16:51:31.874 16005 16093 I godot   : OpenGL API OpenGL ES 3.2 V@0502.11.5 (GIT@db7e7066a2, I1fad33e957, 1746950372) (Date:05/11/25) - Compatibility - Using Device: Qualcomm - Adreno (TM) 650
09-21 16:51:31.879 16005 16101 I ViewRootImpl@6d90796[GodotAppLauncher]: mWNT: t=0xb400007c54588490 mBlastBufferQueue=0xb400007c94569cb0 fn= 9 caller= android.view.SyncRtSurfaceTransactionApplier.applyTransaction:96 android.view.SyncRtSurfaceTransactionApplier.lambda$scheduleApply$0$android-view-SyncRtSurfaceTransactionApplier:69 android.view.SyncRtSurfaceTransactionApplier$$ExternalSyntheticLambda0.onFrameDraw:4 
09-21 16:51:31.889 16005 16093 D blocktower.game: PlayerBase::PlayerBase()
09-21 16:51:31.890 16005 16093 D blocktower.game: TrackPlayerBase::TrackPlayerBase()
09-21 16:51:31.890 16005 16093 I libOpenSLES: Emulating old channel mask behavior (ignoring positional mask 0x3, using default mask 0x3 based on channel count of 2)
09-21 16:51:31.895 16005 16102 I ViewRootImpl@6d90796[GodotAppLauncher]: mWNT: t=0xb400007c545b9150 mBlastBufferQueue=0xb400007c94569cb0 fn= 10 caller= android.view.SyncRtSurfaceTransactionApplier.applyTransaction:96 android.view.SyncRtSurfaceTransactionApplier.lambda$scheduleApply$0$android-view-SyncRtSurfaceTransactionApplier:69 android.view.SyncRtSurfaceTransactionApplier$$ExternalSyntheticLambda0.onFrameDraw:4 
09-21 16:51:31.905 16005 16093 I AudioTrack: Need throttle time for OpenSLES player
09-21 16:51:31.911 16005 16101 I ViewRootImpl@6d90796[GodotAppLauncher]: mWNT: t=0xb400007c545bc2d0 mBlastBufferQueue=0xb400007c94569cb0 fn= 11 caller= android.view.SyncRtSurfaceTransactionApplier.applyTransaction:96 android.view.SyncRtSurfaceTransactionApplier.lambda$scheduleApply$0$android-view-SyncRtSurfaceTransactionApplier:69 android.view.SyncRtSurfaceTransactionApplier$$ExternalSyntheticLambda0.onFrameDraw:4 
09-21 16:51:31.915 16005 16093 I godot   : 
09-21 16:51:31.929 16005 16102 I ViewRootImpl@6d90796[GodotAppLauncher]: mWNT: t=0xb400007c545bafb0 mBlastBufferQueue=0xb400007c94569cb0 fn= 12 caller= android.view.SyncRtSurfaceTransactionApplier.applyTransaction:96 android.view.SyncRtSurfaceTransactionApplier.lambda$scheduleApply$0$android-view-SyncRtSurfaceTransactionApplier:69 android.view.SyncRtSurfaceTransactionApplier$$ExternalSyntheticLambda0.onFrameDraw:4 
09-21 16:51:31.945 16005 16101 I ViewRootImpl@6d90796[GodotAppLauncher]: mWNT: t=0xb400007c545bbc10 mBlastBufferQueue=0xb400007c94569cb0 fn= 13 caller= android.view.SyncRtSurfaceTransactionApplier.applyTransaction:96 android.view.SyncRtSurfaceTransactionApplier.lambda$scheduleApply$0$android-view-SyncRtSurfaceTransactionApplier:69 android.view.SyncRtSurfaceTransactionApplier$$ExternalSyntheticLambda0.onFrameDraw:4 
09-21 16:51:31.966 16005 16102 I ViewRootImpl@6d90796[GodotAppLauncher]: mWNT: t=0xb400007c545bd4d0 mBlastBufferQueue=0xb400007c94569cb0 fn= 14 caller= android.view.SyncRtSurfaceTransactionApplier.applyTransaction:96 android.view.SyncRtSurfaceTransactionApplier.lambda$scheduleApply$0$android-view-SyncRtSurfaceTransactionApplier:69 android.view.SyncRtSurfaceTransactionApplier$$ExternalSyntheticLambda0.onFrameDraw:4 
09-21 16:51:31.978 16005 16101 I ViewRootImpl@6d90796[GodotAppLauncher]: mWNT: t=0xb400007c545bbf70 mBlastBufferQueue=0xb400007c94569cb0 fn= 15 caller= android.view.SyncRtSurfaceTransactionApplier.applyTransaction:96 android.view.SyncRtSurfaceTransactionApplier.lambda$scheduleApply$0$android-view-SyncRtSurfaceTransactionApplier:69 android.view.SyncRtSurfaceTransactionApplier$$ExternalSyntheticLambda0.onFrameDraw:4 
09-21 16:51:31.995 16005 16102 I ViewRootImpl@6d90796[GodotAppLauncher]: mWNT: t=0xb400007c545bcbd0 mBlastBufferQueue=0xb400007c94569cb0 fn= 16 caller= android.view.SyncRtSurfaceTransactionApplier.applyTransaction:96 android.view.SyncRtSurfaceTransactionApplier.lambda$scheduleApply$0$android-view-SyncRtSurfaceTransactionApplier:69 android.view.SyncRtSurfaceTransactionApplier$$ExternalSyntheticLambda0.onFrameDraw:4 
09-21 16:51:32.012 16005 16101 I ViewRootImpl@6d90796[GodotAppLauncher]: mWNT: t=0xb400007c545bb8b0 mBlastBufferQueue=0xb400007c94569cb0 fn= 17 caller= android.view.SyncRtSurfaceTransactionApplier.applyTransaction:96 android.view.SyncRtSurfaceTransactionApplier.lambda$scheduleApply$0$android-view-SyncRtSurfaceTransactionApplier:69 android.view.SyncRtSurfaceTransactionApplier$$ExternalSyntheticLambda0.onFrameDraw:4 
09-21 16:51:32.029 16005 16102 I ViewRootImpl@6d90796[GodotAppLauncher]: mWNT: t=0xb400007c545bae90 mBlastBufferQueue=0xb400007c94569cb0 fn= 18 caller= android.view.SyncRtSurfaceTransactionApplier.applyTransaction:96 android.view.SyncRtSurfaceTransactionApplier.lambda$scheduleApply$0$android-view-SyncRtSurfaceTransactionApplier:69 android.view.SyncRtSurfaceTransactionApplier$$ExternalSyntheticLambda0.onFrameDraw:4 
09-21 16:51:32.045 16005 16101 I ViewRootImpl@6d90796[GodotAppLauncher]: mWNT: t=0xb400007c545bc750 mBlastBufferQueue=0xb400007c94569cb0 fn= 19 caller= android.view.SyncRtSurfaceTransactionApplier.applyTransaction:96 android.view.SyncRtSurfaceTransactionApplier.lambda$scheduleApply$0$android-view-SyncRtSurfaceTransactionApplier:69 android.view.SyncRtSurfaceTransactionApplier$$ExternalSyntheticLambda0.onFrameDraw:4 
09-21 16:51:32.061 16005 16102 I ViewRootImpl@6d90796[GodotAppLauncher]: mWNT: t=0xb400007c545bb670 mBlastBufferQueue=0xb400007c94569cb0 fn= 20 caller= android.view.SyncRtSurfaceTransactionApplier.applyTransaction:96 android.view.SyncRtSurfaceTransactionApplier.lambda$scheduleApply$0$android-view-SyncRtSurfaceTransactionApplier:69 android.view.SyncRtSurfaceTransactionApplier$$ExternalSyntheticLambda0.onFrameDraw:4 
09-21 16:51:32.078 16005 16101 I ViewRootImpl@6d90796[GodotAppLauncher]: mWNT: t=0xb400007c545bd3b0 mBlastBufferQueue=0xb400007c94569cb0 fn= 21 caller= android.view.SyncRtSurfaceTransactionApplier.applyTransaction:96 android.view.SyncRtSurfaceTransactionApplier.lambda$scheduleApply$0$android-view-SyncRtSurfaceTransactionApplier:69 android.view.SyncRtSurfaceTransactionApplier$$ExternalSyntheticLambda0.onFrameDraw:4 
09-21 16:51:32.095 16005 16102 I ViewRootImpl@6d90796[GodotAppLauncher]: mWNT: t=0xb400007c545e2a30 mBlastBufferQueue=0xb400007c94569cb0 fn= 22 caller= android.view.SyncRtSurfaceTransactionApplier.applyTransaction:96 android.view.SyncRtSurfaceTransactionApplier.lambda$scheduleApply$0$android-view-SyncRtSurfaceTransactionApplier:69 android.view.SyncRtSurfaceTransactionApplier$$ExternalSyntheticLambda0.onFrameDraw:4 
09-21 16:51:32.111 16005 16101 I ViewRootImpl@6d90796[GodotAppLauncher]: mWNT: t=0xb400007c545e25b0 mBlastBufferQueue=0xb400007c94569cb0 fn= 23 caller= android.view.SyncRtSurfaceTransactionApplier.applyTransaction:96 android.view.SyncRtSurfaceTransactionApplier.lambda$scheduleApply$0$android-view-SyncRtSurfaceTransactionApplier:69 android.view.SyncRtSurfaceTransactionApplier$$ExternalSyntheticLambda0.onFrameDraw:4 
09-21 16:51:32.119 16005 16093 I ViewRootImpl@6d90796[GodotAppLauncher]: onSyncComplete
09-21 16:51:32.119 16005 16005 I SurfaceView@1f66074: finishedDrawing
09-21 16:51:32.120 16005 16093 I ViewRootImpl@6d90796[GodotAppLauncher]: setupSync seqId=0 mSyncId=-1 fn=2 caller=android.view.ViewRootImpl$$ExternalSyntheticLambda11.accept:6 android.window.SurfaceSyncer.lambda$setupSync$1$android-window-SurfaceSyncer:128 android.window.SurfaceSyncer$$ExternalSyntheticLambda1.accept:8 android.window.SurfaceSyncer$SyncSet.checkIfSyncIsComplete:382 android.window.SurfaceSyncer$SyncSet.lambda$merge$1$android-window-SurfaceSyncer$SyncSet:435 android.window.SurfaceSyncer$SyncSet$$ExternalSyntheticLambda0.accept:6 android.window.SurfaceSyncer$SyncSet.lambda$updateCallback$0:407 
09-21 16:51:32.120 16005 16093 I ViewRootImpl@6d90796[GodotAppLauncher]: onSyncComplete
09-21 16:51:32.120 16005 16005 I ViewRootImpl@6d90796[GodotAppLauncher]: reportDrawFinished seqId=0 mSyncId=-1 fn=2 mSurfaceChangedTransaction=0xb400007c54582a90
09-21 16:51:32.120 16005 16093 I ViewRootImpl@6d90796[GodotAppLauncher]: setupSync seqId=0 mSyncId=-1 fn=2 caller=android.view.ViewRootImpl$$ExternalSyntheticLambda11.accept:6 android.window.SurfaceSyncer.lambda$setupSync$1$android-window-SurfaceSyncer:128 android.window.SurfaceSyncer$$ExternalSyntheticLambda1.accept:8 android.window.SurfaceSyncer$SyncSet.checkIfSyncIsComplete:382 android.window.SurfaceSyncer$SyncSet.lambda$merge$1$android-window-SurfaceSyncer$SyncSet:435 android.window.SurfaceSyncer$SyncSet$$ExternalSyntheticLambda0.accept:6 android.window.SurfaceSyncer$SyncSet.lambda$updateCallback$0:407 
09-21 16:51:32.120 16005 16005 I ViewRootImpl@6d90796[GodotAppLauncher]: reportDrawFinished seqId=0 mSyncId=-1 fn=2 mSurfaceChangedTransaction=0xb400007c54582a90
09-21 16:51:32.124 16005 16093 I BLASTBufferQueue: [SurfaceView[com.blocktower.game/com.godot.game.GodotAppLauncher]@0#1](f:0,a:0) onFrameAvailable the first frame is available
09-21 16:51:32.128 16005 16005 D InsetsController: cancelAnimation of types: 3, animType: 1, host: com.blocktower.game/com.godot.game.GodotAppLauncher, from:android.view.InsetsController.notifyFinished:1375 android.view.InsetsAnimationControlImpl.applyChangeInsets:285 android.view.InsetsController.lambda$new$3$android-view-InsetsController:674 
09-21 16:51:32.130 16005 16005 I ViewRootImpl@6d90796[GodotAppLauncher]: MSG_WINDOW_FOCUS_CHANGED 1 0
09-21 16:51:32.130 16005 16005 I ViewRootImpl@6d90796[GodotAppLauncher]: mThreadedRenderer.initializeIfNeeded()#2 mSurface={isValid=true 0xb400007d2456b110}
09-21 16:51:32.132 16005 16005 D InputMethodManager: startInputInner - Id : 0
09-21 16:51:32.132 16005 16005 I InputMethodManager: startInputInner - mService.startInputOrWindowGainedFocus
09-21 16:51:32.133 16005 16102 I ViewRootImpl@6d90796[GodotAppLauncher]: mWNT: t=0xb400007c54585d30 mBlastBufferQueue=0xb400007c94569cb0 fn= 24 caller= android.view.SyncRtSurfaceTransactionApplier.applyTransaction:96 android.view.SyncRtSurfaceTransactionApplier.lambda$scheduleApply$0$android-view-SyncRtSurfaceTransactionApplier:69 android.view.SyncRtSurfaceTransactionApplier$$ExternalSyntheticLambda0.onFrameDraw:4 
09-21 16:51:32.143 16005 16005 D InputMethodManager: startInputInner - Id : 0
09-21 16:51:32.152 16005 16005 D InsetsController: onStateChanged: InsetsState: {mDisplayFrame=Rect(0, 0 - 1080, 2400), mDisplayCutout=DisplayCutout{insets=Rect(0, 92 - 0, 0) waterfall=Insets{left=0, top=0, right=0, bottom=0} boundingRect={Bounds=[Rect(0, 0 - 0, 0), Rect(503, 0 - 577, 92), Rect(0, 0 - 0, 0), Rect(0, 0 - 0, 0)]} cutoutPathParserInfo={CutoutPathParserInfo{displayWidth=1080 displayHeight=2400 physicalDisplayWidth=1080 physicalDisplayHeight=2400 density={2.8125} cutoutSpec={M 0,0 H -13.15555555555556 V 32.71111111111111 H 13.15555555555556 V 0 H 0 Z @dp} rotation={0} scale={1.0} physicalPixelDisplaySizeRatio={1.0}}}}, mRoundedCorners=RoundedCorners{[RoundedCorner{position=TopLeft, radius=25, center=Point(25, 25)}, RoundedCorner{position=TopRight, radius=25, center=Point(1055, 25)}, RoundedCorner{position=BottomRight, radius=25, center=Point(1055, 2375)}, RoundedCorner{position=BottomLeft, radius=25, center=Point(25, 2375)}]}  mRoundedCornerFrame=Rect(0, 0 - 1080, 2400), mPrivacyIndicatorBounds=PrivacyIndicatorBounds {static bounds=Rect(956, 0 - 1080, 92) rotation=0}, mSources= { InsetsSource: {mType=ITYPE_STATUS_BAR, mFrame=[0,0][1080,92], mVisible=false, mInsetsRoundedCornerFrame=false}, InsetsSource: {mType=ITYPE_NAVIGATION_BAR, mFrame=[0,2265][1080,2400], mVisible=false, mInsetsRoundedCornerFrame=false}, InsetsSource: {mType=ITYPE_LEFT_GESTURES, mFrame=[0,0][0,2400], mVisible=true, mInsetsRoundedCornerFrame=false}, InsetsSource: {mType=ITYPE_RIGHT_GESTURES, mFrame=[1080,0][1080,2400], mVisible=true, mInsetsRoundedCornerFrame=false}, InsetsSource: {mType=ITYPE_TOP_MANDATORY_GESTURES, mFrame=[0,0][1080,126], mVisible=true, mInsetsRoundedCornerFrame=false}, InsetsSource: {mType=ITYPE_BOTTOM_MANDATORY_GESTURES, mFrame=[0,2265][1080,2400], mVisible=true, mInsetsRoundedCornerFrame=false}, InsetsSource: {mType=ITYPE_LEFT_DISPLAY_CUTOUT, mFrame=[0,0][-100000,2400], mVisible=true, mInsetsRoundedCornerFrame=false}, InsetsSource: {mType=ITYPE_TOP_DISPLAY_CUTOUT, mFrame=[0,0][1080,92], mVisible=true, mInsetsRoundedCornerFrame=false}, InsetsSource: {mType=ITYPE_RIGHT_DISPLAY_CUTOUT, mFrame=[100000,0][1080,2400], mVisible=true, mInsetsRoundedCornerFrame=false}, InsetsSource: {mType=ITYPE_BOTTOM_DISPLAY_CUTOUT, mFrame=[0,100000][1080,2400], mVisible=true, mInsetsRoundedCornerFrame=false}, InsetsSource: {mType=ITYPE_TOP_TAPPABLE_ELEMENT, mFrame=[0,0][1080,92], mVisible=true, mInsetsRoundedCornerFrame=false}, InsetsSource: {mType=ITYPE_BOTTOM_TAPPABLE_ELEMENT, mFrame=[0,2265][1080,2400], mVisible=true, mInsetsRoundedCornerFrame=false}, InsetsSource: {mType=ITYPE_IME, mFrame=[0,0][0,0], mVisibleFrame=[0,1249][1080,2400], mVisible=false, mInsetsRoundedCornerFrame=false} } host=com.blocktower.game/com.godot.game.GodotAppLauncher from=android.view.ViewRootImpl$ViewRootHandler.handleMessageImpl:6740
09-21 16:51:32.566 16005 16012 I blocktower.game: Compiler allocated 6245KB to compile void android.view.ViewRootImpl.performTraversals()
09-21 16:51:33.209 16005 16093 V Godot   : OnGodotSetupCompleted
09-21 16:51:33.701 16005 16093 V Godot   : OnGodotMainLoopStarted
09-21 16:53:17.513 16005 16005 I ViewRootImpl@6d90796[GodotAppLauncher]: ViewPostIme pointer 0
09-21 16:53:17.515 16005 16005 I GestureDetector: obtain mCurrentDownEvent. id: 520327682 caller: android.view.ScaleGestureDetector.onTouchEvent:275 org.godotengine.godot.input.GodotInputHandler.onTouchEvent:262 org.godotengine.godot.GodotGLRenderView.onTouchEvent:146 
09-21 16:53:17.515 16005 16005 I GestureDetector: obtain mCurrentDownEvent. id: 520327682 caller: org.godotengine.godot.input.GodotInputHandler.onTouchEvent:263 org.godotengine.godot.GodotGLRenderView.onTouchEvent:146 android.view.View.dispatchTouchEvent:15544 
09-21 16:53:17.528 16005 16005 I GestureDetector: obtain mCurrentMotionEventRaw. action: 2 id: 704261229
09-21 16:53:17.528 16005 16005 I GestureDetector: obtain mCurrentMotionEventRaw. action: 2 id: 704261229
09-21 16:53:18.058 16005 16005 I ViewRootImpl@6d90796[GodotAppLauncher]: ViewPostIme pointer 1
09-21 16:53:18.892 16005 16005 I ViewRootImpl@6d90796[GodotAppLauncher]: ViewPostIme pointer 0
09-21 16:53:18.892 16005 16005 I GestureDetector: obtain mCurrentDownEvent. id: 839697999 caller: android.view.ScaleGestureDetector.onTouchEvent:275 org.godotengine.godot.input.GodotInputHandler.onTouchEvent:262 org.godotengine.godot.GodotGLRenderView.onTouchEvent:146 
09-21 16:53:18.893 16005 16005 I GestureDetector: obtain mCurrentDownEvent. id: 839697999 caller: org.godotengine.godot.input.GodotInputHandler.onTouchEvent:263 org.godotengine.godot.GodotGLRenderView.onTouchEvent:146 android.view.View.dispatchTouchEvent:15544 
09-21 16:53:18.927 16005 16005 I GestureDetector: obtain mCurrentMotionEventRaw. action: 2 id: 394975449
09-21 16:53:18.927 16005 16005 I GestureDetector: obtain mCurrentMotionEventRaw. action: 2 id: 394975449
09-21 16:53:19.765 16005 16005 I ViewRootImpl@6d90796[GodotAppLauncher]: ViewPostIme pointer 1
09-21 16:53:21.524 16005 16005 I ViewRootImpl@6d90796[GodotAppLauncher]: ViewPostIme pointer 0
09-21 16:53:21.524 16005 16005 I GestureDetector: obtain mCurrentDownEvent. id: 681718945 caller: android.view.ScaleGestureDetector.onTouchEvent:275 org.godotengine.godot.input.GodotInputHandler.onTouchEvent:262 org.godotengine.godot.GodotGLRenderView.onTouchEvent:146 
09-21 16:53:21.525 16005 16005 I GestureDetector: obtain mCurrentDownEvent. id: 681718945 caller: org.godotengine.godot.input.GodotInputHandler.onTouchEvent:263 org.godotengine.godot.GodotGLRenderView.onTouchEvent:146 android.view.View.dispatchTouchEvent:15544 
09-21 16:53:21.541 16005 16005 I GestureDetector: obtain mCurrentMotionEventRaw. action: 2 id: 180639589
09-21 16:53:21.542 16005 16005 I GestureDetector: obtain mCurrentMotionEventRaw. action: 2 id: 180639589
09-21 16:53:22.139 16005 16005 I ViewRootImpl@6d90796[GodotAppLauncher]: ViewPostIme pointer 1
09-21 16:53:23.356 16005 16005 I ViewRootImpl@6d90796[GodotAppLauncher]: ViewPostIme pointer 0
09-21 16:53:23.356 16005 16005 I GestureDetector: obtain mCurrentDownEvent. id: 102065817 caller: android.view.ScaleGestureDetector.onTouchEvent:275 org.godotengine.godot.input.GodotInputHandler.onTouchEvent:262 org.godotengine.godot.GodotGLRenderView.onTouchEvent:146 
09-21 16:53:23.357 16005 16005 I GestureDetector: obtain mCurrentDownEvent. id: 102065817 caller: org.godotengine.godot.input.GodotInputHandler.onTouchEvent:263 org.godotengine.godot.GodotGLRenderView.onTouchEvent:146 android.view.View.dispatchTouchEvent:15544 
09-21 16:53:23.374 16005 16005 I GestureDetector: obtain mCurrentMotionEventRaw. action: 2 id: 687011890
09-21 16:53:23.374 16005 16005 I GestureDetector: obtain mCurrentMotionEventRaw. action: 2 id: 687011890
09-21 16:53:24.588 16005 16005 I ViewRootImpl@6d90796[GodotAppLauncher]: ViewPostIme pointer 1
09-21 16:53:25.272 16005 16005 I ViewRootImpl@6d90796[GodotAppLauncher]: ViewPostIme pointer 0
09-21 16:53:25.272 16005 16005 I GestureDetector: obtain mCurrentDownEvent. id: 358755993 caller: android.view.ScaleGestureDetector.onTouchEvent:275 org.godotengine.godot.input.GodotInputHandler.onTouchEvent:262 org.godotengine.godot.GodotGLRenderView.onTouchEvent:146 
09-21 16:53:25.273 16005 16005 I GestureDetector: obtain mCurrentDownEvent. id: 358755993 caller: org.godotengine.godot.input.GodotInputHandler.onTouchEvent:263 org.godotengine.godot.GodotGLRenderView.onTouchEvent:146 android.view.View.dispatchTouchEvent:15544 
09-21 16:53:25.290 16005 16005 I GestureDetector: obtain mCurrentMotionEventRaw. action: 2 id: 220238044
09-21 16:53:25.290 16005 16005 I GestureDetector: obtain mCurrentMotionEventRaw. action: 2 id: 220238044
09-21 16:53:27.752 16005 16005 I ViewRootImpl@6d90796[GodotAppLauncher]: ViewPostIme pointer 1
09-21 16:53:28.570 16005 16005 I ViewRootImpl@6d90796[GodotAppLauncher]: ViewPostIme pointer 0
09-21 16:53:28.570 16005 16005 I GestureDetector: obtain mCurrentDownEvent. id: 534985896 caller: android.view.ScaleGestureDetector.onTouchEvent:275 org.godotengine.godot.input.GodotInputHandler.onTouchEvent:262 org.godotengine.godot.GodotGLRenderView.onTouchEvent:146 
09-21 16:53:28.570 16005 16005 I GestureDetector: obtain mCurrentDownEvent. id: 534985896 caller: org.godotengine.godot.input.GodotInputHandler.onTouchEvent:263 org.godotengine.godot.GodotGLRenderView.onTouchEvent:146 android.view.View.dispatchTouchEvent:15544 
09-21 16:53:28.587 16005 16005 I GestureDetector: obtain mCurrentMotionEventRaw. action: 2 id: 676073019
09-21 16:53:28.588 16005 16005 I GestureDetector: obtain mCurrentMotionEventRaw. action: 2 id: 676073019
09-21 16:53:29.776 16005 16005 I ViewRootImpl@6d90796[GodotAppLauncher]: ViewPostIme pointer 1
09-21 16:53:30.452 16005 16005 I ViewRootImpl@6d90796[GodotAppLauncher]: ViewPostIme pointer 0
09-21 16:53:30.452 16005 16005 I GestureDetector: obtain mCurrentDownEvent. id: 597353145 caller: android.view.ScaleGestureDetector.onTouchEvent:275 org.godotengine.godot.input.GodotInputHandler.onTouchEvent:262 org.godotengine.godot.GodotGLRenderView.onTouchEvent:146 
09-21 16:53:30.453 16005 16005 I GestureDetector: obtain mCurrentDownEvent. id: 597353145 caller: org.godotengine.godot.input.GodotInputHandler.onTouchEvent:263 org.godotengine.godot.GodotGLRenderView.onTouchEvent:146 android.view.View.dispatchTouchEvent:15544 
09-21 16:53:30.486 16005 16005 I GestureDetector: obtain mCurrentMotionEventRaw. action: 2 id: 383701447
09-21 16:53:30.486 16005 16005 I GestureDetector: obtain mCurrentMotionEventRaw. action: 2 id: 383701447
09-21 16:53:32.557 16005 16005 I ViewRootImpl@6d90796[GodotAppLauncher]: ViewPostIme pointer 1
09-21 16:53:33.268 16005 16005 I ViewRootImpl@6d90796[GodotAppLauncher]: ViewPostIme pointer 0
09-21 16:53:33.268 16005 16005 I GestureDetector: obtain mCurrentDownEvent. id: 329394382 caller: android.view.ScaleGestureDetector.onTouchEvent:275 org.godotengine.godot.input.GodotInputHandler.onTouchEvent:262 org.godotengine.godot.GodotGLRenderView.onTouchEvent:146 
09-21 16:53:33.269 16005 16005 I GestureDetector: obtain mCurrentDownEvent. id: 329394382 caller: org.godotengine.godot.input.GodotInputHandler.onTouchEvent:263 org.godotengine.godot.GodotGLRenderView.onTouchEvent:146 android.view.View.dispatchTouchEvent:15544 
09-21 16:53:33.284 16005 16005 I GestureDetector: obtain mCurrentMotionEventRaw. action: 2 id: 94150258
09-21 16:53:33.285 16005 16005 I GestureDetector: obtain mCurrentMotionEventRaw. action: 2 id: 94150258
09-21 16:53:34.406 16005 16005 I ViewRootImpl@6d90796[GodotAppLauncher]: ViewPostIme pointer 1
09-21 16:53:35.590 16005 16005 I ViewRootImpl@6d90796[GodotAppLauncher]: ViewPostIme pointer 0
09-21 16:53:35.591 16005 16005 I GestureDetector: obtain mCurrentDownEvent. id: 87894729 caller: android.view.ScaleGestureDetector.onTouchEvent:275 org.godotengine.godot.input.GodotInputHandler.onTouchEvent:262 org.godotengine.godot.GodotGLRenderView.onTouchEvent:146 
09-21 16:53:35.591 16005 16005 I GestureDetector: obtain mCurrentDownEvent. id: 87894729 caller: org.godotengine.godot.input.GodotInputHandler.onTouchEvent:263 org.godotengine.godot.GodotGLRenderView.onTouchEvent:146 android.view.View.dispatchTouchEvent:15544 
09-21 16:53:35.617 16005 16005 I GestureDetector: obtain mCurrentMotionEventRaw. action: 2 id: 788915742
09-21 16:53:35.617 16005 16005 I GestureDetector: obtain mCurrentMotionEventRaw. action: 2 id: 788915742
09-21 16:53:36.514 16005 16005 I ViewRootImpl@6d90796[GodotAppLauncher]: ViewPostIme pointer 1
09-21 16:53:37.094 16005 16005 I ViewRootImpl@6d90796[GodotAppLauncher]: ViewPostIme pointer 0
09-21 16:53:37.095 16005 16005 I GestureDetector: obtain mCurrentDownEvent. id: 498561159 caller: android.view.ScaleGestureDetector.onTouchEvent:275 org.godotengine.godot.input.GodotInputHandler.onTouchEvent:262 org.godotengine.godot.GodotGLRenderView.onTouchEvent:146 
09-21 16:53:37.095 16005 16005 I GestureDetector: obtain mCurrentDownEvent. id: 498561159 caller: org.godotengine.godot.input.GodotInputHandler.onTouchEvent:263 org.godotengine.godot.GodotGLRenderView.onTouchEvent:146 android.view.View.dispatchTouchEvent:15544 
09-21 16:53:37.116 16005 16005 I GestureDetector: obtain mCurrentMotionEventRaw. action: 2 id: 790223409
09-21 16:53:37.116 16005 16005 I GestureDetector: obtain mCurrentMotionEventRaw. action: 2 id: 790223409
09-21 16:53:37.299 16005 16005 I ViewRootImpl@6d90796[GodotAppLauncher]: ViewPostIme pointer 0
09-21 16:53:37.300 16005 16005 I GestureDetector: obtain mCurrentDownEvent. id: -793525672 caller: android.view.ScaleGestureDetector.onTouchEvent:275 org.godotengine.godot.input.GodotInputHandler.onTouchEvent:262 org.godotengine.godot.GodotGLRenderView.onTouchEvent:146 
09-21 16:53:37.300 16005 16005 I GestureDetector: obtain mCurrentDownEvent. id: -793525672 caller: org.godotengine.godot.input.GodotInputHandler.onTouchEvent:263 org.godotengine.godot.GodotGLRenderView.onTouchEvent:146 android.view.View.dispatchTouchEvent:15544 
09-21 16:53:37.316 16005 16005 I GestureDetector: obtain mCurrentMotionEventRaw. action: 2 id: -803951007
09-21 16:53:37.316 16005 16005 I GestureDetector: obtain mCurrentMotionEventRaw. action: 2 id: -803951007
09-21 16:53:37.900 16005 16005 I ViewRootImpl@6d90796[GodotAppLauncher]: ViewPostIme pointer 1
09-21 16:53:38.587 16005 16005 I ViewRootImpl@6d90796[GodotAppLauncher]: ViewPostIme pointer 0
09-21 16:53:38.588 16005 16005 I GestureDetector: obtain mCurrentDownEvent. id: 420301285 caller: android.view.ScaleGestureDetector.onTouchEvent:275 org.godotengine.godot.input.GodotInputHandler.onTouchEvent:262 org.godotengine.godot.GodotGLRenderView.onTouchEvent:146 
09-21 16:53:38.588 16005 16005 I GestureDetector: obtain mCurrentDownEvent. id: 420301285 caller: org.godotengine.godot.input.GodotInputHandler.onTouchEvent:263 org.godotengine.godot.GodotGLRenderView.onTouchEvent:146 android.view.View.dispatchTouchEvent:15544 
09-21 16:53:38.615 16005 16005 I GestureDetector: obtain mCurrentMotionEventRaw. action: 2 id: 259651783
09-21 16:53:38.615 16005 16005 I GestureDetector: obtain mCurrentMotionEventRaw. action: 2 id: 259651783
09-21 16:53:39.220 16005 16005 I ViewRootImpl@6d90796[GodotAppLauncher]: ViewPostIme pointer 0
09-21 16:53:39.221 16005 16005 I GestureDetector: obtain mCurrentDownEvent. id: -543479069 caller: android.view.ScaleGestureDetector.onTouchEvent:275 org.godotengine.godot.input.GodotInputHandler.onTouchEvent:262 org.godotengine.godot.GodotGLRenderView.onTouchEvent:146 
09-21 16:53:39.221 16005 16005 I GestureDetector: obtain mCurrentDownEvent. id: -543479069 caller: org.godotengine.godot.input.GodotInputHandler.onTouchEvent:263 org.godotengine.godot.GodotGLRenderView.onTouchEvent:146 android.view.View.dispatchTouchEvent:15544 
09-21 16:53:39.222 16005 16005 I ViewRootImpl@6d90796[GodotAppLauncher]: ViewPostIme pointer 1
09-21 16:53:39.222 16005 16005 I GestureDetector: obtain mCurrentMotionEventRaw. action: 1 id: -938897697
09-21 16:53:39.222 16005 16005 I GestureDetector: obtain mCurrentMotionEventRaw. action: 1 id: -938897697
09-21 16:53:39.521 16005 16005 I GestureDetector: handleMessage TAP
09-21 16:53:39.521 16005 16005 I GestureDetector: handleMessage TAP
09-21 16:53:40.206 16005 16005 I ViewRootImpl@6d90796[GodotAppLauncher]: ViewPostIme key 0
09-21 16:53:40.210 16005 16005 I ViewRootImpl@6d90796[GodotAppLauncher]: ViewPostIme key 1
09-21 16:53:40.720 16005 16005 I ViewRootImpl@6d90796[GodotAppLauncher]: ViewPostIme pointer 0
09-21 16:53:40.721 16005 16005 I GestureDetector: obtain mCurrentDownEvent. id: -643134561 caller: android.view.ScaleGestureDetector.onTouchEvent:275 org.godotengine.godot.input.GodotInputHandler.onTouchEvent:262 org.godotengine.godot.GodotGLRenderView.onTouchEvent:146 
09-21 16:53:40.721 16005 16005 I GestureDetector: obtain mCurrentDownEvent. id: -643134561 caller: org.godotengine.godot.input.GodotInputHandler.onTouchEvent:263 org.godotengine.godot.GodotGLRenderView.onTouchEvent:146 android.view.View.dispatchTouchEvent:15544 
09-21 16:53:40.723 16005 16005 I ViewRootImpl@6d90796[GodotAppLauncher]: ViewPostIme pointer 1
09-21 16:53:40.723 16005 16005 I GestureDetector: obtain mCurrentMotionEventRaw. action: 1 id: -57464047
09-21 16:53:40.723 16005 16005 I GestureDetector: obtain mCurrentMotionEventRaw. action: 1 id: -57464047
09-21 16:53:41.021 16005 16005 I GestureDetector: handleMessage TAP
09-21 16:53:41.021 16005 16005 I GestureDetector: handleMessage TAP
09-21 16:53:43.007 16005 16005 I ViewRootImpl@6d90796[GodotAppLauncher]: ViewPostIme key 0
09-21 16:53:43.012 16005 16005 I ViewRootImpl@6d90796[GodotAppLauncher]: ViewPostIme key 1
09-21 16:53:44.656 16005 16005 I ViewRootImpl@6d90796[GodotAppLauncher]: ViewPostIme pointer 0
09-21 16:53:44.656 16005 16005 I GestureDetector: obtain mCurrentDownEvent. id: 467682408 caller: android.view.ScaleGestureDetector.onTouchEvent:275 org.godotengine.godot.input.GodotInputHandler.onTouchEvent:262 org.godotengine.godot.GodotGLRenderView.onTouchEvent:146 
09-21 16:53:44.657 16005 16005 I GestureDetector: obtain mCurrentDownEvent. id: 467682408 caller: org.godotengine.godot.input.GodotInputHandler.onTouchEvent:263 org.godotengine.godot.GodotGLRenderView.onTouchEvent:146 android.view.View.dispatchTouchEvent:15544 
09-21 16:53:44.677 16005 16005 I GestureDetector: obtain mCurrentMotionEventRaw. action: 2 id: 742717595
09-21 16:53:44.677 16005 16005 I GestureDetector: obtain mCurrentMotionEventRaw. action: 2 id: 742717595
09-21 16:53:46.506 16005 16005 I ViewRootImpl@6d90796[GodotAppLauncher]: ViewPostIme pointer 1
09-21 16:53:47.241 16005 16005 I ViewRootImpl@6d90796[GodotAppLauncher]: ViewPostIme pointer 0
09-21 16:53:47.241 16005 16005 I GestureDetector: obtain mCurrentDownEvent. id: 450154821 caller: android.view.ScaleGestureDetector.onTouchEvent:275 org.godotengine.godot.input.GodotInputHandler.onTouchEvent:262 org.godotengine.godot.GodotGLRenderView.onTouchEvent:146 
09-21 16:53:47.241 16005 16005 I GestureDetector: obtain mCurrentDownEvent. id: 450154821 caller: org.godotengine.godot.input.GodotInputHandler.onTouchEvent:263 org.godotengine.godot.GodotGLRenderView.onTouchEvent:146 android.view.View.dispatchTouchEvent:15544 
09-21 16:53:47.276 16005 16005 I GestureDetector: obtain mCurrentMotionEventRaw. action: 2 id: 662899015
09-21 16:53:47.276 16005 16005 I GestureDetector: obtain mCurrentMotionEventRaw. action: 2 id: 662899015
09-21 16:53:47.973 16005 16005 I ViewRootImpl@6d90796[GodotAppLauncher]: ViewPostIme pointer 1
09-21 16:53:48.948 16005 16005 I ViewRootImpl@6d90796[GodotAppLauncher]: ViewPostIme pointer 0
09-21 16:53:48.949 16005 16005 I GestureDetector: obtain mCurrentDownEvent. id: 406232687 caller: android.view.ScaleGestureDetector.onTouchEvent:275 org.godotengine.godot.input.GodotInputHandler.onTouchEvent:262 org.godotengine.godot.GodotGLRenderView.onTouchEvent:146 
09-21 16:53:48.949 16005 16005 I GestureDetector: obtain mCurrentDownEvent. id: 406232687 caller: org.godotengine.godot.input.GodotInputHandler.onTouchEvent:263 org.godotengine.godot.GodotGLRenderView.onTouchEvent:146 android.view.View.dispatchTouchEvent:15544 
09-21 16:53:48.975 16005 16005 I GestureDetector: obtain mCurrentMotionEventRaw. action: 2 id: 813030129
09-21 16:53:48.975 16005 16005 I GestureDetector: obtain mCurrentMotionEventRaw. action: 2 id: 813030129
09-21 16:53:49.447 16005 16005 I ViewRootImpl@6d90796[GodotAppLauncher]: ViewPostIme pointer 1
09-21 16:53:49.789 16005 16005 I ViewRootImpl@6d90796[GodotAppLauncher]: ViewPostIme pointer 0
09-21 16:53:49.790 16005 16005 I GestureDetector: obtain mCurrentDownEvent. id: 312848321 caller: android.view.ScaleGestureDetector.onTouchEvent:275 org.godotengine.godot.input.GodotInputHandler.onTouchEvent:262 org.godotengine.godot.GodotGLRenderView.onTouchEvent:146 
09-21 16:53:49.790 16005 16005 I GestureDetector: obtain mCurrentDownEvent. id: 312848321 caller: org.godotengine.godot.input.GodotInputHandler.onTouchEvent:263 org.godotengine.godot.GodotGLRenderView.onTouchEvent:146 android.view.View.dispatchTouchEvent:15544 
09-21 16:53:49.840 16005 16005 I GestureDetector: obtain mCurrentMotionEventRaw. action: 2 id: 931475060
09-21 16:53:49.840 16005 16005 I GestureDetector: obtain mCurrentMotionEventRaw. action: 2 id: 931475060
09-21 16:53:49.878 16005 16005 I ViewRootImpl@6d90796[GodotAppLauncher]: ViewPostIme pointer 1
09-21 16:53:50.089 16005 16005 I GestureDetector: handleMessage TAP
09-21 16:53:50.090 16005 16005 I GestureDetector: handleMessage TAP
09-21 16:53:52.087 16005 16005 I ViewRootImpl@6d90796[GodotAppLauncher]: ViewPostIme pointer 0
09-21 16:53:52.087 16005 16005 I GestureDetector: obtain mCurrentDownEvent. id: 96538046 caller: android.view.ScaleGestureDetector.onTouchEvent:275 org.godotengine.godot.input.GodotInputHandler.onTouchEvent:262 org.godotengine.godot.GodotGLRenderView.onTouchEvent:146 
09-21 16:53:52.087 16005 16005 I GestureDetector: obtain mCurrentDownEvent. id: 96538046 caller: org.godotengine.godot.input.GodotInputHandler.onTouchEvent:263 org.godotengine.godot.GodotGLRenderView.onTouchEvent:146 android.view.View.dispatchTouchEvent:15544 
09-21 16:53:52.122 16005 16005 I GestureDetector: obtain mCurrentMotionEventRaw. action: 2 id: 350260736
09-21 16:53:52.122 16005 16005 I GestureDetector: obtain mCurrentMotionEventRaw. action: 2 id: 350260736
09-21 16:53:52.176 16005 16005 I ViewRootImpl@6d90796[GodotAppLauncher]: ViewPostIme pointer 1
09-21 16:53:52.388 16005 16005 I GestureDetector: handleMessage TAP
09-21 16:53:52.388 16005 16005 I GestureDetector: handleMessage TAP
09-21 16:53:53.437 16005 16005 I ViewRootImpl@6d90796[GodotAppLauncher]: ViewPostIme pointer 0
09-21 16:53:53.438 16005 16005 I GestureDetector: obtain mCurrentDownEvent. id: 810332938 caller: android.view.ScaleGestureDetector.onTouchEvent:275 org.godotengine.godot.input.GodotInputHandler.onTouchEvent:262 org.godotengine.godot.GodotGLRenderView.onTouchEvent:146 
09-21 16:53:53.438 16005 16005 I GestureDetector: obtain mCurrentDownEvent. id: 810332938 caller: org.godotengine.godot.input.GodotInputHandler.onTouchEvent:263 org.godotengine.godot.GodotGLRenderView.onTouchEvent:146 android.view.View.dispatchTouchEvent:15544 
09-21 16:53:53.471 16005 16005 I GestureDetector: obtain mCurrentMotionEventRaw. action: 2 id: 942710624
09-21 16:53:53.471 16005 16005 I GestureDetector: obtain mCurrentMotionEventRaw. action: 2 id: 942710624
09-21 16:53:53.992 16005 16005 I ViewRootImpl@6d90796[GodotAppLauncher]: ViewPostIme pointer 1
09-21 16:53:54.468 16005 16005 I ViewRootImpl@6d90796[GodotAppLauncher]: ViewPostIme pointer 0
09-21 16:53:54.469 16005 16005 I GestureDetector: obtain mCurrentDownEvent. id: 431370351 caller: android.view.ScaleGestureDetector.onTouchEvent:275 org.godotengine.godot.input.GodotInputHandler.onTouchEvent:262 org.godotengine.godot.GodotGLRenderView.onTouchEvent:146 
09-21 16:53:54.469 16005 16005 I GestureDetector: obtain mCurrentDownEvent. id: 431370351 caller: org.godotengine.godot.input.GodotInputHandler.onTouchEvent:263 org.godotengine.godot.GodotGLRenderView.onTouchEvent:146 android.view.View.dispatchTouchEvent:15544 
09-21 16:53:54.520 16005 16005 I GestureDetector: obtain mCurrentMotionEventRaw. action: 2 id: 464181345
09-21 16:53:54.520 16005 16005 I GestureDetector: obtain mCurrentMotionEventRaw. action: 2 id: 464181345
09-21 16:53:55.300 16005 16005 I ViewRootImpl@6d90796[GodotAppLauncher]: ViewPostIme pointer 1
09-21 16:53:55.742 16005 16005 I ViewRootImpl@6d90796[GodotAppLauncher]: ViewPostIme pointer 0
09-21 16:53:55.743 16005 16005 I GestureDetector: obtain mCurrentDownEvent. id: 371733197 caller: android.view.ScaleGestureDetector.onTouchEvent:275 org.godotengine.godot.input.GodotInputHandler.onTouchEvent:262 org.godotengine.godot.GodotGLRenderView.onTouchEvent:146 
09-21 16:53:55.743 16005 16005 I GestureDetector: obtain mCurrentDownEvent. id: 371733197 caller: org.godotengine.godot.input.GodotInputHandler.onTouchEvent:263 org.godotengine.godot.GodotGLRenderView.onTouchEvent:146 android.view.View.dispatchTouchEvent:15544 
09-21 16:53:55.769 16005 16005 I GestureDetector: obtain mCurrentMotionEventRaw. action: 2 id: 665942026
09-21 16:53:55.770 16005 16005 I GestureDetector: obtain mCurrentMotionEventRaw. action: 2 id: 665942026
09-21 16:53:56.300 16005 16005 I ViewRootImpl@6d90796[GodotAppLauncher]: ViewPostIme pointer 1
09-21 16:53:57.325 16005 16005 I ViewRootImpl@6d90796[GodotAppLauncher]: ViewPostIme pointer 0
09-21 16:53:57.326 16005 16005 I GestureDetector: obtain mCurrentDownEvent. id: 866755802 caller: android.view.ScaleGestureDetector.onTouchEvent:275 org.godotengine.godot.input.GodotInputHandler.onTouchEvent:262 org.godotengine.godot.GodotGLRenderView.onTouchEvent:146 
09-21 16:53:57.326 16005 16005 I GestureDetector: obtain mCurrentDownEvent. id: 866755802 caller: org.godotengine.godot.input.GodotInputHandler.onTouchEvent:263 org.godotengine.godot.GodotGLRenderView.onTouchEvent:146 android.view.View.dispatchTouchEvent:15544 
09-21 16:53:57.352 16005 16005 I GestureDetector: obtain mCurrentMotionEventRaw. action: 2 id: 313765599
09-21 16:53:57.352 16005 16005 I GestureDetector: obtain mCurrentMotionEventRaw. action: 2 id: 313765599
09-21 16:53:58.747 16005 16005 I ViewRootImpl@6d90796[GodotAppLauncher]: ViewPostIme pointer 1
09-21 16:53:59.441 16005 16005 I ViewRootImpl@6d90796[GodotAppLauncher]: ViewPostIme pointer 0
09-21 16:53:59.442 16005 16005 I GestureDetector: obtain mCurrentDownEvent. id: 727542260 caller: android.view.ScaleGestureDetector.onTouchEvent:275 org.godotengine.godot.input.GodotInputHandler.onTouchEvent:262 org.godotengine.godot.GodotGLRenderView.onTouchEvent:146 
09-21 16:53:59.442 16005 16005 I GestureDetector: obtain mCurrentDownEvent. id: 727542260 caller: org.godotengine.godot.input.GodotInputHandler.onTouchEvent:263 org.godotengine.godot.GodotGLRenderView.onTouchEvent:146 android.view.View.dispatchTouchEvent:15544 
09-21 16:53:59.484 16005 16005 I GestureDetector: obtain mCurrentMotionEventRaw. action: 2 id: 825146370
09-21 16:53:59.484 16005 16005 I GestureDetector: obtain mCurrentMotionEventRaw. action: 2 id: 825146370
09-21 16:54:00.121 16005 16005 I ViewRootImpl@6d90796[GodotAppLauncher]: ViewPostIme pointer 1
09-21 16:54:01.298 16005 16005 I ViewRootImpl@6d90796[GodotAppLauncher]: ViewPostIme pointer 0
09-21 16:54:01.299 16005 16005 I GestureDetector: obtain mCurrentDownEvent. id: 694396442 caller: android.view.ScaleGestureDetector.onTouchEvent:275 org.godotengine.godot.input.GodotInputHandler.onTouchEvent:262 org.godotengine.godot.GodotGLRenderView.onTouchEvent:146 
09-21 16:54:01.299 16005 16005 I GestureDetector: obtain mCurrentDownEvent. id: 694396442 caller: org.godotengine.godot.input.GodotInputHandler.onTouchEvent:263 org.godotengine.godot.GodotGLRenderView.onTouchEvent:146 android.view.View.dispatchTouchEvent:15544 
09-21 16:54:01.332 16005 16005 I GestureDetector: obtain mCurrentMotionEventRaw. action: 2 id: 492689299
09-21 16:54:01.333 16005 16005 I GestureDetector: obtain mCurrentMotionEventRaw. action: 2 id: 492689299
09-21 16:54:03.079 16005 16005 I ViewRootImpl@6d90796[GodotAppLauncher]: ViewPostIme pointer 1
09-21 16:54:04.887 16005 16005 I ViewRootImpl@6d90796[GodotAppLauncher]: ViewPostIme pointer 0
09-21 16:54:04.888 16005 16005 I GestureDetector: obtain mCurrentDownEvent. id: 28894961 caller: android.view.ScaleGestureDetector.onTouchEvent:275 org.godotengine.godot.input.GodotInputHandler.onTouchEvent:262 org.godotengine.godot.GodotGLRenderView.onTouchEvent:146 
09-21 16:54:04.888 16005 16005 I GestureDetector: obtain mCurrentDownEvent. id: 28894961 caller: org.godotengine.godot.input.GodotInputHandler.onTouchEvent:263 org.godotengine.godot.GodotGLRenderView.onTouchEvent:146 android.view.View.dispatchTouchEvent:15544 
09-21 16:54:04.913 16005 16005 I GestureDetector: obtain mCurrentMotionEventRaw. action: 2 id: 471716883
09-21 16:54:04.914 16005 16005 I GestureDetector: obtain mCurrentMotionEventRaw. action: 2 id: 471716883
09-21 16:54:06.101 16005 16005 I ViewRootImpl@6d90796[GodotAppLauncher]: ViewPostIme pointer 1
09-21 16:54:06.935 16005 16005 I ViewRootImpl@6d90796[GodotAppLauncher]: ViewPostIme pointer 0
09-21 16:54:06.936 16005 16005 I GestureDetector: obtain mCurrentDownEvent. id: 996661097 caller: android.view.ScaleGestureDetector.onTouchEvent:275 org.godotengine.godot.input.GodotInputHandler.onTouchEvent:262 org.godotengine.godot.GodotGLRenderView.onTouchEvent:146 
09-21 16:54:06.936 16005 16005 I GestureDetector: obtain mCurrentDownEvent. id: 996661097 caller: org.godotengine.godot.input.GodotInputHandler.onTouchEvent:263 org.godotengine.godot.GodotGLRenderView.onTouchEvent:146 android.view.View.dispatchTouchEvent:15544 
09-21 16:54:06.979 16005 16005 I GestureDetector: obtain mCurrentMotionEventRaw. action: 2 id: 933740195
09-21 16:54:06.979 16005 16005 I GestureDetector: obtain mCurrentMotionEventRaw. action: 2 id: 933740195
09-21 16:54:08.582 16005 16005 I ViewRootImpl@6d90796[GodotAppLauncher]: ViewPostIme pointer 1
09-21 16:54:09.810 16005 16005 I ViewRootImpl@6d90796[GodotAppLauncher]: ViewPostIme pointer 0
09-21 16:54:09.810 16005 16005 I GestureDetector: obtain mCurrentDownEvent. id: 769393300 caller: android.view.ScaleGestureDetector.onTouchEvent:275 org.godotengine.godot.input.GodotInputHandler.onTouchEvent:262 org.godotengine.godot.GodotGLRenderView.onTouchEvent:146 
09-21 16:54:09.811 16005 16005 I GestureDetector: obtain mCurrentDownEvent. id: 769393300 caller: org.godotengine.godot.input.GodotInputHandler.onTouchEvent:263 org.godotengine.godot.GodotGLRenderView.onTouchEvent:146 android.view.View.dispatchTouchEvent:15544 
09-21 16:54:09.861 16005 16005 I GestureDetector: obtain mCurrentMotionEventRaw. action: 2 id: 135786147
09-21 16:54:09.861 16005 16005 I GestureDetector: obtain mCurrentMotionEventRaw. action: 2 id: 135786147
09-21 16:54:11.656 16005 16005 I ViewRootImpl@6d90796[GodotAppLauncher]: ViewPostIme pointer 1
09-21 16:54:13.058 16005 16005 I ViewRootImpl@6d90796[GodotAppLauncher]: ViewPostIme pointer 0
09-21 16:54:13.058 16005 16005 I GestureDetector: obtain mCurrentDownEvent. id: 191052960 caller: android.view.ScaleGestureDetector.onTouchEvent:275 org.godotengine.godot.input.GodotInputHandler.onTouchEvent:262 org.godotengine.godot.GodotGLRenderView.onTouchEvent:146 
09-21 16:54:13.059 16005 16005 I GestureDetector: obtain mCurrentDownEvent. id: 191052960 caller: org.godotengine.godot.input.GodotInputHandler.onTouchEvent:263 org.godotengine.godot.GodotGLRenderView.onTouchEvent:146 android.view.View.dispatchTouchEvent:15544 
09-21 16:54:13.091 16005 16005 I GestureDetector: obtain mCurrentMotionEventRaw. action: 2 id: 1008298513
09-21 16:54:13.092 16005 16005 I GestureDetector: obtain mCurrentMotionEventRaw. action: 2 id: 1008298513
09-21 16:54:13.129 16005 16005 I ViewRootImpl@6d90796[GodotAppLauncher]: ViewPostIme pointer 1
09-21 16:54:13.359 16005 16005 I GestureDetector: handleMessage TAP
09-21 16:54:13.359 16005 16005 I GestureDetector: handleMessage TAP
09-21 16:54:13.881 16005 16005 I ViewRootImpl@6d90796[GodotAppLauncher]: ViewPostIme pointer 0
09-21 16:54:13.881 16005 16005 I GestureDetector: obtain mCurrentDownEvent. id: 801819150 caller: android.view.ScaleGestureDetector.onTouchEvent:275 org.godotengine.godot.input.GodotInputHandler.onTouchEvent:262 org.godotengine.godot.GodotGLRenderView.onTouchEvent:146 
09-21 16:54:13.882 16005 16005 I GestureDetector: obtain mCurrentDownEvent. id: 801819150 caller: org.godotengine.godot.input.GodotInputHandler.onTouchEvent:263 org.godotengine.godot.GodotGLRenderView.onTouchEvent:146 android.view.View.dispatchTouchEvent:15544 
09-21 16:54:13.907 16005 16005 I GestureDetector: obtain mCurrentMotionEventRaw. action: 2 id: 680155187
09-21 16:54:13.908 16005 16005 I GestureDetector: obtain mCurrentMotionEventRaw. action: 2 id: 680155187
09-21 16:54:15.560 16005 16005 I ViewRootImpl@6d90796[GodotAppLauncher]: ViewPostIme pointer 1
09-21 16:54:20.078 16005 16005 I ViewRootImpl@6d90796[GodotAppLauncher]: ViewPostIme pointer 0
09-21 16:54:20.079 16005 16005 I GestureDetector: obtain mCurrentDownEvent. id: 70126789 caller: android.view.ScaleGestureDetector.onTouchEvent:275 org.godotengine.godot.input.GodotInputHandler.onTouchEvent:262 org.godotengine.godot.GodotGLRenderView.onTouchEvent:146 
09-21 16:54:20.079 16005 16005 I GestureDetector: obtain mCurrentDownEvent. id: 70126789 caller: org.godotengine.godot.input.GodotInputHandler.onTouchEvent:263 org.godotengine.godot.GodotGLRenderView.onTouchEvent:146 android.view.View.dispatchTouchEvent:15544 
09-21 16:54:20.120 16005 16005 I GestureDetector: obtain mCurrentMotionEventRaw. action: 2 id: 323261157
09-21 16:54:20.120 16005 16005 I GestureDetector: obtain mCurrentMotionEventRaw. action: 2 id: 323261157
09-21 16:54:20.149 16005 16005 I ViewRootImpl@6d90796[GodotAppLauncher]: ViewPostIme pointer 1
09-21 16:54:20.380 16005 16005 I GestureDetector: handleMessage TAP
09-21 16:54:20.380 16005 16005 I GestureDetector: handleMessage TAP
09-21 16:54:20.994 16005 16005 I ViewRootImpl@6d90796[GodotAppLauncher]: ViewPostIme pointer 0
09-21 16:54:20.995 16005 16005 I GestureDetector: obtain mCurrentDownEvent. id: 333333690 caller: android.view.ScaleGestureDetector.onTouchEvent:275 org.godotengine.godot.input.GodotInputHandler.onTouchEvent:262 org.godotengine.godot.GodotGLRenderView.onTouchEvent:146 
09-21 16:54:20.995 16005 16005 I GestureDetector: obtain mCurrentDownEvent. id: 333333690 caller: org.godotengine.godot.input.GodotInputHandler.onTouchEvent:263 org.godotengine.godot.GodotGLRenderView.onTouchEvent:146 android.view.View.dispatchTouchEvent:15544 
09-21 16:54:21.036 16005 16005 I GestureDetector: obtain mCurrentMotionEventRaw. action: 2 id: 802395429
09-21 16:54:21.036 16005 16005 I GestureDetector: obtain mCurrentMotionEventRaw. action: 2 id: 802395429
09-21 16:54:21.549 16005 16005 I ViewRootImpl@6d90796[GodotAppLauncher]: ViewPostIme pointer 1
09-21 16:54:23.025 16005 16005 I ViewRootImpl@6d90796[GodotAppLauncher]: ViewPostIme pointer 0
09-21 16:54:23.026 16005 16005 I GestureDetector: obtain mCurrentDownEvent. id: 986341985 caller: android.view.ScaleGestureDetector.onTouchEvent:275 org.godotengine.godot.input.GodotInputHandler.onTouchEvent:262 org.godotengine.godot.GodotGLRenderView.onTouchEvent:146 
09-21 16:54:23.026 16005 16005 I GestureDetector: obtain mCurrentDownEvent. id: 986341985 caller: org.godotengine.godot.input.GodotInputHandler.onTouchEvent:263 org.godotengine.godot.GodotGLRenderView.onTouchEvent:146 android.view.View.dispatchTouchEvent:15544 
09-21 16:54:23.068 16005 16005 I GestureDetector: obtain mCurrentMotionEventRaw. action: 2 id: 266867690
09-21 16:54:23.068 16005 16005 I GestureDetector: obtain mCurrentMotionEventRaw. action: 2 id: 266867690
09-21 16:54:23.109 16005 16020 I ViewRootImpl@6d90796[GodotAppLauncher]: Resizing android.view.ViewRootImpl@d85587a: frame = [0,0][1080,2400] reportDraw = false forceLayout = false syncSeqId = 0
09-21 16:54:23.109 16005 16005 I ViewRootImpl@6d90796[GodotAppLauncher]: handleResized, msg = 4 frames=ClientWindowFrames{frame=[0,0][1080,2400] display=[0,0][1080,2400] parentFrame=[0,0][0,0] parentClippedByDisplayCutout=false} forceNextWindowRelayout=false displayId=0 resizeMode=-1 frameChanged=false displayFrameChanged=false configChanged=false displayChanged=false
09-21 16:54:23.331 16005 16005 I ViewRootImpl@6d90796[GodotAppLauncher]: ViewPostIme pointer 1
09-21 16:54:24.400 16005 16005 I ViewRootImpl@6d90796[GodotAppLauncher]: MSG_WINDOW_FOCUS_CHANGED 0 0
09-21 16:54:24.860 16005 16005 V Godot   : OnPause: GodotFragment{e9903fe} (bdfaa75b-5ee3-4f1a-a213-e03568530739 id=0x7f07002c)
09-21 16:54:24.866 16005 16005 D InsetsController: onStateChanged: InsetsState: {mDisplayFrame=Rect(0, 0 - 1080, 2400), mDisplayCutout=DisplayCutout{insets=Rect(0, 92 - 0, 0) waterfall=Insets{left=0, top=0, right=0, bottom=0} boundingRect={Bounds=[Rect(0, 0 - 0, 0), Rect(503, 0 - 577, 92), Rect(0, 0 - 0, 0), Rect(0, 0 - 0, 0)]} cutoutPathParserInfo={CutoutPathParserInfo{displayWidth=1080 displayHeight=2400 physicalDisplayWidth=1080 physicalDisplayHeight=2400 density={2.8125} cutoutSpec={M 0,0 H -13.15555555555556 V 32.71111111111111 H 13.15555555555556 V 0 H 0 Z @dp} rotation={0} scale={1.0} physicalPixelDisplaySizeRatio={1.0}}}}, mRoundedCorners=RoundedCorners{[RoundedCorner{position=TopLeft, radius=25, center=Point(25, 25)}, RoundedCorner{position=TopRight, radius=25, center=Point(1055, 25)}, RoundedCorner{position=BottomRight, radius=25, center=Point(1055, 2375)}, RoundedCorner{position=BottomLeft, radius=25, center=Point(25, 2375)}]}  mRoundedCornerFrame=Rect(0, 0 - 1080, 2400), mPrivacyIndicatorBounds=PrivacyIndicatorBounds {static bounds=Rect(956, 0 - 1080, 92) rotation=0}, mSources= { InsetsSource: {mType=ITYPE_STATUS_BAR, mFrame=[0,0][1080,92], mVisible=true, mInsetsRoundedCornerFrame=false}, InsetsSource: {mType=ITYPE_NAVIGATION_BAR, mFrame=[0,2265][1080,2400], mVisible=true, mInsetsRoundedCornerFrame=false}, InsetsSource: {mType=ITYPE_LEFT_GESTURES, mFrame=[0,0][0,2400], mVisible=true, mInsetsRoundedCornerFrame=false}, InsetsSource: {mType=ITYPE_RIGHT_GESTURES, mFrame=[1080,0][1080,2400], mVisible=true, mInsetsRoundedCornerFrame=false}, InsetsSource: {mType=ITYPE_TOP_MANDATORY_GESTURES, mFrame=[0,0][1080,126], mVisible=true, mInsetsRoundedCornerFrame=false}, InsetsSource: {mType=ITYPE_BOTTOM_MANDATORY_GESTURES, mFrame=[0,2265][1080,2400], mVisible=true, mInsetsRoundedCornerFrame=false}, InsetsSource: {mType=ITYPE_LEFT_DISPLAY_CUTOUT, mFrame=[0,0][-100000,2400], mVisible=true, mInsetsRoundedCornerFrame=false}, InsetsSource: {mType=ITYPE_TOP_DISPLAY_CUTOUT, mFrame=[0,0][1080,92], mVisible=true, mInsetsRoundedCornerFrame=false}, InsetsSource: {mType=ITYPE_RIGHT_DISPLAY_CUTOUT, mFrame=[100000,0][1080,2400], mVisible=true, mInsetsRoundedCornerFrame=false}, InsetsSource: {mType=ITYPE_BOTTOM_DISPLAY_CUTOUT, mFrame=[0,100000][1080,2400], mVisible=true, mInsetsRoundedCornerFrame=false}, InsetsSource: {mType=ITYPE_TOP_TAPPABLE_ELEMENT, mFrame=[0,0][1080,92], mVisible=true, mInsetsRoundedCornerFrame=false}, InsetsSource: {mType=ITYPE_BOTTOM_TAPPABLE_ELEMENT, mFrame=[0,2265][1080,2400], mVisible=true, mInsetsRoundedCornerFrame=false}, InsetsSource: {mType=ITYPE_IME, mFrame=[0,0][0,0], mVisibleFrame=[0,1249][1080,2400], mVisible=false, mInsetsRoundedCornerFrame=false} } host=com.blocktower.game/com.godot.game.GodotAppLauncher from=android.view.ViewRootImpl$ViewRootHandler.handleMessageImpl:6740
09-21 16:54:24.866 16005 16005 I ViewRootImpl@6d90796[GodotAppLauncher]: handleAppVisibility mAppVisible = true visible = false
09-21 16:54:24.871 16005 16093 D blocktower.game: PlayerBase::pause() from IPlayer
09-21 16:54:24.882 16005 16005 I SurfaceView@1f66074: onWindowVisibilityChanged(8) false org.godotengine.godot.GodotGLRenderView{1f66074 VFE...... .F...... 0,0-1080,2400 aid=1} of ViewRootImpl@6d90796[GodotAppLauncher]
09-21 16:54:24.882 16005 16005 I SurfaceView@1f66074: Changes: creating=false format=false size=false visible=true alpha=false hint=false mUseAlpha=false visible=true left=false top=false
09-21 16:54:24.882 16005 16005 I SurfaceView@1f66074: 32923764 Cur surface: Surface(name=null)/@0xd5f0191
09-21 16:54:24.883 16005 16005 I SurfaceView@1f66074: applyTransactionOnVriDraw: vri = ViewRootImpl@6d90796[GodotAppLauncher] fRS = false t = 0xb400007c5455a5f0 android.view.SurfaceView.performSurfaceTransaction:959 android.view.SurfaceView.updateSurface:1105 android.view.SurfaceView.onWindowVisibilityChanged:371 
09-21 16:54:24.883 16005 16005 I ViewRootImpl@6d90796[GodotAppLauncher]: applyTransactionOnDraw: mRemoved = false isHardwareEnabled = true t = 0xb400007c5455a5f0android.view.SurfaceView.applyTransactionOnVriDraw:2048 android.view.SurfaceView.performSurfaceTransaction:959 android.view.SurfaceView.updateSurface:1105 android.view.SurfaceView.onWindowVisibilityChanged:371 android.view.View.dispatchWindowVisibilityChanged:15943 
09-21 16:54:24.883 16005 16005 I SurfaceView@1f66074: surfaceDestroyed
09-21 16:54:24.884 16005 16005 I SurfaceView@1f66074: surfaceDestroyed callback.size 1 #2 org.godotengine.godot.GodotGLRenderView{1f66074 VFE...... .F...... 0,0-1080,2400 aid=1}
09-21 16:54:24.884 16005 16005 I SurfaceView@1f66074: updateSurface: mVisible = false mSurface.isValid() = true
09-21 16:54:24.884 16005 16005 I SurfaceView@1f66074: releaseSurfaces: viewRoot = ViewRootImpl@6d90796[GodotAppLauncher]
09-21 16:54:24.885 16005 16005 I SurfaceView@1f66074: applyTransactionOnVriDraw: vri = ViewRootImpl@6d90796[GodotAppLauncher] fRS = true t = 0xb400007c545bb670 android.view.SurfaceView.releaseSurfaces:858 android.view.SurfaceView.updateSurface:1172 android.view.SurfaceView.onWindowVisibilityChanged:371 
09-21 16:54:24.885 16005 16005 I SurfaceView@1f66074: applyTransactionOnVriDraw: viewRoot.applyTransactionOnDrawFromReleaseSurfaces
09-21 16:54:24.885 16005 16005 I ViewRootImpl@6d90796[GodotAppLauncher]: from releaseSurfaces t.apply t = 0xb400007c545bb670
09-21 16:54:24.886 16005 16005 V SurfaceView@1f66074: Layout: x=0 y=0 w=1080 h=2400, frame=Rect(0, 0 - 1080, 2400)
09-21 16:54:24.887 16005 16038 D SurfaceView@1f66074: windowPositionLost, frameNr = 0
09-21 16:54:24.887 16005 16038 D OpenGLRenderer: setSurface called with nullptr
09-21 16:54:24.887 16005 16038 D OpenGLRenderer: setSurface() destroyed EGLSurface
09-21 16:54:24.887 16005 16038 D OpenGLRenderer: destroyEglSurface
09-21 16:54:24.888 16005 16005 I ViewRootImpl@6d90796[GodotAppLauncher]: performTraversals mFirst=false windowShouldResize=false viewVisibilityChanged=true mForceNextWindowRelayout=false params=null
09-21 16:54:24.897 16005 16093 E BufferQueueProducer: [SurfaceView[com.blocktower.game/com.godot.game.GodotAppLauncher]@0#1(BLAST Consumer)1](id:3e8500000001,api:0,p:-1,c:16005) requestBuffer: BufferQueue has no connected producer
09-21 16:54:24.897 16005 16093 E Surface : dequeueBuffer: IGraphicBufferProducer::requestBuffer failed: -19
09-21 16:54:24.897 16005 16093 E BufferQueueProducer: [SurfaceView[com.blocktower.game/com.godot.game.GodotAppLauncher]@0#1(BLAST Consumer)1](id:3e8500000001,api:0,p:-1,c:16005) cancelBuffer: BufferQueue has no connected producer
09-21 16:54:24.897 16005 16093 I Adreno  : DequeueBuffer: dequeueBuffer failed
09-21 16:54:24.897 16005 16093 E BufferQueueProducer: [SurfaceView[com.blocktower.game/com.godot.game.GodotAppLauncher]@0#1(BLAST Consumer)1](id:3e8500000001,api:0,p:-1,c:16005) dequeueBuffer: BufferQueue has no connected producer
09-21 16:54:24.897 16005 16093 I Adreno  : DequeueBuffer: dequeueBuffer failed
09-21 16:54:24.900 16005 16093 W GLThread: eglSwapBuffers failed: EGL_BAD_SURFACE
09-21 16:54:24.901 16005 16093 E BufferQueueProducer: [SurfaceView[com.blocktower.game/com.godot.game.GodotAppLauncher]@0#1(BLAST Consumer)1](id:3e8500000001,api:0,p:-1,c:16005) disconnect: not connected (req=1)
09-21 16:54:24.901 16005 16093 W libEGL  : EGLNativeWindowType 0xb400007d24577d80 disconnect failed
09-21 16:54:24.911 16005 16005 I ViewRootImpl@6d90796[GodotAppLauncher]: Relayout returned: old=(0,0,1080,2400) new=(0,0,1080,2400) req=(1080,2400)8 dur=19 res=0x2 s={false 0x0} ch=true seqId=0
09-21 16:54:24.919 16005 16005 I SurfaceView@1f66074: windowStopped(true) false org.godotengine.godot.GodotGLRenderView{1f66074 VFE...... .F...... 0,0-1080,2400 aid=1} of ViewRootImpl@6d90796[GodotAppLauncher]
09-21 16:54:24.919 16005 16005 D SurfaceView@1f66074: updateSurface: surface is not valid
09-21 16:54:24.919 16005 16005 I SurfaceView@1f66074: releaseSurfaces: viewRoot = ViewRootImpl@6d90796[GodotAppLauncher]
09-21 16:54:24.919 16005 16005 I SurfaceView@1f66074: applyTransactionOnVriDraw: vri = ViewRootImpl@6d90796[GodotAppLauncher] fRS = true t = 0xb400007c54582190 android.view.SurfaceView.releaseSurfaces:858 android.view.SurfaceView.updateSurface:998 android.view.SurfaceView.setWindowStopped:335 
09-21 16:54:24.920 16005 16005 I SurfaceView@1f66074: applyTransactionOnVriDraw: viewRoot.applyTransactionOnDrawFromReleaseSurfaces
09-21 16:54:24.920 16005 16005 I ViewRootImpl@6d90796[GodotAppLauncher]: from releaseSurfaces t.apply t = 0xb400007c54582190
09-21 16:54:24.923 16005 16005 D SurfaceView@1f66074: updateSurface: surface is not valid
09-21 16:54:24.923 16005 16005 I SurfaceView@1f66074: releaseSurfaces: viewRoot = ViewRootImpl@6d90796[GodotAppLauncher]
09-21 16:54:24.923 16005 16005 I SurfaceView@1f66074: applyTransactionOnVriDraw: vri = ViewRootImpl@6d90796[GodotAppLauncher] fRS = true t = 0xb400007c5456cb90 android.view.SurfaceView.releaseSurfaces:858 android.view.SurfaceView.updateSurface:998 android.view.SurfaceView.lambda$new$0$android-view-SurfaceView:200 
09-21 16:54:24.923 16005 16005 I SurfaceView@1f66074: applyTransactionOnVriDraw: viewRoot.applyTransactionOnDrawFromReleaseSurfaces
09-21 16:54:24.923 16005 16005 I ViewRootImpl@6d90796[GodotAppLauncher]: from releaseSurfaces t.apply t = 0xb400007c5456cb90
09-21 16:54:24.928 16005 16005 I ViewRootImpl@6d90796[GodotAppLauncher]: stopped(true) old = false
09-21 16:54:24.928 16005 16005 I ViewRootImpl@6d90796[GodotAppLauncher]: WindowStopped on com.blocktower.game/com.godot.game.GodotAppLauncher set to true
09-21 16:54:24.937 16005 16005 V Godot   : OnStop: GodotFragment{e9903fe} (bdfaa75b-5ee3-4f1a-a213-e03568530739 id=0x7f07002c)
09-21 16:54:24.951 16005 16005 I MSHandlerLifeCycle: removeMultiSplitHandler: no exist. decor=DecorView@eb40102[GodotAppLauncher]
09-21 16:54:24.956 16005 16005 D InputTransport: Input channel destroyed: 'ClientS', fd=129
09-21 16:54:24.957 16005 16005 D SurfaceView@1f66074: updateSurface: surface is not valid
09-21 16:54:24.957 16005 16005 I SurfaceView@1f66074: releaseSurfaces: viewRoot = ViewRootImpl@6d90796[GodotAppLauncher]
09-21 16:54:24.957 16005 16005 I SurfaceView@1f66074: applyTransactionOnVriDraw: vri = ViewRootImpl@6d90796[GodotAppLauncher] fRS = true t = 0xb400007c545a4e70 android.view.SurfaceView.releaseSurfaces:858 android.view.SurfaceView.updateSurface:998 android.view.SurfaceView.lambda$new$0$android-view-SurfaceView:200 
09-21 16:54:24.957 16005 16005 I SurfaceView@1f66074: applyTransactionOnVriDraw: viewRoot.applyTransactionOnDrawFromReleaseSurfaces
09-21 16:54:24.957 16005 16005 I ViewRootImpl@6d90796[GodotAppLauncher]: from releaseSurfaces t.apply t = 0xb400007c545a4e70
09-21 16:54:26.275 16005 16005 V GodotActivity: Destroying GodotActivity com.godot.game.GodotApp@b38b828...
