warning: [options] source value 8 is obsolete and will be removed in a future release
warning: [options] target value 8 is obsolete and will be removed in a future release
warning: [options] To suppress warnings about obsolete options, use -Xlint:-options.
3 warnings
Godot Engine v4.7.2.stable.official.ed1daf0bf - https://godotengine.org



[   0% ] [90m[1mfirst_scan_filesystem[22m | Started 프로젝트 초기화 (5 steps)[39m[0m

[   0% ] [90m[1mfirst_scan_filesystem[22m | 파일 구조 스캔 중...[39m[0m

[  16% ] [90m[1mfirst_scan_filesystem[22m | 전역 클래스 이름을 불러오는 중...[39m[0m

[  33% ] [90m[1mfirst_scan_filesystem[22m | GDExtensions 검증 중...[39m[0m

[  50% ] [90m[1mfirst_scan_filesystem[22m | 오토로드 스크립트를 만드는 중...[39m[0m

[  66% ] [90m[1mfirst_scan_filesystem[22m | 플러그인을 초기화 중...[39m[0m

[  83% ] [90m[1mfirst_scan_filesystem[22m | 파일 스캔 시작 중...[39m[0m

[92m[ DONE ][39m [1mfirst_scan_filesystem[22m

[0m

[   0% ] [90m[1mreimport[22m | Started 애셋 (다시) 가져오는 중 (1 steps)[39m[0m

[   0% ] [90m[1mreimport[22m | 다시 가져올 파일을 준비 중...[39m[0m

[   0% ] [90m[1mreimport[22m | 다시 가져오기 전 작업을 수행 중...[39m[0m

[   0% ] [90m[1mreimport[22m | icon.svg[39m[0m

[  50% ] [90m[1mreimport[22m | 애셋 가져오기 마무리 중...[39m[0m

[92m[ DONE ][39m [1mreimport[22m

[0m

[   0% ] [90m[1mreimport[22m | Started 애셋 (다시) 가져오는 중 (1 steps)[39m[0m

[   0% ] [90m[1mreimport[22m | 다시 가져오기 후 작업을 수행 중...[39m[0m

[92m[ DONE ][39m [1mreimport[22m

[0m

[   0% ] [90m[1mloading_editor_layout[22m | Started 편집기를 불러오는 중 (5 steps)[39m[0m

[   0% ] [90m[1mloading_editor_layout[22m | 편집기 레이아웃을 불러오는 중...[39m[0m

[  16% ] [90m[1mloading_editor_layout[22m | 독을 불러오는 중...[39m[0m

[92m[ DONE ][39m [1mloading_editor_layout[22m

[0m


Godot Engine v4.7.2.stable.official.ed1daf0bf - https://godotengine.org



[   0% ] [90m[1mfirst_scan_filesystem[22m | Started 프로젝트 초기화 (5 steps)[39m[0m

[   0% ] [90m[1mfirst_scan_filesystem[22m | 파일 구조 스캔 중...[39m[0m

[  16% ] [90m[1mfirst_scan_filesystem[22m | 전역 클래스 이름을 불러오는 중...[39m[0m

[  33% ] [90m[1mfirst_scan_filesystem[22m | GDExtensions 검증 중...[39m[0m

[  50% ] [90m[1mfirst_scan_filesystem[22m | 오토로드 스크립트를 만드는 중...[39m[0m

[  66% ] [90m[1mfirst_scan_filesystem[22m | 플러그인을 초기화 중...[39m[0m

[  83% ] [90m[1mfirst_scan_filesystem[22m | 파일 스캔 시작 중...[39m[0m

[92m[ DONE ][39m [1mfirst_scan_filesystem[22m

[0m

[   0% ] [90m[1mexport[22m | Started Android로 내보내기 (105 steps)[39m[0m

0 param: --xr_mode_regular

1 param: --xr-mode

2 param: off

3 param: --fullscreen

4 param: --background_color

5 param: #000000

[   0% ] [90m[1mexport[22m | APK를 만드는 중...[39m[0m

ADDING: classes.dex

ADDING: classes10.dex

ADDING: classes11.dex

ADDING: classes12.dex

ADDING: classes13.dex

ADDING: classes2.dex

ADDING: classes3.dex

ADDING: classes4.dex

ADDING: classes5.dex

ADDING: classes6.dex

ADDING: classes7.dex

ADDING: classes8.dex

ADDING: classes9.dex

ADDING: lib/arm64-v8a/libc++_shared.so

ADDING: lib/arm64-v8a/libgodot_android.so

ADDING: lib/x86_64/libc++_shared.so

ADDING: lib/x86_64/libgodot_android.so

Adding application metadata org.godotengine.rendering.method

Adding application metadata org.godotengine.editor.version

Adding permission android.permission.VIBRATE

ADDING: AndroidManifest.xml

ADDING: res/anim-v21/fragment_fast_out_extra_slow_in.xml

ADDING: res/animator/fragment_close_enter.xml

ADDING: res/animator/fragment_close_exit.xml

ADDING: res/animator/fragment_fade_enter.xml

ADDING: res/animator/fragment_fade_exit.xml

ADDING: res/animator/fragment_open_enter.xml

ADDING: res/animator/fragment_open_exit.xml

ADDING: res/drawable-hdpi-v4/notification_bg_low_normal.9.png

ADDING: res/drawable-hdpi-v4/notification_bg_low_pressed.9.png

ADDING: res/drawable-hdpi-v4/notification_bg_normal.9.png

ADDING: res/drawable-hdpi-v4/notification_bg_normal_pressed.9.png

ADDING: res/drawable-hdpi-v4/notify_panel_notification_icon_bg.png

ADDING: res/drawable-mdpi-v4/notification_bg_low_normal.9.png

ADDING: res/drawable-mdpi-v4/notification_bg_low_pressed.9.png

ADDING: res/drawable-mdpi-v4/notification_bg_normal.9.png

ADDING: res/drawable-mdpi-v4/notification_bg_normal_pressed.9.png

ADDING: res/drawable-mdpi-v4/notify_panel_notification_icon_bg.png

ADDING: res/drawable-v21/notification_action_background.xml

ADDING: res/drawable-v23/compat_splash_screen.xml

ADDING: res/drawable-v23/compat_splash_screen_no_icon_background.xml

ADDING: res/drawable-xhdpi-v4/notification_bg_low_normal.9.png

ADDING: res/drawable-xhdpi-v4/notification_bg_low_pressed.9.png

ADDING: res/drawable-xhdpi-v4/notification_bg_normal.9.png

ADDING: res/drawable-xhdpi-v4/notification_bg_normal_pressed.9.png

ADDING: res/drawable-xhdpi-v4/notify_panel_notification_icon_bg.png

ADDING: res/drawable/icon_background.xml

ADDING: res/drawable/notification_bg.xml

ADDING: res/drawable/notification_bg_low.xml

ADDING: res/drawable/notification_icon_background.xml

ADDING: res/drawable/notification_tile_bg.xml

ADDING: res/drawable/splash_branding_image.webp

ADDING: res/drawable/splash_icon.webp

ADDING: res/layout-v21/notification_action.xml

ADDING: res/layout-v21/notification_action_tombstone.xml

ADDING: res/layout-v21/notification_template_custom_big.xml

ADDING: res/layout-v21/notification_template_icon_group.xml

ADDING: res/layout/custom_dialog.xml

ADDING: res/layout/godot_app_layout.xml

ADDING: res/layout/notification_template_part_chronometer.xml

ADDING: res/layout/notification_template_part_time.xml

ADDING: res/layout/remote_godot_fragment_layout.xml

ADDING: res/layout/snackbar.xml

ADDING: res/layout/splash_screen_view.xml

ADDING: res/mipmap-anydpi-v26/icon.xml

ADDING: res/mipmap-hdpi-v4/icon.webp

ADDING: res/mipmap-hdpi-v4/icon_background.webp

ADDING: res/mipmap-hdpi-v4/icon_foreground.webp

ADDING: res/mipmap-hdpi-v4/icon_monochrome.webp

ADDING: res/mipmap-mdpi-v4/icon.webp

ADDING: res/mipmap-mdpi-v4/icon_background.webp

ADDING: res/mipmap-mdpi-v4/icon_foreground.webp

ADDING: res/mipmap-mdpi-v4/icon_monochrome.webp

ADDING: res/mipmap-xhdpi-v4/icon.webp

ADDING: res/mipmap-xhdpi-v4/icon_background.webp

ADDING: res/mipmap-xhdpi-v4/icon_foreground.webp

ADDING: res/mipmap-xhdpi-v4/icon_monochrome.webp

ADDING: res/mipmap-xxhdpi-v4/icon.webp

ADDING: res/mipmap-xxhdpi-v4/icon_background.webp

ADDING: res/mipmap-xxhdpi-v4/icon_foreground.webp

ADDING: res/mipmap-xxhdpi-v4/icon_monochrome.webp

ADDING: res/mipmap-xxxhdpi-v4/icon.webp

ADDING: res/mipmap-xxxhdpi-v4/icon_background.webp

ADDING: res/mipmap-xxxhdpi-v4/icon_foreground.webp

ADDING: res/mipmap-xxxhdpi-v4/icon_monochrome.webp

ADDING: res/mipmap/icon.webp

ADDING: res/mipmap/icon_background.webp

ADDING: res/mipmap/icon_foreground.webp

ADDING: res/mipmap/icon_monochrome.webp

ADDING: res/xml/godot_provider_paths.xml

ADDING: resources.arsc

ADDING: DebugProbesKt.bin

ADDING: kotlin/annotation/annotation.kotlin_builtins

ADDING: kotlin/collections/collections.kotlin_builtins

ADDING: kotlin/concurrent/atomics/atomics.kotlin_builtins

ADDING: kotlin/coroutines/coroutines.kotlin_builtins

ADDING: kotlin/internal/internal.kotlin_builtins

ADDING: kotlin/kotlin.kotlin_builtins

ADDING: kotlin/ranges/ranges.kotlin_builtins

ADDING: kotlin/reflect/reflect.kotlin_builtins

[   0% ] [90m[1mexport[22m | 파일을 추가하는 중...[39m[0m

[  97% ] [90m[1mexport[22m | APK를 정렬 중...[39m[0m

[  98% ] [90m[1mexport[22m | 디버그 APK에 서명 중...[39m[0m

Signing binary using: 

C:\Users\batis\AppData\Local/Android/Sdk/build-tools/36.0.0/apksigner.bat sign --verbose --ks <REDACTED> --ks-pass pass:<REDACTED> --ks-key-alias <REDACTED> C:/DEV/Games/Blocktower/tools/out/android_recovery_probe/probe.apk

WARNING: A restricted method in java.lang.System has been called

WARNING: java.lang.System::loadLibrary has been called by org.conscrypt.NativeLibraryUtil in an unnamed module (file:/C:/Users/batis/AppData/Local/Android/Sdk/build-tools/36.0.0/lib/apksigner.jar)

WARNING: Use --enable-native-access=ALL-UNNAMED to avoid a warning for callers in this module

WARNING: Restricted methods will be blocked in a future release unless native access is enabled



Signed



[  99% ] [90m[1mexport[22m | APK 검증 중...[39m[0m

[92m[ DONE ][39m [1mexport[22m

[0m


C:\DEV\Games\Blocktower\tools\out\android_recovery_probe\probe.apk
