Godot Engine v4.7.2.stable.official.ed1daf0bf - https://godotengine.org

[   0% ] [90m[1mfirst_scan_filesystem[22m | Started 프로젝트 초기화 (5 steps)[39m[0m
[   0% ] [90m[1mfirst_scan_filesystem[22m | 파일 구조 스캔 중...[39m[0m
[  16% ] [90m[1mfirst_scan_filesystem[22m | 전역 클래스 이름을 불러오는 중...[39m[0m
[  33% ] [90m[1mfirst_scan_filesystem[22m | GDExtensions 검증 중...[39m[0m
[  50% ] [90m[1mfirst_scan_filesystem[22m | 오토로드 스크립트를 만드는 중...[39m[0m
[  66% ] [90m[1mfirst_scan_filesystem[22m | 플러그인을 초기화 중...[39m[0m
[  83% ] [90m[1mfirst_scan_filesystem[22m | 파일 스캔 시작 중...[39m[0m
[92m[ DONE ][39m [1mfirst_scan_filesystem[22m
[0m
[   0% ] [90m[1m_update_scan_actions[22m | Started 액션 스캔 중... (21 steps)[39m[0m
[   0% ] [90m[1m_update_scan_actions[22m | cell_b.svg[39m[0m
[   4% ] [90m[1m_update_scan_actions[22m | cell_empty.svg[39m[0m
[   9% ] [90m[1m_update_scan_actions[22m | cell_frame.svg[39m[0m
[  13% ] [90m[1m_update_scan_actions[22m | icon_audio.svg[39m[0m
[  18% ] [90m[1m_update_scan_actions[22m | icon_back.svg[39m[0m
[  22% ] [90m[1m_update_scan_actions[22m | icon_check.svg[39m[0m
[  27% ] [90m[1m_update_scan_actions[22m | icon_chevron.svg[39m[0m
[  31% ] [90m[1m_update_scan_actions[22m | icon_close.svg[39m[0m
[  36% ] [90m[1m_update_scan_actions[22m | icon_edit.svg[39m[0m
[  40% ] [90m[1m_update_scan_actions[22m | icon_featured.svg[39m[0m
[  45% ] [90m[1m_update_scan_actions[22m | icon_layers.svg[39m[0m
[  50% ] [90m[1m_update_scan_actions[22m | icon_lock.svg[39m[0m
[  54% ] [90m[1m_update_scan_actions[22m | icon_settings.svg[39m[0m
[  59% ] [90m[1m_update_scan_actions[22m | icon_tower.svg[39m[0m
[  63% ] [90m[1m_update_scan_actions[22m | state_invalid.svg[39m[0m
[  68% ] [90m[1m_update_scan_actions[22m | state_selected.svg[39m[0m
[  72% ] [90m[1m_update_scan_actions[22m | state_valid.svg[39m[0m
[  77% ] [90m[1m_update_scan_actions[22m | wood_base.svg[39m[0m
[  81% ] [90m[1m_update_scan_actions[22m | wood_cornice.svg[39m[0m
[  86% ] [90m[1m_update_scan_actions[22m | wood_floor.svg[39m[0m
[  90% ] [90m[1m_update_scan_actions[22m | wood_roof.svg[39m[0m
[92m[ DONE ][39m [1m_update_scan_actions[22m
[0m
[   0% ] [90m[1mreimport[22m | Started 애셋 (다시) 가져오는 중 (21 steps)[39m[0m
[   0% ] [90m[1mreimport[22m | 다시 가져올 파일을 준비 중...[39m[0m
[   4% ] [90m[1mreimport[22m | 다시 가져올 파일을 준비 중...[39m[0m
[   9% ] [90m[1mreimport[22m | 다시 가져올 파일을 준비 중...[39m[0m
[  13% ] [90m[1mreimport[22m | 다시 가져올 파일을 준비 중...[39m[0m
[  18% ] [90m[1mreimport[22m | 다시 가져올 파일을 준비 중...[39m[0m
[  22% ] [90m[1mreimport[22m | 다시 가져올 파일을 준비 중...[39m[0m
[  27% ] [90m[1mreimport[22m | 다시 가져올 파일을 준비 중...[39m[0m
[  31% ] [90m[1mreimport[22m | 다시 가져올 파일을 준비 중...[39m[0m
[  36% ] [90m[1mreimport[22m | 다시 가져올 파일을 준비 중...[39m[0m
[  40% ] [90m[1mreimport[22m | 다시 가져올 파일을 준비 중...[39m[0m
[  45% ] [90m[1mreimport[22m | 다시 가져올 파일을 준비 중...[39m[0m
[  50% ] [90m[1mreimport[22m | 다시 가져올 파일을 준비 중...[39m[0m
[  54% ] [90m[1mreimport[22m | 다시 가져올 파일을 준비 중...[39m[0m
[  59% ] [90m[1mreimport[22m | 다시 가져올 파일을 준비 중...[39m[0m
[  63% ] [90m[1mreimport[22m | 다시 가져올 파일을 준비 중...[39m[0m
[  68% ] [90m[1mreimport[22m | 다시 가져올 파일을 준비 중...[39m[0m
[  72% ] [90m[1mreimport[22m | 다시 가져올 파일을 준비 중...[39m[0m
[  77% ] [90m[1mreimport[22m | 다시 가져올 파일을 준비 중...[39m[0m
[  81% ] [90m[1mreimport[22m | 다시 가져올 파일을 준비 중...[39m[0m
[  86% ] [90m[1mreimport[22m | 다시 가져올 파일을 준비 중...[39m[0m
[  90% ] [90m[1mreimport[22m | 다시 가져올 파일을 준비 중...[39m[0m
[   0% ] [90m[1mreimport[22m | 다시 가져오기 전 작업을 수행 중...[39m[0m
[   0% ] [90m[1mreimport[22m | wood_roof.svg[39m[0m
[   4% ] [90m[1mreimport[22m | wood_floor.svg[39m[0m
[   9% ] [90m[1mreimport[22m | wood_cornice.svg[39m[0m
[  13% ] [90m[1mreimport[22m | wood_base.svg[39m[0m
[  18% ] [90m[1mreimport[22m | state_valid.svg[39m[0m
[  22% ] [90m[1mreimport[22m | state_selected.svg[39m[0m
[  27% ] [90m[1mreimport[22m | state_invalid.svg[39m[0m
[  31% ] [90m[1mreimport[22m | icon_tower.svg[39m[0m
[  36% ] [90m[1mreimport[22m | icon_settings.svg[39m[0m
[  40% ] [90m[1mreimport[22m | icon_lock.svg[39m[0m
[  45% ] [90m[1mreimport[22m | icon_layers.svg[39m[0m
[  50% ] [90m[1mreimport[22m | icon_featured.svg[39m[0m
[  54% ] [90m[1mreimport[22m | icon_edit.svg[39m[0m
[  59% ] [90m[1mreimport[22m | icon_close.svg[39m[0m
[  63% ] [90m[1mreimport[22m | icon_chevron.svg[39m[0m
[  68% ] [90m[1mreimport[22m | icon_check.svg[39m[0m
[  72% ] [90m[1mreimport[22m | icon_back.svg[39m[0m
[  77% ] [90m[1mreimport[22m | icon_audio.svg[39m[0m
[  81% ] [90m[1mreimport[22m | cell_frame.svg[39m[0m
[  86% ] [90m[1mreimport[22m | cell_empty.svg[39m[0m
[  90% ] [90m[1mreimport[22m | cell_b.svg[39m[0m
[  95% ] [90m[1mreimport[22m | 애셋 가져오기 마무리 중...[39m[0m
[92m[ DONE ][39m [1mreimport[22m
[0m
[   0% ] [90m[1mreimport[22m | Started 애셋 (다시) 가져오는 중 (21 steps)[39m[0m
[   0% ] [90m[1mreimport[22m | 다시 가져오기 후 작업을 수행 중...[39m[0m
[92m[ DONE ][39m [1mreimport[22m
[0m
[   0% ] [90m[1mloading_editor_layout[22m | Started 편집기를 불러오는 중 (5 steps)[39m[0m
[   0% ] [90m[1mloading_editor_layout[22m | 편집기 레이아웃을 불러오는 중...[39m[0m
[  16% ] [90m[1mloading_editor_layout[22m | 독을 불러오는 중...[39m[0m
[92m[ DONE ][39m [1mloading_editor_layout[22m
[0m
