--------- beginning of main
09-21 17:02:33.313 19669 19669 I cktower.game.qa: Late-enabling -Xcheck:jni
09-21 17:02:33.325 19669 19669 I cktower.game.qa: Using generational CollectorTypeCC GC.
09-21 17:02:33.330 19669 19669 D nativeloader: Load libframework-connectivity-tiramisu-jni.so using APEX ns com_android_tethering for caller /apex/com.android.tethering/javalib/framework-connectivity-t.jar: ok
09-21 17:02:33.332 19669 19669 D ActivityThread: setConscryptValidator
09-21 17:02:33.332 19669 19669 D ActivityThread: setConscryptValidator - put
09-21 17:02:33.347 19669 19669 D CompatibilityChangeReporter: Compat change id reported: 171979766; UID 10375; state: ENABLED
09-21 17:02:33.399 19669 19669 D nativeloader: Configuring clns-4 for other apk /data/app/~~mYzJ_kGZCgIY3Jxx1GMt5Q==/com.blocktower.game.qa-yIzWrcFLuD55kFnrnc5oSQ==/base.apk. target_sdk_version=36, uses_libraries=, library_path=/data/app/~~mYzJ_kGZCgIY3Jxx1GMt5Q==/com.blocktower.game.qa-yIzWrcFLuD55kFnrnc5oSQ==/lib/arm64:/data/app/~~mYzJ_kGZCgIY3Jxx1GMt5Q==/com.blocktower.game.qa-yIzWrcFLuD55kFnrnc5oSQ==/base.apk!/lib/arm64-v8a, permitted_path=/data:/mnt/expand:/data/user/0/com.blocktower.game.qa
09-21 17:02:33.411 19669 19669 D nativeloader: Load libframework-connectivity-jni.so using APEX ns com_android_tethering for caller /apex/com.android.tethering/javalib/framework-connectivity.jar: ok
09-21 17:02:33.413 19669 19669 V GraphicsEnvironment: ANGLE Developer option for 'com.blocktower.game.qa' set to: 'default'
09-21 17:02:33.414 19669 19669 V GraphicsEnvironment: ANGLE GameManagerService for com.blocktower.game.qa: false
09-21 17:02:33.414 19669 19669 V GraphicsEnvironment: App is not on the allowlist for updatable production driver.
09-21 17:02:33.416 19669 19669 D NetworkSecurityConfig: No Network Security Config specified, using platform default
09-21 17:02:33.446 19669 19669 D NetworkSecurityConfig: No Network Security Config specified, using platform default
09-21 17:02:33.456 19669 19685 D OpenGLRenderer: RenderThread::requireGlContext()
09-21 17:02:33.456 19669 19685 I AdrenoGLES-0: QUALCOMM build                   : db7e7066a2, I1fad33e957
09-21 17:02:33.456 19669 19685 I AdrenoGLES-0: Build Date                       : 05/11/25
09-21 17:02:33.456 19669 19685 I AdrenoGLES-0: OpenGL ES Shader Compiler Version: EV031.32.02.10
09-21 17:02:33.456 19669 19685 I AdrenoGLES-0: Local Branch                     : 
09-21 17:02:33.456 19669 19685 I AdrenoGLES-0: Remote Branch                    : refs/tags/AU_LINUX_ANDROID_LA.UM.9.12.11.00.00.582.697
09-21 17:02:33.456 19669 19685 I AdrenoGLES-0: Remote Branch                    : NONE
09-21 17:02:33.456 19669 19685 I AdrenoGLES-0: Reconstruct Branch               : NOTHING
09-21 17:02:33.456 19669 19685 I AdrenoGLES-0: Build Config                     : S P 10.0.7 AArch64
09-21 17:02:33.456 19669 19685 I AdrenoGLES-0: Driver Path                      : /vendor/lib64/egl/libGLESv2_adreno.so
09-21 17:02:33.459 19669 19685 I AdrenoGLES-0: PFP: 0x016dd093, ME: 0x00000000
09-21 17:02:33.465 19669 19685 D OpenGLRenderer: RenderThread::setGrContext()
09-21 17:02:33.483 19669 19669 I DecorView: [INFO] isPopOver=false config=true
09-21 17:02:33.483 19669 19669 I DecorView: updateCaptionType: isFloating=false isApplication=true hasWindowDecorCaption=false this=DecorView@eb40102[]
09-21 17:02:33.484 19669 19669 D DecorView: setCaptionType = 0, this = DecorView@eb40102[]
09-21 17:02:33.485 19669 19669 I DecorView: getCurrentDensityDpi: from real metrics. densityDpi=450 msg=resources_loaded
09-21 17:02:33.485 19669 19669 I DecorView: setWindowBackground: isPopOver=false color=ff171717 d=android.graphics.drawable.GradientDrawable@b8fb450
09-21 17:02:33.487 19669 19669 D PhoneWindow: forceLight changed to false [] from com.android.internal.policy.PhoneWindow.updateForceLightNavigationBar:4314 com.android.internal.policy.PhoneWindow.setNavigationBarColor:4033 androidx.activity.EdgeToEdgeApi29.setUp:290 androidx.activity.EdgeToEdge.enable:89 androidx.activity.EdgeToEdge.enable$default:71 
09-21 17:02:33.489 19669 19669 D GodotActivity: Project command line parameters: [--xr_mode_regular, --xr-mode, off, --fullscreen, --background_color, #000000]
09-21 17:02:33.489 19669 19669 D GodotActivity: Launch intent Intent { act=android.intent.action.MAIN cat=[android.intent.category.LAUNCHER] flg=0x10000000 pkg=com.blocktower.game.qa cmp=com.blocktower.game.qa/com.godot.game.GodotAppLauncher } with parameters []
09-21 17:02:33.496 19669 19669 V GodotActivity: Creating new Godot fragment instance.
09-21 17:02:33.510 19669 19669 V Godot   : Initializing Godot plugin registry
09-21 17:02:33.516 19669 19669 I GodotPluginRegistry: Registering runtime plugin AndroidRuntime
09-21 17:02:33.516 19669 19669 V Godot   : InitEngine with params: [--xr_mode_regular, --xr-mode, off, --fullscreen, --background_color, #000000]
09-21 17:02:33.518 19669 19669 I DecorView: setWindowBackground: isPopOver=false color=ff000000 d=android.graphics.drawable.ColorDrawable@c0e63b9
09-21 17:02:33.527 19669 19669 D nativeloader: Load /data/app/~~mYzJ_kGZCgIY3Jxx1GMt5Q==/com.blocktower.game.qa-yIzWrcFLuD55kFnrnc5oSQ==/lib/arm64/libgodot_android.so using class loader ns clns-4 (caller=/data/app/~~mYzJ_kGZCgIY3Jxx1GMt5Q==/com.blocktower.game.qa-yIzWrcFLuD55kFnrnc5oSQ==/base.apk!classes7.dex): ok
09-21 17:02:33.528 19669 19669 V Godot   : Godot native layer initialization completed: true
09-21 17:02:33.528 19669 19669 V Godot   : Setting up native layer with params: [--xr-mode, off, --fullscreen]
09-21 17:02:33.547 19669 19669 V Godot   : Godot native layer setup completed
09-21 17:02:33.547 19669 19669 V Godot   : OnInitRenderView: GodotFragment{e9903fe} (e7a1c98c-0652-4cf2-96b1-3ad7ec70db6c id=0x7f07002c)
09-21 17:02:33.552 19669 19669 D CompatibilityChangeReporter: Compat change id reported: 210923482; UID 10375; state: ENABLED
09-21 17:02:33.559 19669 19669 D Godot   : Render view should be transparent: false
09-21 17:02:33.559 19669 19669 D Godot   : renderingDevice: opengl3 (ProjectSettings)
09-21 17:02:33.559 19669 19669 D Godot   : 			renderer: gl_compatibility (ProjectSettings)
09-21 17:02:33.565 19669 19669 W OnBackInvokedCallback: OnBackInvokedCallback is not enabled for the application.
09-21 17:02:33.565 19669 19669 W OnBackInvokedCallback: Set 'android:enableOnBackInvokedCallback="true"' in the application manifest.
09-21 17:02:33.570 19669 19669 V Godot   : OnStart: GodotFragment{e9903fe} (e7a1c98c-0652-4cf2-96b1-3ad7ec70db6c id=0x7f07002c)
09-21 17:02:33.572 19669 19669 V Godot   : OnResume: GodotFragment{e9903fe} (e7a1c98c-0652-4cf2-96b1-3ad7ec70db6c id=0x7f07002c)
09-21 17:02:33.573 19669 19669 I MSHandlerLifeCycle: check: return. pkg=com.blocktower.game.qa parent=null callers=com.android.internal.policy.DecorView.setVisibility:4412 android.app.ActivityThread.handleResumeActivity:5476 android.app.servertransaction.ResumeActivityItem.execute:54 android.app.servertransaction.ActivityTransactionItem.execute:45 android.app.servertransaction.TransactionExecutor.executeLifecycleState:176 
09-21 17:02:33.573 19669 19669 I MSHandlerLifeCycle: removeMultiSplitHandler: no exist. decor=DecorView@eb40102[]
09-21 17:02:33.577 19669 19685 D NativeCustomFrequencyManager: [NativeCFMS] BpCustomFrequencyManager::BpCustomFrequencyManager()
09-21 17:02:33.579 19669 19669 D InsetsSourceConsumer: setRequestedVisible: visible=false, type=23, host=com.blocktower.game.qa/com.godot.game.GodotAppLauncher, from=android.view.InsetsSourceConsumer.hide:257 android.view.InsetsController.collectSourceControls:1310 android.view.InsetsController.controlAnimationUnchecked:1164 android.view.InsetsController.applyAnimation:1576 android.view.InsetsController.applyAnimation:1557 android.view.InsetsController.hide:1093 android.view.InsetsController.hide:1068 android.view.PendingInsetsController$HideRequest.replay:241 android.view.PendingInsetsController.replayAndAttach:172 android.view.ViewRootImpl.setView:1689 
09-21 17:02:33.579 19669 19669 D InsetsSourceConsumer: setRequestedVisible: visible=false, type=22, host=com.blocktower.game.qa/com.godot.game.GodotAppLauncher, from=android.view.InsetsSourceConsumer.hide:257 android.view.InsetsController.collectSourceControls:1310 android.view.InsetsController.controlAnimationUnchecked:1164 android.view.InsetsController.applyAnimation:1576 android.view.InsetsController.applyAnimation:1557 android.view.InsetsController.hide:1093 android.view.InsetsController.hide:1068 android.view.PendingInsetsController$HideRequest.replay:241 android.view.PendingInsetsController.replayAndAttach:172 android.view.ViewRootImpl.setView:1689 
09-21 17:02:33.579 19669 19669 D InsetsSourceConsumer: setRequestedVisible: visible=false, type=21, host=com.blocktower.game.qa/com.godot.game.GodotAppLauncher, from=android.view.InsetsSourceConsumer.hide:257 android.view.InsetsController.collectSourceControls:1310 android.view.InsetsController.controlAnimationUnchecked:1164 android.view.InsetsController.applyAnimation:1576 android.view.InsetsController.applyAnimation:1557 android.view.InsetsController.hide:1093 android.view.InsetsController.hide:1068 android.view.PendingInsetsController$HideRequest.replay:241 android.view.PendingInsetsController.replayAndAttach:172 android.view.ViewRootImpl.setView:1689 
09-21 17:02:33.579 19669 19669 D InsetsSourceConsumer: setRequestedVisible: visible=false, type=20, host=com.blocktower.game.qa/com.godot.game.GodotAppLauncher, from=android.view.InsetsSourceConsumer.hide:257 android.view.InsetsController.collectSourceControls:1310 android.view.InsetsController.controlAnimationUnchecked:1164 android.view.InsetsController.applyAnimation:1576 android.view.InsetsController.applyAnimation:1557 android.view.InsetsController.hide:1093 android.view.InsetsController.hide:1068 android.view.PendingInsetsController$HideRequest.replay:241 android.view.PendingInsetsController.replayAndAttach:172 android.view.ViewRootImpl.setView:1689 
09-21 17:02:33.579 19669 19669 D InsetsSourceConsumer: setRequestedVisible: visible=false, type=2, host=com.blocktower.game.qa/com.godot.game.GodotAppLauncher, from=android.view.InsetsSourceConsumer.hide:257 android.view.InsetsController.collectSourceControls:1310 android.view.InsetsController.controlAnimationUnchecked:1164 android.view.InsetsController.applyAnimation:1576 android.view.InsetsController.applyAnimation:1557 android.view.InsetsController.hide:1093 android.view.InsetsController.hide:1068 android.view.PendingInsetsController$HideRequest.replay:241 android.view.PendingInsetsController.replayAndAttach:172 android.view.ViewRootImpl.setView:1689 
09-21 17:02:33.579 19669 19669 D InsetsSourceConsumer: setRequestedVisible: visible=false, type=1, host=com.blocktower.game.qa/com.godot.game.GodotAppLauncher, from=android.view.InsetsSourceConsumer.hide:257 android.view.InsetsController.collectSourceControls:1310 android.view.InsetsController.controlAnimationUnchecked:1164 android.view.InsetsController.applyAnimation:1576 android.view.InsetsController.applyAnimation:1557 android.view.InsetsController.hide:1093 android.view.InsetsController.hide:1068 android.view.PendingInsetsController$HideRequest.replay:241 android.view.PendingInsetsController.replayAndAttach:172 android.view.ViewRootImpl.setView:1689 
09-21 17:02:33.580 19669 19669 D InsetsSourceConsumer: setRequestedVisible: visible=false, type=0, host=com.blocktower.game.qa/com.godot.game.GodotAppLauncher, from=android.view.InsetsSourceConsumer.hide:257 android.view.InsetsController.collectSourceControls:1310 android.view.InsetsController.controlAnimationUnchecked:1164 android.view.InsetsController.applyAnimation:1576 android.view.InsetsController.applyAnimation:1557 android.view.InsetsController.hide:1093 android.view.InsetsController.hide:1068 android.view.PendingInsetsController$HideRequest.replay:241 android.view.PendingInsetsController.replayAndAttach:172 android.view.ViewRootImpl.setView:1689 
09-21 17:02:33.583 19669 19669 D InsetsController: onStateChanged: InsetsState: {mDisplayFrame=Rect(0, 0 - 1080, 2400), mDisplayCutout=DisplayCutout{insets=Rect(0, 92 - 0, 0) waterfall=Insets{left=0, top=0, right=0, bottom=0} boundingRect={Bounds=[Rect(0, 0 - 0, 0), Rect(503, 0 - 577, 92), Rect(0, 0 - 0, 0), Rect(0, 0 - 0, 0)]} cutoutPathParserInfo={CutoutPathParserInfo{displayWidth=1080 displayHeight=2400 physicalDisplayWidth=1080 physicalDisplayHeight=2400 density={2.8125} cutoutSpec={M 0,0 H -13.15555555555556 V 32.71111111111111 H 13.15555555555556 V 0 H 0 Z @dp} rotation={0} scale={1.0} physicalPixelDisplaySizeRatio={1.0}}}}, mRoundedCorners=RoundedCorners{[RoundedCorner{position=TopLeft, radius=25, center=Point(25, 25)}, RoundedCorner{position=TopRight, radius=25, center=Point(1055, 25)}, RoundedCorner{position=BottomRight, radius=25, center=Point(1055, 2375)}, RoundedCorner{position=BottomLeft, radius=25, center=Point(25, 2375)}]}  mRoundedCornerFrame=Rect(0, 0 - 1080, 2400), mPrivacyIndicatorBounds=PrivacyIndicatorBounds {static bounds=Rect(956, 0 - 1080, 92) rotation=0}, mSources= { InsetsSource: {mType=ITYPE_STATUS_BAR, mFrame=[0,0][1080,92], mVisible=true, mInsetsRoundedCornerFrame=false}, InsetsSource: {mType=ITYPE_NAVIGATION_BAR, mFrame=[0,2265][1080,2400], mVisible=true, mInsetsRoundedCornerFrame=false}, InsetsSource: {mType=ITYPE_LEFT_GESTURES, mFrame=[0,0][0,2400], mVisible=true, mInsetsRoundedCornerFrame=false}, InsetsSource: {mType=ITYPE_RIGHT_GESTURES, mFrame=[1080,0][1080,2400], mVisible=true, mInsetsRoundedCornerFrame=false}, InsetsSource: {mType=ITYPE_TOP_MANDATORY_GESTURES, mFrame=[0,0][1080,126], mVisible=true, mInsetsRoundedCornerFrame=false}, InsetsSource: {mType=ITYPE_BOTTOM_MANDATORY_GESTURES, mFrame=[0,2265][1080,2400], mVisible=true, mInsetsRoundedCornerFrame=false}, InsetsSource: {mType=ITYPE_LEFT_DISPLAY_CUTOUT, mFrame=[0,0][-100000,2400], mVisible=true, mInsetsRoundedCornerFrame=false}, InsetsSource: {mType=ITYPE_TOP_DISPLAY_CUTOUT, mFrame=[0,0][1080,92], mVisible=true, mInsetsRoundedCornerFrame=false}, InsetsSource: {mType=ITYPE_RIGHT_DISPLAY_CUTOUT, mFrame=[100000,0][1080,2400], mVisible=true, mInsetsRoundedCornerFrame=false}, InsetsSource: {mType=ITYPE_BOTTOM_DISPLAY_CUTOUT, mFrame=[0,100000][1080,2400], mVisible=true, mInsetsRoundedCornerFrame=false}, InsetsSource: {mType=ITYPE_TOP_TAPPABLE_ELEMENT, mFrame=[0,0][1080,92], mVisible=true, mInsetsRoundedCornerFrame=false}, InsetsSource: {mType=ITYPE_BOTTOM_TAPPABLE_ELEMENT, mFrame=[0,2265][1080,2400], mVisible=true, mInsetsRoundedCornerFrame=false}, InsetsSource: {mType=ITYPE_IME, mFrame=[0,0][0,0], mVisibleFrame=[0,1249][1080,2400], mVisible=false, mInsetsRoundedCornerFrame=false} } host=com.blocktower.game.qa/com.godot.game.GodotAppLauncher from=android.view.ViewRootImpl.setView:1732
09-21 17:02:33.584 19669 19669 I ViewRootImpl@6d90796[GodotAppLauncher]: setView = com.android.internal.policy.DecorView@eb40102 TM=true
09-21 17:02:33.585 19669 19669 I MSHandlerLifeCycle: removeMultiSplitHandler: no exist. decor=DecorView@eb40102[GodotAppLauncher]
09-21 17:02:33.586 19669 19669 I DecorView: notifyKeepScreenOnChanged: keepScreenOn=true
09-21 17:02:33.590 19669 19669 I SurfaceView@1f66074: onWindowVisibilityChanged(0) true org.godotengine.godot.GodotGLRenderView{1f66074 VFE...... .F....I. 0,0-0,0} of ViewRootImpl@6d90796[GodotAppLauncher]
09-21 17:02:33.590 19669 19669 D SurfaceView@1f66074: updateSurface: has no frame
09-21 17:02:33.594 19669 19669 I ViewRootImpl@6d90796[GodotAppLauncher]: performTraversals params={(0,0)(fillxfill) sim={adjust=resize forwardNavigation} layoutInDisplayCutoutMode=shortEdges ty=BASE_APPLICATION wanim=0x10302f4
09-21 17:02:33.594 19669 19669 I ViewRootImpl@6d90796[GodotAppLauncher]:   fl=81a10180
09-21 17:02:33.594 19669 19669 I ViewRootImpl@6d90796[GodotAppLauncher]:   pfl=1e020040
09-21 17:02:33.594 19669 19669 I ViewRootImpl@6d90796[GodotAppLauncher]:   bhv=SHOW_TRANSIENT_BARS_BY_SWIPE
09-21 17:02:33.594 19669 19669 I ViewRootImpl@6d90796[GodotAppLauncher]:   fitSides= naviIconColor=0}
09-21 17:02:33.596 19669 19669 I ViewRootImpl@6d90796[GodotAppLauncher]: performTraversals mFirst=true windowShouldResize=true viewVisibilityChanged=false mForceNextWindowRelayout=false params={(0,0)(fillxfill) sim={adjust=resize forwardNavigation} layoutInDisplayCutoutMode=shortEdges ty=BASE_APPLICATION fmt=TRANSLUCENT wanim=0x10302f4
09-21 17:02:33.596 19669 19669 I ViewRootImpl@6d90796[GodotAppLauncher]:   fl=81a10180
09-21 17:02:33.596 19669 19669 I ViewRootImpl@6d90796[GodotAppLauncher]:   pfl=1e020040
09-21 17:02:33.596 19669 19669 I ViewRootImpl@6d90796[GodotAppLauncher]:   bhv=SHOW_TRANSIENT_BARS_BY_SWIPE
09-21 17:02:33.596 19669 19669 I ViewRootImpl@6d90796[GodotAppLauncher]:   fitSides= naviIconColor=0}
09-21 17:02:33.601 19669 19669 I DecorView: onImmersiveModeChanged: isStatusBarHidden=true
09-21 17:02:33.601 19669 19669 I ViewRootImpl@6d90796[GodotAppLauncher]: updateBlastSurfaceIfNeeded mBlastBufferQueue=null isSameSurfaceControl=false
09-21 17:02:33.602 19669 19669 E BufferQueueProducer: Unable to open libpenguin.so: dlopen failed: library "libpenguin.so" not found.
09-21 17:02:33.602 19669 19669 I BLASTBufferQueue: new BLASTBufferQueue, mName= ViewRootImpl@6d90796[GodotAppLauncher] mNativeObject= 0xb400007c9456e490 sc.mNativeObject= 0xb400007c246003b0 caller= android.view.ViewRootImpl.updateBlastSurfaceIfNeeded:2909 android.view.ViewRootImpl.relayoutWindow:9847 android.view.ViewRootImpl.performTraversals:3884 android.view.ViewRootImpl.doTraversal:3116 android.view.ViewRootImpl$TraversalRunnable.run:10885 android.view.Choreographer$CallbackRecord.run:1301 android.view.Choreographer$CallbackRecord.run:1309 android.view.Choreographer.doCallbacks:923 android.view.Choreographer.doFrame:852 android.view.Choreographer$FrameDisplayEventReceiver.run:1283 
09-21 17:02:33.602 19669 19669 I BLASTBufferQueue: update, w= 1080 h= 2400 mName = ViewRootImpl@6d90796[GodotAppLauncher] mNativeObject= 0xb400007c9456e490 sc.mNativeObject= 0xb400007c246003b0 format= -3 caller= android.graphics.BLASTBufferQueue.<init>:84 android.view.ViewRootImpl.updateBlastSurfaceIfNeeded:2909 android.view.ViewRootImpl.relayoutWindow:9847 android.view.ViewRootImpl.performTraversals:3884 android.view.ViewRootImpl.doTraversal:3116 android.view.ViewRootImpl$TraversalRunnable.run:10885 
09-21 17:02:33.602 19669 19669 I ViewRootImpl@6d90796[GodotAppLauncher]: Relayout returned: old=(0,0,1080,2400) new=(0,0,1080,2400) req=(1080,2400)0 dur=5 res=0x3 s={true 0xb400007d24577d70} ch=true seqId=0
09-21 17:02:33.603 19669 19669 I ViewRootImpl@6d90796[GodotAppLauncher]: mThreadedRenderer.initialize() mSurface={isValid=true 0xb400007d24577d70} hwInitialized=true
09-21 17:02:33.605 19669 19669 D SurfaceView@1f66074: updateSurface: has no frame
09-21 17:02:33.606 19669 19669 I SurfaceView@1f66074: windowStopped(false) true org.godotengine.godot.GodotGLRenderView{1f66074 VFE...... .F....ID 0,0-1080,2400} of ViewRootImpl@6d90796[GodotAppLauncher]
09-21 17:02:33.606 19669 19669 D SurfaceView@1f66074: updateSurface: has no frame
09-21 17:02:33.607 19669 19669 I ViewRootImpl@6d90796[GodotAppLauncher]: reportNextDraw android.view.ViewRootImpl.performTraversals:4438 android.view.ViewRootImpl.doTraversal:3116 android.view.ViewRootImpl$TraversalRunnable.run:10885 android.view.Choreographer$CallbackRecord.run:1301 android.view.Choreographer$CallbackRecord.run:1309 
09-21 17:02:33.608 19669 19682 I ViewRootImpl@6d90796[GodotAppLauncher]: Resizing android.view.ViewRootImpl@d85587a: frame = [0,0][1080,2400] reportDraw = true forceLayout = false syncSeqId = 0
09-21 17:02:33.608 19669 19669 I SurfaceView@1f66074: Changes: creating=true format=true size=true visible=true alpha=false hint=false mUseAlpha=false visible=true left=true top=true
09-21 17:02:33.608 19669 19685 D OpenGLRenderer: eglCreateWindowSurface
09-21 17:02:33.610 19669 19669 I BLASTBufferQueue: update, w= 1080 h= 2400 mName = null mNativeObject= 0xb400007c9456d810 sc.mNativeObject= 0xb400007c246012d0 format= 4 caller= android.view.SurfaceView.createBlastSurfaceControls:1383 android.view.SurfaceView.updateSurface:1079 android.view.SurfaceView.lambda$new$0$android-view-SurfaceView:200 android.view.SurfaceView$$ExternalSyntheticLambda5.onPreDraw:2 android.view.ViewTreeObserver.dispatchOnPreDraw:1121 android.view.ViewRootImpl.performTraversals:4442 
09-21 17:02:33.610 19669 19669 I SurfaceView@1f66074: 32923764 Cur surface: Surface(name=null)/@0xd5f0191
09-21 17:02:33.610 19669 19669 I SurfaceView@1f66074: pST: sr = Rect(0, 0 - 1080, 2400) sw = 1080 sh = 2400
09-21 17:02:33.610 19669 19669 D SurfaceView@1f66074: performSurfaceTransaction RenderWorker position = [0, 0, 1080, 2400] surfaceSize = 1080x2400
09-21 17:02:33.611 19669 19669 I SurfaceView@1f66074: applyTransactionOnVriDraw: vri = ViewRootImpl@6d90796[GodotAppLauncher] fRS = false t = 0xb400007c54582cd0 android.view.SurfaceView.performSurfaceTransaction:959 android.view.SurfaceView.updateSurface:1105 android.view.SurfaceView.lambda$new$0$android-view-SurfaceView:200 
09-21 17:02:33.611 19669 19669 I ViewRootImpl@6d90796[GodotAppLauncher]: applyTransactionOnDraw: mRemoved = false isHardwareEnabled = true t = 0xb400007c54582cd0android.view.SurfaceView.applyTransactionOnVriDraw:2048 android.view.SurfaceView.performSurfaceTransaction:959 android.view.SurfaceView.updateSurface:1105 android.view.SurfaceView.lambda$new$0$android-view-SurfaceView:200 android.view.SurfaceView$$ExternalSyntheticLambda5.onPreDraw:2 
09-21 17:02:33.611 19669 19669 I SurfaceView@1f66074: updateSurface: mVisible = true mSurface.isValid() = true
09-21 17:02:33.611 19669 19669 I SurfaceView@1f66074: updateSurface: mSurfaceCreated = false surfaceChanged = true visibleChanged = true
09-21 17:02:33.611 19669 19669 I SurfaceView@1f66074: visibleChanged -- surfaceCreated
09-21 17:02:33.611 19669 19669 I SurfaceView@1f66074: surfaceCreated 1 #8 org.godotengine.godot.GodotGLRenderView{1f66074 VFE...... .F....ID 0,0-1080,2400}
09-21 17:02:33.611 19669 19669 I SurfaceView@1f66074: surfaceChanged -- format=4 w=1080 h=2400
09-21 17:02:33.611 19669 19669 I SurfaceView@1f66074: surfaceChanged (1080,2400) 1 #8 org.godotengine.godot.GodotGLRenderView{1f66074 VFE...... .F....ID 0,0-1080,2400}
09-21 17:02:33.611 19669 19669 I SurfaceView@1f66074: surfaceRedrawNeeded
09-21 17:02:33.611 19669 19696 W RegularContextFactory: creating OpenGL ES 3.0 context :
09-21 17:02:33.612 19669 19669 V SurfaceView@1f66074: Layout: x=0 y=0 w=1080 h=2400, frame=Rect(0, 0 - 1080, 2400)
09-21 17:02:33.612 19669 19669 I ViewRootImpl@6d90796[GodotAppLauncher]: Setup new sync id=0
09-21 17:02:33.612 19669 19669 I ViewRootImpl@6d90796[GodotAppLauncher]: Setting syncFrameCallback
09-21 17:02:33.612 19669 19669 I ViewRootImpl@6d90796[GodotAppLauncher]: registerCallbacksForSync syncBuffer=false
09-21 17:02:33.613 19669 19696 I godot   : Godot Engine v4.7.2.stable.official.ed1daf0bf - https://godotengine.org
09-21 17:02:33.614 19669 19701 I ViewRootImpl@6d90796[GodotAppLauncher]: mWNT: t=0xb400007c54582cd0 mBlastBufferQueue=0xb400007c9456e490 fn= 1 caller= android.view.ViewRootImpl.lambda$applyTransactionOnDraw$11$android-view-ViewRootImpl:12865 android.view.ViewRootImpl$$ExternalSyntheticLambda1.onFrameDraw:4 android.graphics.HardwareRenderer$FrameDrawingCallback.onFrameDraw:924 
09-21 17:02:33.614 19669 19701 I ViewRootImpl@6d90796[GodotAppLauncher]: Received frameDrawingCallback syncResult=0 frameNum=1.
09-21 17:02:33.614 19669 19701 I ViewRootImpl@6d90796[GodotAppLauncher]: Setting up sync and frameCommitCallback
09-21 17:02:33.614 19669 19702 D SurfaceView@1f66074: updateSurfacePosition RenderWorker, frameNr = 1, position = [0, 0, 1080, 2400] surfaceSize = 1080x2400
09-21 17:02:33.615 19669 19702 I SurfaceView@1f66074: uSP: rtp = Rect(0, 0 - 1080, 2400) rtsw = 1080 rtsh = 2400
09-21 17:02:33.615 19669 19702 I SurfaceView@1f66074: onSSPAndSRT: pl = 0 pt = 0 sx = 1.0 sy = 1.0
09-21 17:02:33.615 19669 19702 I SurfaceView@1f66074: aOrMT: ViewRootImpl@6d90796[GodotAppLauncher] t = android.view.SurfaceControl$Transaction@1e751c9 fN = 1 android.view.SurfaceView.-$$Nest$mapplyOrMergeTransaction:0 android.view.SurfaceView$SurfaceViewPositionUpdateListener.positionChanged:1537 android.graphics.RenderNode$CompositePositionUpdateListener.positionChanged:373 
09-21 17:02:33.615 19669 19702 I ViewRootImpl@6d90796[GodotAppLauncher]: mWNT: t=0xb400007c54584110 mBlastBufferQueue=0xb400007c9456e490 fn= 1 caller= android.view.SurfaceView.applyOrMergeTransaction:1455 android.view.SurfaceView.-$$Nest$mapplyOrMergeTransaction:0 android.view.SurfaceView$SurfaceViewPositionUpdateListener.positionChanged:1537 
09-21 17:02:33.619 19669 19685 I BLASTBufferQueue: [ViewRootImpl@6d90796[GodotAppLauncher]#0](f:0,a:0) onFrameAvailable the first frame is available
09-21 17:02:33.620 19669 19685 I ViewRootImpl@6d90796[GodotAppLauncher]: Received frameCommittedCallback lastAttemptedDrawFrameNum=1 didProduceBuffer=true
09-21 17:02:33.621 19669 19685 D OpenGLRenderer: CFMS:: SetUp Pid : 19669    Tid : 19685
09-21 17:02:33.622 19669 19685 W Parcel  : Expecting binder but got null!
09-21 17:02:33.624 19669 19669 D InsetsController: onStateChanged: InsetsState: {mDisplayFrame=Rect(0, 0 - 1080, 2400), mDisplayCutout=DisplayCutout{insets=Rect(0, 92 - 0, 0) waterfall=Insets{left=0, top=0, right=0, bottom=0} boundingRect={Bounds=[Rect(0, 0 - 0, 0), Rect(503, 0 - 577, 92), Rect(0, 0 - 0, 0), Rect(0, 0 - 0, 0)]} cutoutPathParserInfo={CutoutPathParserInfo{displayWidth=1080 displayHeight=2400 physicalDisplayWidth=1080 physicalDisplayHeight=2400 density={2.8125} cutoutSpec={M 0,0 H -13.15555555555556 V 32.71111111111111 H 13.15555555555556 V 0 H 0 Z @dp} rotation={0} scale={1.0} physicalPixelDisplaySizeRatio={1.0}}}}, mRoundedCorners=RoundedCorners{[RoundedCorner{position=TopLeft, radius=25, center=Point(25, 25)}, RoundedCorner{position=TopRight, radius=25, center=Point(1055, 25)}, RoundedCorner{position=BottomRight, radius=25, center=Point(1055, 2375)}, RoundedCorner{position=BottomLeft, radius=25, center=Point(25, 2375)}]}  mRoundedCornerFrame=Rect(0, 0 - 1080, 2400), mPrivacyIndicatorBounds=PrivacyIndicatorBounds {static bounds=Rect(956, 0 - 1080, 92) rotation=0}, mSources= { InsetsSource: {mType=ITYPE_STATUS_BAR, mFrame=[0,0][1080,92], mVisible=true, mInsetsRoundedCornerFrame=false}, InsetsSource: {mType=ITYPE_NAVIGATION_BAR, mFrame=[0,2265][1080,2400], mVisible=true, mInsetsRoundedCornerFrame=false}, InsetsSource: {mType=ITYPE_LEFT_GESTURES, mFrame=[0,0][0,2400], mVisible=true, mInsetsRoundedCornerFrame=false}, InsetsSource: {mType=ITYPE_RIGHT_GESTURES, mFrame=[1080,0][1080,2400], mVisible=true, mInsetsRoundedCornerFrame=false}, InsetsSource: {mType=ITYPE_TOP_MANDATORY_GESTURES, mFrame=[0,0][1080,126], mVisible=true, mInsetsRoundedCornerFrame=false}, InsetsSource: {mType=ITYPE_BOTTOM_MANDATORY_GESTURES, mFrame=[0,2265][1080,2400], mVisible=true, mInsetsRoundedCornerFrame=false}, InsetsSource: {mType=ITYPE_LEFT_DISPLAY_CUTOUT, mFrame=[0,0][-100000,2400], mVisible=true, mInsetsRoundedCornerFrame=false}, InsetsSource: {mType=ITYPE_TOP_DISPLAY_CUTOUT, mFrame=[0,0][1080,92], mVisible=true, mInsetsRoundedCornerFrame=false}, InsetsSource: {mType=ITYPE_RIGHT_DISPLAY_CUTOUT, mFrame=[100000,0][1080,2400], mVisible=true, mInsetsRoundedCornerFrame=false}, InsetsSource: {mType=ITYPE_BOTTOM_DISPLAY_CUTOUT, mFrame=[0,100000][1080,2400], mVisible=true, mInsetsRoundedCornerFrame=false}, InsetsSource: {mType=ITYPE_TOP_TAPPABLE_ELEMENT, mFrame=[0,0][1080,92], mVisible=true, mInsetsRoundedCornerFrame=false}, InsetsSource: {mType=ITYPE_BOTTOM_TAPPABLE_ELEMENT, mFrame=[0,2265][1080,2400], mVisible=true, mInsetsRoundedCornerFrame=false}, InsetsSource: {mType=ITYPE_IME, mFrame=[0,0][0,0], mVisibleFrame=[0,1249][1080,2400], mVisible=false, mInsetsRoundedCornerFrame=false} } host=com.blocktower.game.qa/com.godot.game.GodotAppLauncher from=android.view.ViewRootImpl$ViewRootHandler.handleMessageImpl:6740
09-21 17:02:33.625 19669 19669 D InsetsController: controlAnimationUnchecked: Added types=3 animType=1 host=com.blocktower.game.qa/com.godot.game.GodotAppLauncher from=android.view.InsetsController.applyAnimation:1576 android.view.InsetsController.applyAnimation:1557 android.view.InsetsController.onControlsChanged:995 
09-21 17:02:33.626 19669 19669 D InsetsController: onStateChanged: InsetsState: {mDisplayFrame=Rect(0, 0 - 1080, 2400), mDisplayCutout=DisplayCutout{insets=Rect(0, 92 - 0, 0) waterfall=Insets{left=0, top=0, right=0, bottom=0} boundingRect={Bounds=[Rect(0, 0 - 0, 0), Rect(503, 0 - 577, 92), Rect(0, 0 - 0, 0), Rect(0, 0 - 0, 0)]} cutoutPathParserInfo={CutoutPathParserInfo{displayWidth=1080 displayHeight=2400 physicalDisplayWidth=1080 physicalDisplayHeight=2400 density={2.8125} cutoutSpec={M 0,0 H -13.15555555555556 V 32.71111111111111 H 13.15555555555556 V 0 H 0 Z @dp} rotation={0} scale={1.0} physicalPixelDisplaySizeRatio={1.0}}}}, mRoundedCorners=RoundedCorners{[RoundedCorner{position=TopLeft, radius=25, center=Point(25, 25)}, RoundedCorner{position=TopRight, radius=25, center=Point(1055, 25)}, RoundedCorner{position=BottomRight, radius=25, center=Point(1055, 2375)}, RoundedCorner{position=BottomLeft, radius=25, center=Point(25, 2375)}]}  mRoundedCornerFrame=Rect(0, 0 - 1080, 2400), mPrivacyIndicatorBounds=PrivacyIndicatorBounds {static bounds=Rect(956, 0 - 1080, 92) rotation=0}, mSources= { InsetsSource: {mType=ITYPE_STATUS_BAR, mFrame=[0,0][1080,92], mVisible=false, mInsetsRoundedCornerFrame=false}, InsetsSource: {mType=ITYPE_NAVIGATION_BAR, mFrame=[0,2265][1080,2400], mVisible=false, mInsetsRoundedCornerFrame=false}, InsetsSource: {mType=ITYPE_LEFT_GESTURES, mFrame=[0,0][0,2400], mVisible=true, mInsetsRoundedCornerFrame=false}, InsetsSource: {mType=ITYPE_RIGHT_GESTURES, mFrame=[1080,0][1080,2400], mVisible=true, mInsetsRoundedCornerFrame=false}, InsetsSource: {mType=ITYPE_TOP_MANDATORY_GESTURES, mFrame=[0,0][1080,126], mVisible=true, mInsetsRoundedCornerFrame=false}, InsetsSource: {mType=ITYPE_BOTTOM_MANDATORY_GESTURES, mFrame=[0,2265][1080,2400], mVisible=true, mInsetsRoundedCornerFrame=false}, InsetsSource: {mType=ITYPE_LEFT_DISPLAY_CUTOUT, mFrame=[0,0][-100000,2400], mVisible=true, mInsetsRoundedCornerFrame=false}, InsetsSource: {mType=ITYPE_TOP_DISPLAY_CUTOUT, mFrame=[0,0][1080,92], mVisible=true, mInsetsRoundedCornerFrame=false}, InsetsSource: {mType=ITYPE_RIGHT_DISPLAY_CUTOUT, mFrame=[100000,0][1080,2400], mVisible=true, mInsetsRoundedCornerFrame=false}, InsetsSource: {mType=ITYPE_BOTTOM_DISPLAY_CUTOUT, mFrame=[0,100000][1080,2400], mVisible=true, mInsetsRoundedCornerFrame=false}, InsetsSource: {mType=ITYPE_TOP_TAPPABLE_ELEMENT, mFrame=[0,0][1080,92], mVisible=true, mInsetsRoundedCornerFrame=false}, InsetsSource: {mType=ITYPE_BOTTOM_TAPPABLE_ELEMENT, mFrame=[0,2265][1080,2400], mVisible=true, mInsetsRoundedCornerFrame=false}, InsetsSource: {mType=ITYPE_IME, mFrame=[0,0][0,0], mVisibleFrame=[0,1249][1080,2400], mVisible=false, mInsetsRoundedCornerFrame=false} } host=com.blocktower.game.qa/com.godot.game.GodotAppLauncher from=android.view.ViewRootImpl$ViewRootHandler.handleMessageImpl:6727
09-21 17:02:33.626 19669 19669 I ViewRootImpl@6d90796[GodotAppLauncher]: handleResized, msg = 5 frames=ClientWindowFrames{frame=[0,0][1080,2400] display=[0,0][1080,2400] parentFrame=[0,0][0,0] parentClippedByDisplayCutout=false} forceNextWindowRelayout=false displayId=0 resizeMode=-1 frameChanged=false displayFrameChanged=false configChanged=false displayChanged=false
09-21 17:02:33.626 19669 19669 I ViewRootImpl@6d90796[GodotAppLauncher]: handleResized mSyncSeqId = 0
09-21 17:02:33.626 19669 19669 I ViewRootImpl@6d90796[GodotAppLauncher]: reportNextDraw android.view.ViewRootImpl.handleResized:2450 android.view.ViewRootImpl.-$$Nest$mhandleResized:0 android.view.ViewRootImpl$ViewRootHandler.handleMessageImpl:6728 android.view.ViewRootImpl$ViewRootHandler.handleMessage:6697 android.os.Handler.dispatchMessage:106 
09-21 17:02:33.639 19669 19669 I ViewRootImpl@6d90796[GodotAppLauncher]: Setup new sync id=1
09-21 17:02:33.639 19669 19669 I ViewRootImpl@6d90796[GodotAppLauncher]: Setting syncFrameCallback
09-21 17:02:33.639 19669 19669 I ViewRootImpl@6d90796[GodotAppLauncher]: registerCallbacksForSync syncBuffer=false
09-21 17:02:33.640 19669 19701 I ViewRootImpl@6d90796[GodotAppLauncher]: mWNT: t=0xb400007c54583030 mBlastBufferQueue=0xb400007c9456e490 fn= 2 caller= android.view.SyncRtSurfaceTransactionApplier.applyTransaction:96 android.view.SyncRtSurfaceTransactionApplier.lambda$scheduleApply$0$android-view-SyncRtSurfaceTransactionApplier:69 android.view.SyncRtSurfaceTransactionApplier$$ExternalSyntheticLambda0.onFrameDraw:4 
09-21 17:02:33.640 19669 19701 I ViewRootImpl@6d90796[GodotAppLauncher]: Received frameDrawingCallback syncResult=0 frameNum=2.
09-21 17:02:33.640 19669 19701 I ViewRootImpl@6d90796[GodotAppLauncher]: Setting up sync and frameCommitCallback
09-21 17:02:33.642 19669 19685 I ViewRootImpl@6d90796[GodotAppLauncher]: Received frameCommittedCallback lastAttemptedDrawFrameNum=2 didProduceBuffer=true
09-21 17:02:33.656 19669 19702 I ViewRootImpl@6d90796[GodotAppLauncher]: mWNT: t=0xb400007c54583ff0 mBlastBufferQueue=0xb400007c9456e490 fn= 3 caller= android.view.SyncRtSurfaceTransactionApplier.applyTransaction:96 android.view.SyncRtSurfaceTransactionApplier.lambda$scheduleApply$0$android-view-SyncRtSurfaceTransactionApplier:69 android.view.SyncRtSurfaceTransactionApplier$$ExternalSyntheticLambda0.onFrameDraw:4 
09-21 17:02:33.671 19669 19701 I ViewRootImpl@6d90796[GodotAppLauncher]: mWNT: t=0xb400007c545a3010 mBlastBufferQueue=0xb400007c9456e490 fn= 4 caller= android.view.SyncRtSurfaceTransactionApplier.applyTransaction:96 android.view.SyncRtSurfaceTransactionApplier.lambda$scheduleApply$0$android-view-SyncRtSurfaceTransactionApplier:69 android.view.SyncRtSurfaceTransactionApplier$$ExternalSyntheticLambda0.onFrameDraw:4 
09-21 17:02:33.680 19669 19696 I godot   : OpenGL API OpenGL ES 3.2 V@0502.11.5 (GIT@db7e7066a2, I1fad33e957, 1746950372) (Date:05/11/25) - Compatibility - Using Device: Qualcomm - Adreno (TM) 650
09-21 17:02:33.682 19669 19696 D cktower.game.qa: PlayerBase::PlayerBase()
09-21 17:02:33.682 19669 19696 D cktower.game.qa: TrackPlayerBase::TrackPlayerBase()
09-21 17:02:33.682 19669 19696 I libOpenSLES: Emulating old channel mask behavior (ignoring positional mask 0x3, using default mask 0x3 based on channel count of 2)
09-21 17:02:33.688 19669 19702 I ViewRootImpl@6d90796[GodotAppLauncher]: mWNT: t=0xb400007c545a3490 mBlastBufferQueue=0xb400007c9456e490 fn= 5 caller= android.view.SyncRtSurfaceTransactionApplier.applyTransaction:96 android.view.SyncRtSurfaceTransactionApplier.lambda$scheduleApply$0$android-view-SyncRtSurfaceTransactionApplier:69 android.view.SyncRtSurfaceTransactionApplier$$ExternalSyntheticLambda0.onFrameDraw:4 
09-21 17:02:33.690 19669 19696 I AudioTrack: Need throttle time for OpenSLES player
09-21 17:02:33.695 19669 19696 I godot   : 
09-21 17:02:33.706 19669 19701 I ViewRootImpl@6d90796[GodotAppLauncher]: mWNT: t=0xb400007c545a0f70 mBlastBufferQueue=0xb400007c9456e490 fn= 6 caller= android.view.SyncRtSurfaceTransactionApplier.applyTransaction:96 android.view.SyncRtSurfaceTransactionApplier.lambda$scheduleApply$0$android-view-SyncRtSurfaceTransactionApplier:69 android.view.SyncRtSurfaceTransactionApplier$$ExternalSyntheticLambda0.onFrameDraw:4 
09-21 17:02:33.722 19669 19702 I ViewRootImpl@6d90796[GodotAppLauncher]: mWNT: t=0xb400007c545a1e10 mBlastBufferQueue=0xb400007c9456e490 fn= 7 caller= android.view.SyncRtSurfaceTransactionApplier.applyTransaction:96 android.view.SyncRtSurfaceTransactionApplier.lambda$scheduleApply$0$android-view-SyncRtSurfaceTransactionApplier:69 android.view.SyncRtSurfaceTransactionApplier$$ExternalSyntheticLambda0.onFrameDraw:4 
09-21 17:02:33.739 19669 19701 I ViewRootImpl@6d90796[GodotAppLauncher]: mWNT: t=0xb400007c545a2710 mBlastBufferQueue=0xb400007c9456e490 fn= 8 caller= android.view.SyncRtSurfaceTransactionApplier.applyTransaction:96 android.view.SyncRtSurfaceTransactionApplier.lambda$scheduleApply$0$android-view-SyncRtSurfaceTransactionApplier:69 android.view.SyncRtSurfaceTransactionApplier$$ExternalSyntheticLambda0.onFrameDraw:4 
09-21 17:02:33.755 19669 19702 I ViewRootImpl@6d90796[GodotAppLauncher]: mWNT: t=0xb400007c545a4330 mBlastBufferQueue=0xb400007c9456e490 fn= 9 caller= android.view.SyncRtSurfaceTransactionApplier.applyTransaction:96 android.view.SyncRtSurfaceTransactionApplier.lambda$scheduleApply$0$android-view-SyncRtSurfaceTransactionApplier:69 android.view.SyncRtSurfaceTransactionApplier$$ExternalSyntheticLambda0.onFrameDraw:4 
09-21 17:02:33.772 19669 19701 I ViewRootImpl@6d90796[GodotAppLauncher]: mWNT: t=0xb400007c545a13f0 mBlastBufferQueue=0xb400007c9456e490 fn= 10 caller= android.view.SyncRtSurfaceTransactionApplier.applyTransaction:96 android.view.SyncRtSurfaceTransactionApplier.lambda$scheduleApply$0$android-view-SyncRtSurfaceTransactionApplier:69 android.view.SyncRtSurfaceTransactionApplier$$ExternalSyntheticLambda0.onFrameDraw:4 
09-21 17:02:33.790 19669 19702 I ViewRootImpl@6d90796[GodotAppLauncher]: mWNT: t=0xb400007c545a1630 mBlastBufferQueue=0xb400007c9456e490 fn= 11 caller= android.view.SyncRtSurfaceTransactionApplier.applyTransaction:96 android.view.SyncRtSurfaceTransactionApplier.lambda$scheduleApply$0$android-view-SyncRtSurfaceTransactionApplier:69 android.view.SyncRtSurfaceTransactionApplier$$ExternalSyntheticLambda0.onFrameDraw:4 
09-21 17:02:33.806 19669 19701 I ViewRootImpl@6d90796[GodotAppLauncher]: mWNT: t=0xb400007c545a1bd0 mBlastBufferQueue=0xb400007c9456e490 fn= 12 caller= android.view.SyncRtSurfaceTransactionApplier.applyTransaction:96 android.view.SyncRtSurfaceTransactionApplier.lambda$scheduleApply$0$android-view-SyncRtSurfaceTransactionApplier:69 android.view.SyncRtSurfaceTransactionApplier$$ExternalSyntheticLambda0.onFrameDraw:4 
09-21 17:02:33.807 19669 19696 I BLASTBufferQueue: [SurfaceView[com.blocktower.game.qa/com.godot.game.GodotAppLauncher]@0#1](f:0,a:0) onFrameAvailable the first frame is available
09-21 17:02:33.814 19669 19669 I SurfaceView@1f66074: finishedDrawing
09-21 17:02:33.814 19669 19696 I ViewRootImpl@6d90796[GodotAppLauncher]: onSyncComplete
09-21 17:02:33.814 19669 19696 I ViewRootImpl@6d90796[GodotAppLauncher]: setupSync seqId=0 mSyncId=-1 fn=2 caller=android.view.ViewRootImpl$$ExternalSyntheticLambda11.accept:6 android.window.SurfaceSyncer.lambda$setupSync$1$android-window-SurfaceSyncer:128 android.window.SurfaceSyncer$$ExternalSyntheticLambda1.accept:8 android.window.SurfaceSyncer$SyncSet.checkIfSyncIsComplete:382 android.window.SurfaceSyncer$SyncSet.lambda$merge$1$android-window-SurfaceSyncer$SyncSet:435 android.window.SurfaceSyncer$SyncSet$$ExternalSyntheticLambda0.accept:6 android.window.SurfaceSyncer$SyncSet.lambda$updateCallback$0:407 
09-21 17:02:33.814 19669 19696 I ViewRootImpl@6d90796[GodotAppLauncher]: onSyncComplete
09-21 17:02:33.814 19669 19669 I ViewRootImpl@6d90796[GodotAppLauncher]: reportDrawFinished seqId=0 mSyncId=-1 fn=2 mSurfaceChangedTransaction=0xb400007c54581d10
09-21 17:02:33.814 19669 19696 I ViewRootImpl@6d90796[GodotAppLauncher]: setupSync seqId=0 mSyncId=-1 fn=2 caller=android.view.ViewRootImpl$$ExternalSyntheticLambda11.accept:6 android.window.SurfaceSyncer.lambda$setupSync$1$android-window-SurfaceSyncer:128 android.window.SurfaceSyncer$$ExternalSyntheticLambda1.accept:8 android.window.SurfaceSyncer$SyncSet.checkIfSyncIsComplete:382 android.window.SurfaceSyncer$SyncSet.lambda$merge$1$android-window-SurfaceSyncer$SyncSet:435 android.window.SurfaceSyncer$SyncSet$$ExternalSyntheticLambda0.accept:6 android.window.SurfaceSyncer$SyncSet.lambda$updateCallback$0:407 
09-21 17:02:33.815 19669 19669 I ViewRootImpl@6d90796[GodotAppLauncher]: reportDrawFinished seqId=0 mSyncId=-1 fn=2 mSurfaceChangedTransaction=0xb400007c54581d10
09-21 17:02:33.823 19669 19702 I ViewRootImpl@6d90796[GodotAppLauncher]: mWNT: t=0xb400007c545a2dd0 mBlastBufferQueue=0xb400007c9456e490 fn= 13 caller= android.view.SyncRtSurfaceTransactionApplier.applyTransaction:96 android.view.SyncRtSurfaceTransactionApplier.lambda$scheduleApply$0$android-view-SyncRtSurfaceTransactionApplier:69 android.view.SyncRtSurfaceTransactionApplier$$ExternalSyntheticLambda0.onFrameDraw:4 
09-21 17:02:33.823 19669 19669 I ViewRootImpl@6d90796[GodotAppLauncher]: MSG_WINDOW_FOCUS_CHANGED 1 0
09-21 17:02:33.824 19669 19669 I ViewRootImpl@6d90796[GodotAppLauncher]: mThreadedRenderer.initializeIfNeeded()#2 mSurface={isValid=true 0xb400007d24577d70}
09-21 17:02:33.824 19669 19669 D InputMethodManager: startInputInner - Id : 0
09-21 17:02:33.824 19669 19669 I InputMethodManager: startInputInner - mService.startInputOrWindowGainedFocus
09-21 17:02:33.829 19669 19669 D InputMethodManager: startInputInner - Id : 0
09-21 17:02:33.839 19669 19701 I ViewRootImpl@6d90796[GodotAppLauncher]: mWNT: t=0xb400007c545a23b0 mBlastBufferQueue=0xb400007c9456e490 fn= 14 caller= android.view.SyncRtSurfaceTransactionApplier.applyTransaction:96 android.view.SyncRtSurfaceTransactionApplier.lambda$scheduleApply$0$android-view-SyncRtSurfaceTransactionApplier:69 android.view.SyncRtSurfaceTransactionApplier$$ExternalSyntheticLambda0.onFrameDraw:4 
09-21 17:02:33.856 19669 19702 I ViewRootImpl@6d90796[GodotAppLauncher]: mWNT: t=0xb400007c545ee3d0 mBlastBufferQueue=0xb400007c9456e490 fn= 15 caller= android.view.SyncRtSurfaceTransactionApplier.applyTransaction:96 android.view.SyncRtSurfaceTransactionApplier.lambda$scheduleApply$0$android-view-SyncRtSurfaceTransactionApplier:69 android.view.SyncRtSurfaceTransactionApplier$$ExternalSyntheticLambda0.onFrameDraw:4 
09-21 17:02:33.873 19669 19701 I ViewRootImpl@6d90796[GodotAppLauncher]: mWNT: t=0xb400007c545ec7b0 mBlastBufferQueue=0xb400007c9456e490 fn= 16 caller= android.view.SyncRtSurfaceTransactionApplier.applyTransaction:96 android.view.SyncRtSurfaceTransactionApplier.lambda$scheduleApply$0$android-view-SyncRtSurfaceTransactionApplier:69 android.view.SyncRtSurfaceTransactionApplier$$ExternalSyntheticLambda0.onFrameDraw:4 
09-21 17:02:33.889 19669 19702 I ViewRootImpl@6d90796[GodotAppLauncher]: mWNT: t=0xb400007c545ee610 mBlastBufferQueue=0xb400007c9456e490 fn= 17 caller= android.view.SyncRtSurfaceTransactionApplier.applyTransaction:96 android.view.SyncRtSurfaceTransactionApplier.lambda$scheduleApply$0$android-view-SyncRtSurfaceTransactionApplier:69 android.view.SyncRtSurfaceTransactionApplier$$ExternalSyntheticLambda0.onFrameDraw:4 
09-21 17:02:33.905 19669 19701 I ViewRootImpl@6d90796[GodotAppLauncher]: mWNT: t=0xb400007c545ee070 mBlastBufferQueue=0xb400007c9456e490 fn= 18 caller= android.view.SyncRtSurfaceTransactionApplier.applyTransaction:96 android.view.SyncRtSurfaceTransactionApplier.lambda$scheduleApply$0$android-view-SyncRtSurfaceTransactionApplier:69 android.view.SyncRtSurfaceTransactionApplier$$ExternalSyntheticLambda0.onFrameDraw:4 
09-21 17:02:33.923 19669 19702 I ViewRootImpl@6d90796[GodotAppLauncher]: mWNT: t=0xb400007c545eebb0 mBlastBufferQueue=0xb400007c9456e490 fn= 19 caller= android.view.SyncRtSurfaceTransactionApplier.applyTransaction:96 android.view.SyncRtSurfaceTransactionApplier.lambda$scheduleApply$0$android-view-SyncRtSurfaceTransactionApplier:69 android.view.SyncRtSurfaceTransactionApplier$$ExternalSyntheticLambda0.onFrameDraw:4 
09-21 17:02:33.939 19669 19701 I ViewRootImpl@6d90796[GodotAppLauncher]: mWNT: t=0xb400007c545ebeb0 mBlastBufferQueue=0xb400007c9456e490 fn= 20 caller= android.view.SyncRtSurfaceTransactionApplier.applyTransaction:96 android.view.SyncRtSurfaceTransactionApplier.lambda$scheduleApply$0$android-view-SyncRtSurfaceTransactionApplier:69 android.view.SyncRtSurfaceTransactionApplier$$ExternalSyntheticLambda0.onFrameDraw:4 
09-21 17:02:33.955 19669 19702 I ViewRootImpl@6d90796[GodotAppLauncher]: mWNT: t=0xb400007c545ed530 mBlastBufferQueue=0xb400007c9456e490 fn= 21 caller= android.view.SyncRtSurfaceTransactionApplier.applyTransaction:96 android.view.SyncRtSurfaceTransactionApplier.lambda$scheduleApply$0$android-view-SyncRtSurfaceTransactionApplier:69 android.view.SyncRtSurfaceTransactionApplier$$ExternalSyntheticLambda0.onFrameDraw:4 
09-21 17:02:33.972 19669 19701 I ViewRootImpl@6d90796[GodotAppLauncher]: mWNT: t=0xb400007c545ec9f0 mBlastBufferQueue=0xb400007c9456e490 fn= 22 caller= android.view.SyncRtSurfaceTransactionApplier.applyTransaction:96 android.view.SyncRtSurfaceTransactionApplier.lambda$scheduleApply$0$android-view-SyncRtSurfaceTransactionApplier:69 android.view.SyncRtSurfaceTransactionApplier$$ExternalSyntheticLambda0.onFrameDraw:4 
09-21 17:02:33.989 19669 19702 I ViewRootImpl@6d90796[GodotAppLauncher]: mWNT: t=0xb400007c545eba30 mBlastBufferQueue=0xb400007c9456e490 fn= 23 caller= android.view.SyncRtSurfaceTransactionApplier.applyTransaction:96 android.view.SyncRtSurfaceTransactionApplier.lambda$scheduleApply$0$android-view-SyncRtSurfaceTransactionApplier:69 android.view.SyncRtSurfaceTransactionApplier$$ExternalSyntheticLambda0.onFrameDraw:4 
09-21 17:02:34.005 19669 19669 D InsetsController: cancelAnimation of types: 3, animType: 1, host: com.blocktower.game.qa/com.godot.game.GodotAppLauncher, from:android.view.InsetsController.notifyFinished:1375 android.view.InsetsAnimationControlImpl.applyChangeInsets:285 android.view.InsetsController.lambda$new$3$android-view-InsetsController:674 
09-21 17:02:34.006 19669 19701 I ViewRootImpl@6d90796[GodotAppLauncher]: mWNT: t=0xb400007c545ed1d0 mBlastBufferQueue=0xb400007c9456e490 fn= 24 caller= android.view.SyncRtSurfaceTransactionApplier.applyTransaction:96 android.view.SyncRtSurfaceTransactionApplier.lambda$scheduleApply$0$android-view-SyncRtSurfaceTransactionApplier:69 android.view.SyncRtSurfaceTransactionApplier$$ExternalSyntheticLambda0.onFrameDraw:4 
09-21 17:02:34.072 19669 19674 I cktower.game.qa: Compiler allocated 6245KB to compile void android.view.ViewRootImpl.performTraversals()
09-21 17:02:34.481 19669 19696 V Godot   : OnGodotSetupCompleted
09-21 17:02:34.996 19669 19696 V Godot   : OnGodotMainLoopStarted
09-21 17:02:35.198 19669 19669 I ViewRootImpl@6d90796[GodotAppLauncher]: ViewPostIme pointer 0
09-21 17:02:35.199 19669 19669 I GestureDetector: obtain mCurrentDownEvent. id: -354535123 caller: android.view.ScaleGestureDetector.onTouchEvent:275 org.godotengine.godot.input.GodotInputHandler.onTouchEvent:262 org.godotengine.godot.GodotGLRenderView.onTouchEvent:146 
09-21 17:02:35.200 19669 19669 I GestureDetector: obtain mCurrentDownEvent. id: -354535123 caller: org.godotengine.godot.input.GodotInputHandler.onTouchEvent:263 org.godotengine.godot.GodotGLRenderView.onTouchEvent:146 android.view.View.dispatchTouchEvent:15544 
09-21 17:02:35.203 19669 19669 I ViewRootImpl@6d90796[GodotAppLauncher]: ViewPostIme pointer 1
09-21 17:02:35.203 19669 19669 I GestureDetector: obtain mCurrentMotionEventRaw. action: 1 id: -190374067
09-21 17:02:35.204 19669 19669 I GestureDetector: obtain mCurrentMotionEventRaw. action: 1 id: -190374067
09-21 17:02:35.500 19669 19669 I GestureDetector: handleMessage TAP
09-21 17:02:35.500 19669 19669 I GestureDetector: handleMessage TAP
09-21 17:02:36.097 19669 19669 I ViewRootImpl@6d90796[GodotAppLauncher]: ViewPostIme pointer 0
09-21 17:02:36.097 19669 19669 I GestureDetector: obtain mCurrentDownEvent. id: -345222656 caller: android.view.ScaleGestureDetector.onTouchEvent:275 org.godotengine.godot.input.GodotInputHandler.onTouchEvent:262 org.godotengine.godot.GodotGLRenderView.onTouchEvent:146 
09-21 17:02:36.098 19669 19669 I GestureDetector: obtain mCurrentDownEvent. id: -345222656 caller: org.godotengine.godot.input.GodotInputHandler.onTouchEvent:263 org.godotengine.godot.GodotGLRenderView.onTouchEvent:146 android.view.View.dispatchTouchEvent:15544 
09-21 17:02:36.099 19669 19669 I ViewRootImpl@6d90796[GodotAppLauncher]: ViewPostIme pointer 1
09-21 17:02:36.099 19669 19669 I GestureDetector: obtain mCurrentMotionEventRaw. action: 1 id: -553350248
09-21 17:02:36.099 19669 19669 I GestureDetector: obtain mCurrentMotionEventRaw. action: 1 id: -553350248
09-21 17:02:36.398 19669 19669 I GestureDetector: handleMessage TAP
09-21 17:02:36.398 19669 19669 I GestureDetector: handleMessage TAP
09-21 17:02:36.579 19669 19669 I ViewRootImpl@6d90796[GodotAppLauncher]: ViewPostIme key 0
09-21 17:02:36.582 19669 19669 I ViewRootImpl@6d90796[GodotAppLauncher]: ViewPostIme key 1
09-21 17:02:36.714 19669 19669 I ViewRootImpl@6d90796[GodotAppLauncher]: ViewPostIme pointer 0
09-21 17:02:36.714 19669 19669 I GestureDetector: obtain mCurrentDownEvent. id: -3767633 caller: android.view.ScaleGestureDetector.onTouchEvent:275 org.godotengine.godot.input.GodotInputHandler.onTouchEvent:262 org.godotengine.godot.GodotGLRenderView.onTouchEvent:146 
09-21 17:02:36.715 19669 19669 I GestureDetector: obtain mCurrentDownEvent. id: -3767633 caller: org.godotengine.godot.input.GodotInputHandler.onTouchEvent:263 org.godotengine.godot.GodotGLRenderView.onTouchEvent:146 android.view.View.dispatchTouchEvent:15544 
09-21 17:02:36.716 19669 19669 I ViewRootImpl@6d90796[GodotAppLauncher]: ViewPostIme pointer 1
09-21 17:02:36.716 19669 19669 I GestureDetector: obtain mCurrentMotionEventRaw. action: 1 id: -397876657
09-21 17:02:36.717 19669 19669 I GestureDetector: obtain mCurrentMotionEventRaw. action: 1 id: -397876657
09-21 17:02:37.014 19669 19669 I GestureDetector: handleMessage TAP
09-21 17:02:37.014 19669 19669 I GestureDetector: handleMessage TAP
09-21 17:02:37.049 19669 19669 I ViewRootImpl@6d90796[GodotAppLauncher]: ViewPostIme pointer 0
09-21 17:02:37.050 19669 19669 I GestureDetector: obtain mCurrentDownEvent. id: -507876778 caller: android.view.ScaleGestureDetector.onTouchEvent:275 org.godotengine.godot.input.GodotInputHandler.onTouchEvent:262 org.godotengine.godot.GodotGLRenderView.onTouchEvent:146 
09-21 17:02:37.050 19669 19669 I GestureDetector: obtain mCurrentDownEvent. id: -507876778 caller: org.godotengine.godot.input.GodotInputHandler.onTouchEvent:263 org.godotengine.godot.GodotGLRenderView.onTouchEvent:146 android.view.View.dispatchTouchEvent:15544 
09-21 17:02:37.052 19669 19669 I ViewRootImpl@6d90796[GodotAppLauncher]: ViewPostIme pointer 1
09-21 17:02:37.053 19669 19669 I GestureDetector: obtain mCurrentMotionEventRaw. action: 1 id: -28062988
09-21 17:02:37.053 19669 19669 I GestureDetector: obtain mCurrentMotionEventRaw. action: 1 id: -28062988
09-21 17:02:37.196 19669 19669 I ViewRootImpl@6d90796[GodotAppLauncher]: ViewPostIme key 0
09-21 17:02:37.199 19669 19669 I ViewRootImpl@6d90796[GodotAppLauncher]: ViewPostIme key 1
09-21 17:02:37.350 19669 19669 I GestureDetector: handleMessage TAP
09-21 17:02:37.350 19669 19669 I GestureDetector: handleMessage TAP
